--------- beginning of crash
06-22 15:36:15.092 F/libc    ( 3388): Fatal signal 6 (SIGABRT), code -1 (SI_QUEUE) in tid 3388 (init), pid 3388 (init)
06-22 15:36:15.146 F/libc    ( 3388): crash_dump helper failed to exec
06-23 20:45:54.748 F/libc    (  579): crash_dump helper failed to exec
06-24 18:09:37.075 E/AndroidRuntime(27442): FATAL EXCEPTION: main
06-24 18:09:37.075 E/AndroidRuntime(27442): Process: android:ui, PID: 27442
06-24 18:09:37.075 E/AndroidRuntime(27442): java.lang.IllegalStateException: This client has already been destroyed.
06-24 18:09:37.075 E/AndroidRuntime(27442): 	at android.app.prediction.AppPredictor.requestPredictionUpdate(AppPredictor.java:213)
06-24 18:09:37.075 E/AndroidRuntime(27442): 	at com.android.internal.app.ChooserActivity.queryDirectShareTargets(ChooserActivity.java:1489)
06-24 18:09:37.075 E/AndroidRuntime(27442): 	at com.android.internal.app.ChooserActivity.access$2100(ChooserActivity.java:139)
06-24 18:09:37.075 E/AndroidRuntime(27442): 	at com.android.internal.app.ChooserActivity$ChooserListAdapter.onListRebuilt(ChooserActivity.java:2493)
06-24 18:09:37.075 E/AndroidRuntime(27442): 	at com.android.internal.app.ResolverActivity$ResolveListAdapter$2.run(ResolverActivity.java:1894)
06-24 18:09:37.075 E/AndroidRuntime(27442): 	at android.os.Handler.handleCallback(Handler.java:883)
06-24 18:09:37.075 E/AndroidRuntime(27442): 	at android.os.Handler.dispatchMessage(Handler.java:100)
06-24 18:09:37.075 E/AndroidRuntime(27442): 	at android.os.Looper.loop(Looper.java:214)
06-24 18:09:37.075 E/AndroidRuntime(27442): 	at android.app.ActivityThread.main(ActivityThread.java:7397)
06-24 18:09:37.075 E/AndroidRuntime(27442): 	at java.lang.reflect.Method.invoke(Native Method)
06-24 18:09:37.075 E/AndroidRuntime(27442): 	at com.android.internal.os.RuntimeInit$MethodAndArgsCaller.run(RuntimeInit.java:492)
06-24 18:09:37.075 E/AndroidRuntime(27442): 	at com.android.internal.os.ZygoteInit.main(ZygoteInit.java:935)
06-27 00:23:30.813 E/AndroidRuntime(21639): FATAL EXCEPTION: launcher-loader
06-27 00:23:30.813 E/AndroidRuntime(21639): Process: com.android.launcher3, PID: 21639
06-27 00:23:30.813 E/AndroidRuntime(21639): java.lang.IllegalArgumentException: width and height must be > 0
06-27 00:23:30.813 E/AndroidRuntime(21639): 	at android.graphics.Bitmap.createBitmap(Bitmap.java:1113)
06-27 00:23:30.813 E/AndroidRuntime(21639): 	at android.graphics.Bitmap.createBitmap(Bitmap.java:1080)
06-27 00:23:30.813 E/AndroidRuntime(21639): 	at android.graphics.Bitmap.createBitmap(Bitmap.java:1030)
06-27 00:23:30.813 E/AndroidRuntime(21639): 	at android.graphics.Bitmap.createBitmap(Bitmap.java:991)
06-27 00:23:30.813 E/AndroidRuntime(21639): 	at com.android.launcher3.dragndrop.FolderAdaptiveIcon.createFolderAdaptiveIcon(FolderAdaptiveIcon.java:76)
06-27 00:23:30.813 E/AndroidRuntime(21639): 	at com.android.launcher3.Utilities.getFullDrawable(Utilities.java:699)
06-27 00:23:30.813 E/AndroidRuntime(21639): 	at com.android.launcher3.views.FloatingIconView.getIconResult(FloatingIconView.java:410)
06-27 00:23:30.813 E/AndroidRuntime(21639): 	at com.android.launcher3.views.FloatingIconView.lambda$fetchIcon$2(FloatingIconView.java:712)
06-27 00:23:30.813 E/AndroidRuntime(21639): 	at com.android.launcher3.views.-$$Lambda$FloatingIconView$nEVXA-K6IoHt1Zta-7n544-M54c.run(Unknown Source:10)
06-27 00:23:30.813 E/AndroidRuntime(21639): 	at android.os.Handler.handleCallback(Handler.java:883)
06-27 00:23:30.813 E/AndroidRuntime(21639): 	at android.os.Handler.dispatchMessage(Handler.java:100)
06-27 00:23:30.813 E/AndroidRuntime(21639): 	at android.os.Looper.loop(Looper.java:214)
06-27 00:23:30.813 E/AndroidRuntime(21639): 	at android.os.HandlerThread.run(HandlerThread.java:67)
06-27 18:49:38.932 F/libc    (  579): crash_dump helper failed to exec
--------- beginning of system
06-27 23:50:02.078 E/ActivityThread( 4041): Failed to find provider info for com.evenwell.powersaving.g3.whitelistprovider
06-27 23:50:02.079 E/ActivityThread( 4041): Failed to find provider info for com.evenwell.powersaving.g3.disautoprovider
06-27 23:50:02.721 E/ActivityThread( 4041): Failed to find provider info for com.evenwell.powersaving.g3
06-27 23:50:02.827 E/ActivityThread( 4041): Failed to find provider info for com.evenwell.powersaving.g3
06-27 23:59:30.497 E/NetlinkEvent(  708): NetlinkEvent::FindParam(): Parameter 'INTERFACE' not found
06-27 23:59:30.497 E/NetlinkEvent(  708): NetlinkEvent::FindParam(): Parameter 'STATE' not found
06-27 23:59:30.497 E/NetlinkEvent(  708): NetlinkEvent::FindParam(): Parameter 'TIME_NS' not found
06-27 23:59:30.497 E/NetlinkEvent(  708): NetlinkEvent::FindParam(): Parameter 'UID' not found
06-28 00:01:38.708 E/ActivityThread(31485): Failed to find provider info for com.facebook.appmanager.attribution
06-28 00:03:01.126 E/NetlinkEvent(  708): NetlinkEvent::FindParam(): Parameter 'INTERFACE' not found
06-28 00:03:01.126 E/NetlinkEvent(  708): NetlinkEvent::FindParam(): Parameter 'STATE' not found
06-28 00:03:01.126 E/NetlinkEvent(  708): NetlinkEvent::FindParam(): Parameter 'TIME_NS' not found
06-28 00:03:01.126 E/NetlinkEvent(  708): NetlinkEvent::FindParam(): Parameter 'UID' not found
06-28 00:03:52.262 E/ActivityThread( 6756): Failed to find provider info for com.transsion.tpush.tpms.PushContentProvider
06-28 00:06:12.912 E/ActivityThread( 9194): Failed to find provider info for com.facebook.wakizashi.provider.LastUsedTimestampProvider
06-28 00:06:12.922 E/ActivityThread( 9194): Failed to find provider info for com.facebook.orca.provider.LastUsedTimestampProvider
06-28 00:06:12.925 E/ActivityThread( 9194): Failed to find provider info for com.facebook.lite.provider.LastUsedTimestampProvider
06-28 00:08:40.097 E/ActivityThread( 6756): Failed to find provider info for com.transsion.tpush.tpms.PushContentProvider
06-28 00:08:40.188 E/ActivityThread( 6756): Failed to find provider info for com.transsion.tpush.tpms.PushContentProvider
06-28 00:08:40.983 E/NetlinkEvent(  708): NetlinkEvent::FindParam(): Parameter 'INTERFACE' not found
06-28 00:08:40.983 E/NetlinkEvent(  708): NetlinkEvent::FindParam(): Parameter 'STATE' not found
06-28 00:08:40.983 E/NetlinkEvent(  708): NetlinkEvent::FindParam(): Parameter 'TIME_NS' not found
06-28 00:08:40.983 E/NetlinkEvent(  708): NetlinkEvent::FindParam(): Parameter 'UID' not found
06-28 00:08:41.208 E/ActivityThread( 6756): Failed to find provider info for com.transsion.tpush.tpms.PushContentProvider
06-28 00:08:41.248 E/ActivityThread( 6756): Failed to find provider info for com.transsion.tpush.tpms.PushContentProvider
06-28 00:11:04.789 E/ActivityThread( 6756): Failed to find provider info for com.transsion.tpush.tpms.PushContentProvider
06-28 00:11:06.199 E/NetlinkEvent(  708): NetlinkEvent::FindParam(): Parameter 'INTERFACE' not found
06-28 00:11:06.199 E/NetlinkEvent(  708): NetlinkEvent::FindParam(): Parameter 'STATE' not found
06-28 00:11:06.199 E/NetlinkEvent(  708): NetlinkEvent::FindParam(): Parameter 'TIME_NS' not found
06-28 00:11:06.199 E/NetlinkEvent(  708): NetlinkEvent::FindParam(): Parameter 'UID' not found
06-28 00:11:06.364 E/ActivityThread( 6756): Failed to find provider info for com.transsion.tpush.tpms.PushContentProvider
06-28 00:11:06.421 E/ActivityThread( 6756): Failed to find provider info for com.transsion.tpush.tpms.PushContentProvider
06-28 00:12:58.497 E/ActivityThread( 6756): Failed to find provider info for com.transsion.tpush.tpms.PushContentProvider
06-28 00:13:02.154 E/NetlinkEvent(  708): NetlinkEvent::FindParam(): Parameter 'INTERFACE' not found
06-28 00:13:02.154 E/NetlinkEvent(  708): NetlinkEvent::FindParam(): Parameter 'STATE' not found
06-28 00:13:02.154 E/NetlinkEvent(  708): NetlinkEvent::FindParam(): Parameter 'TIME_NS' not found
06-28 00:13:02.154 E/NetlinkEvent(  708): NetlinkEvent::FindParam(): Parameter 'UID' not found
06-28 00:15:11.408 E/NetlinkEvent(  708): NetlinkEvent::FindParam(): Parameter 'INTERFACE' not found
06-28 00:15:11.408 E/NetlinkEvent(  708): NetlinkEvent::FindParam(): Parameter 'STATE' not found
06-28 00:15:11.408 E/NetlinkEvent(  708): NetlinkEvent::FindParam(): Parameter 'TIME_NS' not found
06-28 00:15:11.408 E/NetlinkEvent(  708): NetlinkEvent::FindParam(): Parameter 'UID' not found
06-28 00:20:52.078 E/NetlinkEvent(  708): NetlinkEvent::FindParam(): Parameter 'INTERFACE' not found
06-28 00:20:52.078 E/NetlinkEvent(  708): NetlinkEvent::FindParam(): Parameter 'STATE' not found
06-28 00:20:52.078 E/NetlinkEvent(  708): NetlinkEvent::FindParam(): Parameter 'TIME_NS' not found
06-28 00:20:52.078 E/NetlinkEvent(  708): NetlinkEvent::FindParam(): Parameter 'UID' not found
06-28 00:26:39.052 E/ActivityThread(13408): Failed to find provider info for com.transsion.tpush.tpms.PushContentProvider
06-28 00:28:24.355 E/ActivityThread(13408): Failed to find provider info for com.transsion.tpush.tpms.PushContentProvider
06-28 00:28:24.404 E/ActivityThread(13408): Failed to find provider info for com.transsion.tpush.tpms.PushContentProvider
06-28 00:28:24.927 E/ActivityThread(32585): Failed to find provider info for com.facebook.appmanager.attribution
06-28 00:28:26.629 E/ActivityThread(32585): Failed to find provider info for com.facebook.appmanager.attribution
06-28 00:28:28.017 E/NetlinkEvent(  708): NetlinkEvent::FindParam(): Parameter 'INTERFACE' not found
06-28 00:28:28.017 E/NetlinkEvent(  708): NetlinkEvent::FindParam(): Parameter 'STATE' not found
06-28 00:28:28.017 E/NetlinkEvent(  708): NetlinkEvent::FindParam(): Parameter 'TIME_NS' not found
06-28 00:28:28.017 E/NetlinkEvent(  708): NetlinkEvent::FindParam(): Parameter 'UID' not found
06-28 00:28:28.212 E/ActivityThread(13408): Failed to find provider info for com.transsion.tpush.tpms.PushContentProvider
06-28 00:28:28.214 E/ActivityThread(13408): Failed to find provider info for com.transsion.tpush.tpms.PushContentProvider
06-28 00:33:29.910 E/wificond( 1041): Failed to get NL80211_STA_INFO_TX_PACKETS
06-28 00:36:26.627 E/ActivityThread(17076): Failed to find provider info for com.facebook.appmanager.firstparty.crashreporter
06-28 00:36:27.527 E/ActivityThread(17076): Failed to find provider info for com.android.launcher3.cornermark.unreadbadge
06-28 00:41:17.718 E/ActivityThread(13408): Failed to find provider info for com.transsion.tpush.tpms.PushContentProvider
06-28 00:41:20.598 E/NetlinkEvent(  708): NetlinkEvent::FindParam(): Parameter 'INTERFACE' not found
06-28 00:41:20.598 E/NetlinkEvent(  708): NetlinkEvent::FindParam(): Parameter 'STATE' not found
06-28 00:41:20.598 E/NetlinkEvent(  708): NetlinkEvent::FindParam(): Parameter 'TIME_NS' not found
06-28 00:41:20.598 E/NetlinkEvent(  708): NetlinkEvent::FindParam(): Parameter 'UID' not found
06-28 00:41:20.744 E/ActivityThread(13408): Failed to find provider info for com.transsion.tpush.tpms.PushContentProvider
06-28 00:41:20.781 E/ActivityThread(13408): Failed to find provider info for com.transsion.tpush.tpms.PushContentProvider
06-28 00:41:47.665 E/ActivityThread(18697): Failed to find provider info for com.transsion.tpush.tpms.PushContentProvider
06-28 00:45:24.197 E/ActivityThread(18697): Failed to find provider info for com.transsion.tpush.tpms.PushContentProvider
06-28 00:45:27.580 E/NetlinkEvent(  708): NetlinkEvent::FindParam(): Parameter 'INTERFACE' not found
06-28 00:45:27.580 E/NetlinkEvent(  708): NetlinkEvent::FindParam(): Parameter 'STATE' not found
06-28 00:45:27.580 E/NetlinkEvent(  708): NetlinkEvent::FindParam(): Parameter 'TIME_NS' not found
06-28 00:45:27.580 E/NetlinkEvent(  708): NetlinkEvent::FindParam(): Parameter 'UID' not found
06-28 00:45:27.742 E/ActivityThread(18697): Failed to find provider info for com.transsion.tpush.tpms.PushContentProvider
06-28 00:45:27.753 E/ActivityThread(18697): Failed to find provider info for com.transsion.tpush.tpms.PushContentProvider
06-28 00:48:23.508 E/ActivityThread(18697): Failed to find provider info for com.transsion.tpush.tpms.PushContentProvider
06-28 00:48:23.641 E/ActivityThread(18697): Failed to find provider info for com.transsion.tpush.tpms.PushContentProvider
06-28 00:48:27.083 E/NetlinkEvent(  708): NetlinkEvent::FindParam(): Parameter 'INTERFACE' not found
06-28 00:48:27.083 E/NetlinkEvent(  708): NetlinkEvent::FindParam(): Parameter 'STATE' not found
06-28 00:48:27.083 E/NetlinkEvent(  708): NetlinkEvent::FindParam(): Parameter 'TIME_NS' not found
06-28 00:48:27.083 E/NetlinkEvent(  708): NetlinkEvent::FindParam(): Parameter 'UID' not found
06-28 00:48:27.251 E/ActivityThread(18697): Failed to find provider info for com.transsion.tpush.tpms.PushContentProvider
06-28 00:48:27.296 E/ActivityThread(18697): Failed to find provider info for com.transsion.tpush.tpms.PushContentProvider
06-28 00:48:28.534 E/ActivityThread(18697): Failed to find provider info for com.transsion.tpush.tpms.PushContentProvider
06-28 00:48:32.104 E/NetlinkEvent(  708): NetlinkEvent::FindParam(): Parameter 'INTERFACE' not found
06-28 00:48:32.104 E/NetlinkEvent(  708): NetlinkEvent::FindParam(): Parameter 'STATE' not found
06-28 00:48:32.104 E/NetlinkEvent(  708): NetlinkEvent::FindParam(): Parameter 'TIME_NS' not found
06-28 00:48:32.104 E/NetlinkEvent(  708): NetlinkEvent::FindParam(): Parameter 'UID' not found
06-28 00:48:32.269 E/ActivityThread(18697): Failed to find provider info for com.transsion.tpush.tpms.PushContentProvider
06-28 00:48:32.294 E/ActivityThread(18697): Failed to find provider info for com.transsion.tpush.tpms.PushContentProvider
06-28 00:51:03.302 E/ActivityThread(18697): Failed to find provider info for com.transsion.tpush.tpms.PushContentProvider
06-28 00:51:07.039 E/NetlinkEvent(  708): NetlinkEvent::FindParam(): Parameter 'INTERFACE' not found
06-28 00:51:07.039 E/NetlinkEvent(  708): NetlinkEvent::FindParam(): Parameter 'STATE' not found
06-28 00:51:07.039 E/NetlinkEvent(  708): NetlinkEvent::FindParam(): Parameter 'TIME_NS' not found
06-28 00:51:07.039 E/NetlinkEvent(  708): NetlinkEvent::FindParam(): Parameter 'UID' not found
06-28 00:51:07.209 E/ActivityThread(18697): Failed to find provider info for com.transsion.tpush.tpms.PushContentProvider
06-28 00:51:07.224 E/ActivityThread(18697): Failed to find provider info for com.transsion.tpush.tpms.PushContentProvider
06-28 00:55:53.319 E/NetlinkEvent(  708): NetlinkEvent::FindParam(): Parameter 'INTERFACE' not found
06-28 00:55:53.319 E/NetlinkEvent(  708): NetlinkEvent::FindParam(): Parameter 'STATE' not found
06-28 00:55:53.319 E/NetlinkEvent(  708): NetlinkEvent::FindParam(): Parameter 'TIME_NS' not found
06-28 00:55:53.319 E/NetlinkEvent(  708): NetlinkEvent::FindParam(): Parameter 'UID' not found
06-28 00:56:59.607 E/ActivityThread(23446): Failed to find provider info for com.transsion.tpush.tpms.PushContentProvider
06-28 00:57:16.253 E/ActivityThread(23446): Failed to find provider info for com.transsion.tpush.tpms.PushContentProvider
06-28 00:57:19.957 E/NetlinkEvent(  708): NetlinkEvent::FindParam(): Parameter 'INTERFACE' not found
06-28 00:57:19.957 E/NetlinkEvent(  708): NetlinkEvent::FindParam(): Parameter 'STATE' not found
06-28 00:57:19.957 E/NetlinkEvent(  708): NetlinkEvent::FindParam(): Parameter 'TIME_NS' not found
06-28 00:57:19.957 E/NetlinkEvent(  708): NetlinkEvent::FindParam(): Parameter 'UID' not found
06-28 00:57:20.147 E/ActivityThread(23446): Failed to find provider info for com.transsion.tpush.tpms.PushContentProvider
06-28 00:57:20.184 E/ActivityThread(23446): Failed to find provider info for com.transsion.tpush.tpms.PushContentProvider
06-28 01:02:02.182 E/ActivityThread(23446): Failed to find provider info for com.transsion.tpush.tpms.PushContentProvider
06-28 01:02:05.714 E/NetlinkEvent(  708): NetlinkEvent::FindParam(): Parameter 'INTERFACE' not found
06-28 01:02:05.714 E/NetlinkEvent(  708): NetlinkEvent::FindParam(): Parameter 'STATE' not found
06-28 01:02:05.714 E/NetlinkEvent(  708): NetlinkEvent::FindParam(): Parameter 'TIME_NS' not found
06-28 01:02:05.714 E/NetlinkEvent(  708): NetlinkEvent::FindParam(): Parameter 'UID' not found
06-28 01:02:05.872 E/ActivityThread(23446): Failed to find provider info for com.transsion.tpush.tpms.PushContentProvider
06-28 01:02:05.890 E/ActivityThread(23446): Failed to find provider info for com.transsion.tpush.tpms.PushContentProvider
06-28 01:02:06.986 E/ActivityThread(23446): Failed to find provider info for com.transsion.tpush.tpms.PushContentProvider
06-28 01:02:10.720 E/NetlinkEvent(  708): NetlinkEvent::FindParam(): Parameter 'INTERFACE' not found
06-28 01:02:10.720 E/NetlinkEvent(  708): NetlinkEvent::FindParam(): Parameter 'STATE' not found
06-28 01:02:10.720 E/NetlinkEvent(  708): NetlinkEvent::FindParam(): Parameter 'TIME_NS' not found
06-28 01:02:10.720 E/NetlinkEvent(  708): NetlinkEvent::FindParam(): Parameter 'UID' not found
06-28 01:02:10.865 E/ActivityThread(23446): Failed to find provider info for com.transsion.tpush.tpms.PushContentProvider
06-28 01:02:10.869 E/ActivityThread(23446): Failed to find provider info for com.transsion.tpush.tpms.PushContentProvider
06-28 01:09:09.934 E/ActivityThread(23446): Failed to find provider info for com.transsion.tpush.tpms.PushContentProvider
06-28 01:09:14.222 E/NetlinkEvent(  708): NetlinkEvent::FindParam(): Parameter 'INTERFACE' not found
06-28 01:09:14.222 E/NetlinkEvent(  708): NetlinkEvent::FindParam(): Parameter 'STATE' not found
06-28 01:09:14.222 E/NetlinkEvent(  708): NetlinkEvent::FindParam(): Parameter 'TIME_NS' not found
06-28 01:09:14.222 E/NetlinkEvent(  708): NetlinkEvent::FindParam(): Parameter 'UID' not found
06-28 01:09:14.371 E/ActivityThread(23446): Failed to find provider info for com.transsion.tpush.tpms.PushContentProvider
06-28 01:09:14.377 E/ActivityThread(23446): Failed to find provider info for com.transsion.tpush.tpms.PushContentProvider
06-28 01:14:30.976 E/ActivityThread(23446): Failed to find provider info for com.transsion.tpush.tpms.PushContentProvider
06-28 01:14:31.095 E/ActivityThread(23446): Failed to find provider info for com.transsion.tpush.tpms.PushContentProvider
06-28 01:14:34.760 E/NetlinkEvent(  708): NetlinkEvent::FindParam(): Parameter 'INTERFACE' not found
06-28 01:14:34.760 E/NetlinkEvent(  708): NetlinkEvent::FindParam(): Parameter 'STATE' not found
06-28 01:14:34.760 E/NetlinkEvent(  708): NetlinkEvent::FindParam(): Parameter 'TIME_NS' not found
06-28 01:14:34.760 E/NetlinkEvent(  708): NetlinkEvent::FindParam(): Parameter 'UID' not found
06-28 01:14:34.914 E/ActivityThread(23446): Failed to find provider info for com.transsion.tpush.tpms.PushContentProvider
06-28 01:14:34.945 E/ActivityThread(23446): Failed to find provider info for com.transsion.tpush.tpms.PushContentProvider
06-28 01:22:32.852 E/ActivityThread(23446): Failed to find provider info for com.transsion.tpush.tpms.PushContentProvider
06-28 01:22:33.013 E/ActivityThread(23446): Failed to find provider info for com.transsion.tpush.tpms.PushContentProvider
06-28 01:22:41.841 E/NetlinkEvent(  708): NetlinkEvent::FindParam(): Parameter 'INTERFACE' not found
06-28 01:22:41.841 E/NetlinkEvent(  708): NetlinkEvent::FindParam(): Parameter 'STATE' not found
06-28 01:22:41.841 E/NetlinkEvent(  708): NetlinkEvent::FindParam(): Parameter 'TIME_NS' not found
06-28 01:22:41.841 E/NetlinkEvent(  708): NetlinkEvent::FindParam(): Parameter 'UID' not found
06-28 01:22:42.009 E/ActivityThread(23446): Failed to find provider info for com.transsion.tpush.tpms.PushContentProvider
06-28 01:22:42.050 E/ActivityThread(23446): Failed to find provider info for com.transsion.tpush.tpms.PushContentProvider
06-28 01:23:02.106 E/NetlinkEvent(  708): NetlinkEvent::FindParam(): Parameter 'INTERFACE' not found
06-28 01:23:02.106 E/NetlinkEvent(  708): NetlinkEvent::FindParam(): Parameter 'STATE' not found
06-28 01:23:02.106 E/NetlinkEvent(  708): NetlinkEvent::FindParam(): Parameter 'TIME_NS' not found
06-28 01:23:02.106 E/NetlinkEvent(  708): NetlinkEvent::FindParam(): Parameter 'UID' not found
06-28 01:23:28.108 E/wificond( 1041): NL80211_CMD_TRIGGER_SCAN failed: Device or resource busy
06-28 01:23:34.435 E/NetlinkEvent(  708): NetlinkEvent::FindParam(): Parameter 'INTERFACE' not found
06-28 01:23:34.435 E/NetlinkEvent(  708): NetlinkEvent::FindParam(): Parameter 'STATE' not found
06-28 01:23:34.435 E/NetlinkEvent(  708): NetlinkEvent::FindParam(): Parameter 'TIME_NS' not found
06-28 01:23:34.435 E/NetlinkEvent(  708): NetlinkEvent::FindParam(): Parameter 'UID' not found
06-28 01:33:21.384 E/ActivityThread( 1255): Failed to find provider info for com.facebook.appmanager.firstparty.crashreporter
06-28 01:33:22.615 E/ActivityThread( 1255): Failed to find provider info for com.android.launcher3.cornermark.unreadbadge
06-28 01:34:18.869 E/NetlinkEvent(  708): NetlinkEvent::FindParam(): Parameter 'INTERFACE' not found
06-28 01:34:18.869 E/NetlinkEvent(  708): NetlinkEvent::FindParam(): Parameter 'STATE' not found
06-28 01:34:18.869 E/NetlinkEvent(  708): NetlinkEvent::FindParam(): Parameter 'TIME_NS' not found
06-28 01:34:18.869 E/NetlinkEvent(  708): NetlinkEvent::FindParam(): Parameter 'UID' not found
06-28 01:49:09.547 E/ActivityThread( 4933): Failed to find provider info for com.transsion.tpush.tpms.PushContentProvider
06-28 02:05:19.152 E/ActivityThread( 8495): Failed to find provider info for com.microsoft.yourphonecompanion.contentprovider.featureoverride
06-28 02:05:19.217 E/ActivityThread( 8495): Failed to find provider info for com.samsung.android.mdx.windowslink.Tile.Provider
06-28 02:10:00.219 E/ActivityThread( 4933): Failed to find provider info for com.transsion.tpush.tpms.PushContentProvider
06-28 02:10:00.221 E/ActivityThread( 4933): Failed to find provider info for com.transsion.tpush.tpms.PushContentProvider
06-28 02:23:25.504 E/NetlinkEvent(  708): NetlinkEvent::FindParam(): Parameter 'INTERFACE' not found
06-28 02:23:25.504 E/NetlinkEvent(  708): NetlinkEvent::FindParam(): Parameter 'STATE' not found
06-28 02:23:25.504 E/NetlinkEvent(  708): NetlinkEvent::FindParam(): Parameter 'TIME_NS' not found
06-28 02:23:25.504 E/NetlinkEvent(  708): NetlinkEvent::FindParam(): Parameter 'UID' not found
06-28 02:23:26.083 E/ActivityThread( 4933): Failed to find provider info for com.transsion.tpush.tpms.PushContentProvider
06-28 02:23:26.101 E/ActivityThread( 4933): Failed to find provider info for com.transsion.tpush.tpms.PushContentProvider
06-28 02:35:22.924 E/android.hardware.wifi@1.0-service(  763): Failed to set active wlan iface name property: Operation not permitted
06-28 02:35:23.227 E/android.hardware.wifi@1.0-service(  763): Failed to set active wlan iface name property: Operation not permitted
06-28 02:35:23.448 E/android.hardware.wifi@1.0-service(  763): Failed to set active wlan iface name property: Operation not permitted
06-28 02:35:23.520 E/android.hardware.wifi@1.0-service(  763): Failed to set active wlan iface name property: Operation not permitted
06-28 02:35:23.526 E/android.hardware.wifi@1.0-service(  763): Failed to set active wlan iface name property: Operation not permitted
06-28 02:35:23.583 E/wificond( 1041): No Offload Service available
06-28 02:35:24.361 E/ActivityThread(20184): Service com.android.bluetooth.a2dp.A2dpService has leaked ServiceConnection android.media.browse.MediaBrowser$MediaServiceConnection@a2c6924 that was originally bound here
06-28 02:35:24.361 E/ActivityThread(20184): android.app.ServiceConnectionLeaked: Service com.android.bluetooth.a2dp.A2dpService has leaked ServiceConnection android.media.browse.MediaBrowser$MediaServiceConnection@a2c6924 that was originally bound here
06-28 02:35:24.361 E/ActivityThread(20184): 	at android.app.LoadedApk$ServiceDispatcher.<init>(LoadedApk.java:1805)
06-28 02:35:24.361 E/ActivityThread(20184): 	at android.app.LoadedApk.getServiceDispatcherCommon(LoadedApk.java:1677)
06-28 02:35:24.361 E/ActivityThread(20184): 	at android.app.LoadedApk.getServiceDispatcher(LoadedApk.java:1656)
06-28 02:35:24.361 E/ActivityThread(20184): 	at android.app.ContextImpl.bindServiceCommon(ContextImpl.java:1721)
06-28 02:35:24.361 E/ActivityThread(20184): 	at android.app.ContextImpl.bindService(ContextImpl.java:1650)
06-28 02:35:24.361 E/ActivityThread(20184): 	at android.content.ContextWrapper.bindService(ContextWrapper.java:705)
06-28 02:35:24.361 E/ActivityThread(20184): 	at android.media.browse.MediaBrowser$1.run(MediaBrowser.java:187)
06-28 02:35:24.361 E/ActivityThread(20184): 	at android.os.Handler.handleCallback(Handler.java:883)
06-28 02:35:24.361 E/ActivityThread(20184): 	at android.os.Handler.dispatchMessage(Handler.java:100)
06-28 02:35:24.361 E/ActivityThread(20184): 	at android.os.Looper.loop(Looper.java:214)
06-28 02:35:24.361 E/ActivityThread(20184): 	at android.os.HandlerThread.run(HandlerThread.java:67)
06-28 02:35:38.745 E/ActivityThread(15268): Failed to find provider info for com.facebook.appmanager.firstparty.crashreporter
06-28 02:35:40.673 E/ActivityThread(15268): Failed to find provider info for com.android.launcher3.cornermark.unreadbadge
06-28 02:35:52.466 E/android.hardware.wifi@1.0-service(  763): Failed to set active wlan iface name property: Operation not permitted
06-28 02:35:52.519 E/android.hardware.wifi@1.0-service(  763): Failed to set active wlan iface name property: Operation not permitted
06-28 05:50:37.408 E/ActivityThread(18377): Failed to find provider info for com.facebook.appmanager.firstparty.crashreporter
06-28 06:00:57.323 E/ActivityThread(18377): Failed to find provider info for com.android.launcher3.cornermark.unreadbadge
06-28 07:03:19.863 E/ActivityThread(19521): Failed to find provider info for com.facebook.wakizashi.provider.LastUsedTimestampProvider
06-28 07:03:19.873 E/ActivityThread(19521): Failed to find provider info for com.facebook.orca.provider.LastUsedTimestampProvider
06-28 07:03:19.878 E/ActivityThread(19521): Failed to find provider info for com.facebook.lite.provider.LastUsedTimestampProvider
06-28 09:21:27.065 E/ActivityThread(16278): Failed to find provider info for com.facebook.stella.assistant.deviceconnectionstate
06-28 09:21:27.067 E/ActivityThread(16278): Failed to find provider info for com.facebook.stella_debug.assistant.deviceconnectionstate
06-28 09:55:42.284 E/android.hardware.wifi@1.0-service(  763): Failed to set active wlan iface name property: Operation not permitted
06-28 09:55:43.086 E/android.hardware.wifi@1.0-service(  763): Failed to set active wlan iface name property: Operation not permitted
06-28 09:55:43.089 E/android.hardware.wifi@1.0-service(  763): Failed to set active wlan iface name property: Operation not permitted
06-28 09:55:43.200 E/wificond( 1041): No Offload Service available
06-28 09:55:48.446 E/android.hardware.wifi@1.0-service(  763): Failed to set active wlan iface name property: Operation not permitted
06-28 09:55:48.481 E/android.hardware.wifi@1.0-service(  763): Failed to set active wlan iface name property: Operation not permitted
06-28 09:55:48.488 E/android.hardware.wifi@1.0-service(  763): Failed to set active wlan iface name property: Operation not permitted
06-28 09:55:48.943 E/android.hardware.wifi@1.0-service(  763): Failed to set active wlan iface name property: Operation not permitted
06-28 09:55:48.945 E/android.hardware.wifi@1.0-service(  763): Failed to set active wlan iface name property: Operation not permitted
06-28 09:55:48.953 E/wificond( 1041): No Offload Service available
06-28 09:55:49.955 E/NetlinkEvent(  708): NetlinkEvent::FindParam(): Parameter 'INTERFACE' not found
06-28 09:55:49.955 E/NetlinkEvent(  708): NetlinkEvent::FindParam(): Parameter 'STATE' not found
06-28 09:55:49.955 E/NetlinkEvent(  708): NetlinkEvent::FindParam(): Parameter 'TIME_NS' not found
06-28 09:55:49.955 E/NetlinkEvent(  708): NetlinkEvent::FindParam(): Parameter 'UID' not found
06-28 09:55:50.653 E/ActivityThread(21099): Failed to find provider info for com.facebook.wakizashi.provider.LastUsedTimestampProvider
06-28 09:55:50.654 E/ActivityThread(21099): Failed to find provider info for com.facebook.orca.provider.LastUsedTimestampProvider
06-28 09:55:50.655 E/ActivityThread(21099): Failed to find provider info for com.facebook.lite.provider.LastUsedTimestampProvider
06-28 09:55:50.996 E/ActivityThread(21099): Failed to find provider info for com.facebook.wakizashi.provider.LastUsedTimestampProvider
06-28 09:55:50.997 E/ActivityThread(21099): Failed to find provider info for com.facebook.orca.provider.LastUsedTimestampProvider
06-28 09:55:50.997 E/ActivityThread(21099): Failed to find provider info for com.facebook.lite.provider.LastUsedTimestampProvider
06-28 09:55:54.851 E/NetlinkEvent(  708): NetlinkEvent::FindParam(): Parameter 'INTERFACE' not found
06-28 09:55:54.851 E/NetlinkEvent(  708): NetlinkEvent::FindParam(): Parameter 'STATE' not found
06-28 09:55:54.851 E/NetlinkEvent(  708): NetlinkEvent::FindParam(): Parameter 'TIME_NS' not found
06-28 09:55:54.851 E/NetlinkEvent(  708): NetlinkEvent::FindParam(): Parameter 'UID' not found
06-28 09:56:22.107 E/NetlinkEvent(  708): NetlinkEvent::FindParam(): Parameter 'INTERFACE' not found
06-28 09:56:22.107 E/NetlinkEvent(  708): NetlinkEvent::FindParam(): Parameter 'STATE' not found
06-28 09:56:22.107 E/NetlinkEvent(  708): NetlinkEvent::FindParam(): Parameter 'TIME_NS' not found
06-28 09:56:22.107 E/NetlinkEvent(  708): NetlinkEvent::FindParam(): Parameter 'UID' not found
06-28 09:56:51.256 E/NetlinkEvent(  708): NetlinkEvent::FindParam(): Parameter 'INTERFACE' not found
06-28 09:56:51.256 E/NetlinkEvent(  708): NetlinkEvent::FindParam(): Parameter 'STATE' not found
06-28 09:56:51.256 E/NetlinkEvent(  708): NetlinkEvent::FindParam(): Parameter 'TIME_NS' not found
06-28 09:56:51.256 E/NetlinkEvent(  708): NetlinkEvent::FindParam(): Parameter 'UID' not found
06-28 09:57:01.089 E/NetlinkEvent(  708): NetlinkEvent::FindParam(): Parameter 'INTERFACE' not found
06-28 09:57:01.089 E/NetlinkEvent(  708): NetlinkEvent::FindParam(): Parameter 'STATE' not found
06-28 09:57:01.089 E/NetlinkEvent(  708): NetlinkEvent::FindParam(): Parameter 'TIME_NS' not found
06-28 09:57:01.089 E/NetlinkEvent(  708): NetlinkEvent::FindParam(): Parameter 'UID' not found
06-28 09:57:06.980 E/NetlinkEvent(  708): NetlinkEvent::FindParam(): Parameter 'INTERFACE' not found
06-28 09:57:06.981 E/NetlinkEvent(  708): NetlinkEvent::FindParam(): Parameter 'STATE' not found
06-28 09:57:06.981 E/NetlinkEvent(  708): NetlinkEvent::FindParam(): Parameter 'TIME_NS' not found
06-28 09:57:06.981 E/NetlinkEvent(  708): NetlinkEvent::FindParam(): Parameter 'UID' not found
06-28 09:57:12.844 E/NetlinkEvent(  708): NetlinkEvent::FindParam(): Parameter 'INTERFACE' not found
06-28 09:57:12.844 E/NetlinkEvent(  708): NetlinkEvent::FindParam(): Parameter 'STATE' not found
06-28 09:57:12.844 E/NetlinkEvent(  708): NetlinkEvent::FindParam(): Parameter 'TIME_NS' not found
06-28 09:57:12.844 E/NetlinkEvent(  708): NetlinkEvent::FindParam(): Parameter 'UID' not found
06-28 09:58:14.225 E/ActivityThread(21099): Failed to find provider info for com.facebook.appmanager.attribution
06-28 09:58:40.621 E/ActivityThread(26690): Failed to find provider info for com.transsion.tpush.tpms.PushContentProvider
06-28 10:00:29.059 E/ActivityThread(28771): Failed to find provider info for com.facebook.appmanager.firstparty.crashreporter
06-28 10:00:33.066 E/ActivityThread(28771): Failed to find provider info for com.android.launcher3.cornermark.unreadbadge
06-28 10:13:54.943 E/NetlinkEvent(  708): NetlinkEvent::FindParam(): Parameter 'INTERFACE' not found
06-28 10:13:54.943 E/NetlinkEvent(  708): NetlinkEvent::FindParam(): Parameter 'STATE' not found
06-28 10:13:54.943 E/NetlinkEvent(  708): NetlinkEvent::FindParam(): Parameter 'TIME_NS' not found
06-28 10:13:54.943 E/NetlinkEvent(  708): NetlinkEvent::FindParam(): Parameter 'UID' not found
06-28 10:18:07.342 E/NetlinkEvent(  708): NetlinkEvent::FindParam(): Parameter 'INTERFACE' not found
06-28 10:18:07.342 E/NetlinkEvent(  708): NetlinkEvent::FindParam(): Parameter 'STATE' not found
06-28 10:18:07.342 E/NetlinkEvent(  708): NetlinkEvent::FindParam(): Parameter 'TIME_NS' not found
06-28 10:18:07.342 E/NetlinkEvent(  708): NetlinkEvent::FindParam(): Parameter 'UID' not found
06-28 10:22:17.845 E/NetlinkEvent(  708): NetlinkEvent::FindParam(): Parameter 'INTERFACE' not found
06-28 10:22:17.845 E/NetlinkEvent(  708): NetlinkEvent::FindParam(): Parameter 'STATE' not found
06-28 10:22:17.845 E/NetlinkEvent(  708): NetlinkEvent::FindParam(): Parameter 'TIME_NS' not found
06-28 10:22:17.845 E/NetlinkEvent(  708): NetlinkEvent::FindParam(): Parameter 'UID' not found
06-28 10:24:12.938 E/ActivityThread( 7887): Failed to find provider info for com.transsion.tpush.tpms.PushContentProvider
06-28 11:31:30.510 E/ActivityThread(16534): Failed to find provider info for com.transsion.tpush.tpms.PushContentProvider
06-28 12:06:13.110 E/ActivityThread(23256): Failed to find provider info for com.transsion.tpush.tpms.PushContentProvider
06-28 12:13:56.389 E/NetlinkEvent(  708): NetlinkEvent::FindParam(): Parameter 'INTERFACE' not found
06-28 12:13:56.389 E/NetlinkEvent(  708): NetlinkEvent::FindParam(): Parameter 'STATE' not found
06-28 12:13:56.389 E/NetlinkEvent(  708): NetlinkEvent::FindParam(): Parameter 'TIME_NS' not found
06-28 12:13:56.389 E/NetlinkEvent(  708): NetlinkEvent::FindParam(): Parameter 'UID' not found
06-28 12:16:34.280 E/NetlinkEvent(  708): NetlinkEvent::FindParam(): Parameter 'INTERFACE' not found
06-28 12:16:34.280 E/NetlinkEvent(  708): NetlinkEvent::FindParam(): Parameter 'STATE' not found
06-28 12:16:34.280 E/NetlinkEvent(  708): NetlinkEvent::FindParam(): Parameter 'TIME_NS' not found
06-28 12:16:34.280 E/NetlinkEvent(  708): NetlinkEvent::FindParam(): Parameter 'UID' not found
06-28 12:17:00.924 E/NetlinkEvent(  708): NetlinkEvent::FindParam(): Parameter 'INTERFACE' not found
06-28 12:17:00.924 E/NetlinkEvent(  708): NetlinkEvent::FindParam(): Parameter 'STATE' not found
06-28 12:17:00.924 E/NetlinkEvent(  708): NetlinkEvent::FindParam(): Parameter 'TIME_NS' not found
06-28 12:17:00.924 E/NetlinkEvent(  708): NetlinkEvent::FindParam(): Parameter 'UID' not found
06-28 12:17:30.730 E/NetlinkEvent(  708): NetlinkEvent::FindParam(): Parameter 'INTERFACE' not found
06-28 12:17:30.730 E/NetlinkEvent(  708): NetlinkEvent::FindParam(): Parameter 'STATE' not found
06-28 12:17:30.730 E/NetlinkEvent(  708): NetlinkEvent::FindParam(): Parameter 'TIME_NS' not found
06-28 12:17:30.730 E/NetlinkEvent(  708): NetlinkEvent::FindParam(): Parameter 'UID' not found
06-28 12:17:48.560 E/NetlinkEvent(  708): NetlinkEvent::FindParam(): Parameter 'INTERFACE' not found
06-28 12:17:48.560 E/NetlinkEvent(  708): NetlinkEvent::FindParam(): Parameter 'STATE' not found
06-28 12:17:48.560 E/NetlinkEvent(  708): NetlinkEvent::FindParam(): Parameter 'TIME_NS' not found
06-28 12:17:48.560 E/NetlinkEvent(  708): NetlinkEvent::FindParam(): Parameter 'UID' not found
06-28 12:22:26.985 E/NetlinkEvent(  708): NetlinkEvent::FindParam(): Parameter 'INTERFACE' not found
06-28 12:22:26.985 E/NetlinkEvent(  708): NetlinkEvent::FindParam(): Parameter 'STATE' not found
06-28 12:22:26.985 E/NetlinkEvent(  708): NetlinkEvent::FindParam(): Parameter 'TIME_NS' not found
06-28 12:22:26.985 E/NetlinkEvent(  708): NetlinkEvent::FindParam(): Parameter 'UID' not found
06-28 12:22:46.581 E/ActivityThread( 9007): Failed to find provider info for com.transsion.tpush.tpms.PushContentProvider
06-28 12:23:58.998 E/ActivityThread( 9007): Failed to find provider info for com.transsion.tpush.tpms.PushContentProvider
06-28 12:23:59.008 E/ActivityThread( 9007): Failed to find provider info for com.transsion.tpush.tpms.PushContentProvider
06-28 12:24:17.173 E/NetlinkEvent(  708): NetlinkEvent::FindParam(): Parameter 'INTERFACE' not found
06-28 12:24:17.173 E/NetlinkEvent(  708): NetlinkEvent::FindParam(): Parameter 'STATE' not found
06-28 12:24:17.173 E/NetlinkEvent(  708): NetlinkEvent::FindParam(): Parameter 'TIME_NS' not found
06-28 12:24:17.173 E/NetlinkEvent(  708): NetlinkEvent::FindParam(): Parameter 'UID' not found
06-28 12:24:17.344 E/ActivityThread( 9007): Failed to find provider info for com.transsion.tpush.tpms.PushContentProvider
06-28 12:24:17.386 E/ActivityThread( 9007): Failed to find provider info for com.transsion.tpush.tpms.PushContentProvider
06-28 12:31:03.222 E/ActivityThread(11930): Failed to find provider info for com.facebook.appmanager.firstparty.crashreporter
06-28 12:31:03.557 E/ActivityThread(11930): Failed to find provider info for com.facebook.appmanager.attribution
06-28 12:31:03.566 E/ActivityThread(11930): Failed to find provider info for com.facebook.appmanager.attribution
06-28 12:31:04.711 E/ActivityThread(11930): Failed to find provider info for com.android.launcher3.cornermark.unreadbadge
06-28 12:31:05.853 E/ActivityThread(11930): Failed to find provider info for com.facebook.appmanager.attribution
06-28 12:31:52.444 E/ActivityThread( 9007): Failed to find provider info for com.transsion.tpush.tpms.PushContentProvider
06-28 12:31:55.087 E/NetlinkEvent(  708): NetlinkEvent::FindParam(): Parameter 'INTERFACE' not found
06-28 12:31:55.087 E/NetlinkEvent(  708): NetlinkEvent::FindParam(): Parameter 'STATE' not found
06-28 12:31:55.087 E/NetlinkEvent(  708): NetlinkEvent::FindParam(): Parameter 'TIME_NS' not found
06-28 12:31:55.087 E/NetlinkEvent(  708): NetlinkEvent::FindParam(): Parameter 'UID' not found
06-28 12:31:55.537 E/ActivityThread( 9007): Failed to find provider info for com.transsion.tpush.tpms.PushContentProvider
06-28 12:31:55.552 E/ActivityThread( 9007): Failed to find provider info for com.transsion.tpush.tpms.PushContentProvider
06-28 12:36:14.130 E/NetlinkEvent(  708): NetlinkEvent::FindParam(): Parameter 'INTERFACE' not found
06-28 12:36:14.130 E/NetlinkEvent(  708): NetlinkEvent::FindParam(): Parameter 'STATE' not found
06-28 12:36:14.130 E/NetlinkEvent(  708): NetlinkEvent::FindParam(): Parameter 'TIME_NS' not found
06-28 12:36:14.130 E/NetlinkEvent(  708): NetlinkEvent::FindParam(): Parameter 'UID' not found
06-28 12:37:48.310 E/NetlinkEvent(  708): NetlinkEvent::FindParam(): Parameter 'INTERFACE' not found
06-28 12:37:48.310 E/NetlinkEvent(  708): NetlinkEvent::FindParam(): Parameter 'STATE' not found
06-28 12:37:48.310 E/NetlinkEvent(  708): NetlinkEvent::FindParam(): Parameter 'TIME_NS' not found
06-28 12:37:48.310 E/NetlinkEvent(  708): NetlinkEvent::FindParam(): Parameter 'UID' not found
06-28 12:38:44.890 E/NetlinkEvent(  708): NetlinkEvent::FindParam(): Parameter 'INTERFACE' not found
06-28 12:38:44.890 E/NetlinkEvent(  708): NetlinkEvent::FindParam(): Parameter 'STATE' not found
06-28 12:38:44.890 E/NetlinkEvent(  708): NetlinkEvent::FindParam(): Parameter 'TIME_NS' not found
06-28 12:38:44.890 E/NetlinkEvent(  708): NetlinkEvent::FindParam(): Parameter 'UID' not found
06-28 12:40:57.979 E/NetlinkEvent(  708): NetlinkEvent::FindParam(): Parameter 'INTERFACE' not found
06-28 12:40:57.979 E/NetlinkEvent(  708): NetlinkEvent::FindParam(): Parameter 'STATE' not found
06-28 12:40:57.979 E/NetlinkEvent(  708): NetlinkEvent::FindParam(): Parameter 'TIME_NS' not found
06-28 12:40:57.979 E/NetlinkEvent(  708): NetlinkEvent::FindParam(): Parameter 'UID' not found
06-28 12:43:37.631 E/ActivityThread(15742): Failed to find provider info for com.transsion.tpush.tpms.PushContentProvider
06-28 12:46:40.392 E/ActivityThread(15742): Failed to find provider info for com.transsion.tpush.tpms.PushContentProvider
06-28 12:46:40.653 E/ActivityThread(15742): Failed to find provider info for com.transsion.tpush.tpms.PushContentProvider
06-28 12:46:44.324 E/NetlinkEvent(  708): NetlinkEvent::FindParam(): Parameter 'INTERFACE' not found
06-28 12:46:44.324 E/NetlinkEvent(  708): NetlinkEvent::FindParam(): Parameter 'STATE' not found
06-28 12:46:44.325 E/NetlinkEvent(  708): NetlinkEvent::FindParam(): Parameter 'TIME_NS' not found
06-28 12:46:44.325 E/NetlinkEvent(  708): NetlinkEvent::FindParam(): Parameter 'UID' not found
06-28 12:46:44.466 E/ActivityThread(15742): Failed to find provider info for com.transsion.tpush.tpms.PushContentProvider
06-28 12:46:44.511 E/ActivityThread(15742): Failed to find provider info for com.transsion.tpush.tpms.PushContentProvider
06-28 12:50:50.948 E/ActivityThread(15742): Failed to find provider info for com.transsion.tpush.tpms.PushContentProvider
06-28 12:50:51.061 E/ActivityThread(15742): Failed to find provider info for com.transsion.tpush.tpms.PushContentProvider
06-28 12:50:54.714 E/NetlinkEvent(  708): NetlinkEvent::FindParam(): Parameter 'INTERFACE' not found
06-28 12:50:54.714 E/NetlinkEvent(  708): NetlinkEvent::FindParam(): Parameter 'STATE' not found
06-28 12:50:54.714 E/NetlinkEvent(  708): NetlinkEvent::FindParam(): Parameter 'TIME_NS' not found
06-28 12:50:54.714 E/NetlinkEvent(  708): NetlinkEvent::FindParam(): Parameter 'UID' not found
06-28 12:50:54.886 E/ActivityThread(15742): Failed to find provider info for com.transsion.tpush.tpms.PushContentProvider
06-28 12:50:54.890 E/ActivityThread(15742): Failed to find provider info for com.transsion.tpush.tpms.PushContentProvider
06-28 12:51:17.965 E/ActivityThread(15742): Failed to find provider info for com.transsion.tpush.tpms.PushContentProvider
06-28 12:51:21.833 E/NetlinkEvent(  708): NetlinkEvent::FindParam(): Parameter 'INTERFACE' not found
06-28 12:51:21.833 E/NetlinkEvent(  708): NetlinkEvent::FindParam(): Parameter 'STATE' not found
06-28 12:51:21.833 E/NetlinkEvent(  708): NetlinkEvent::FindParam(): Parameter 'TIME_NS' not found
06-28 12:51:21.833 E/NetlinkEvent(  708): NetlinkEvent::FindParam(): Parameter 'UID' not found
06-28 12:51:21.974 E/ActivityThread(15742): Failed to find provider info for com.transsion.tpush.tpms.PushContentProvider
06-28 12:51:21.984 E/ActivityThread(15742): Failed to find provider info for com.transsion.tpush.tpms.PushContentProvider
06-28 12:51:37.927 E/wificond( 1041): NL80211_CMD_TRIGGER_SCAN failed: Device or resource busy
06-28 12:51:40.473 E/ActivityThread(15742): Failed to find provider info for com.transsion.tpush.tpms.PushContentProvider
06-28 12:51:40.612 E/ActivityThread(15742): Failed to find provider info for com.transsion.tpush.tpms.PushContentProvider
06-28 12:51:44.493 E/NetlinkEvent(  708): NetlinkEvent::FindParam(): Parameter 'INTERFACE' not found
06-28 12:51:44.493 E/NetlinkEvent(  708): NetlinkEvent::FindParam(): Parameter 'STATE' not found
06-28 12:51:44.493 E/NetlinkEvent(  708): NetlinkEvent::FindParam(): Parameter 'TIME_NS' not found
06-28 12:51:44.493 E/NetlinkEvent(  708): NetlinkEvent::FindParam(): Parameter 'UID' not found
06-28 12:51:44.651 E/ActivityThread(15742): Failed to find provider info for com.transsion.tpush.tpms.PushContentProvider
06-28 12:51:44.671 E/ActivityThread(15742): Failed to find provider info for com.transsion.tpush.tpms.PushContentProvider
06-28 12:52:43.721 E/wificond( 1041): NL80211_CMD_TRIGGER_SCAN failed: Device or resource busy
06-28 12:52:48.107 E/ActivityThread(15742): Failed to find provider info for com.transsion.tpush.tpms.PushContentProvider
06-28 12:52:51.875 E/NetlinkEvent(  708): NetlinkEvent::FindParam(): Parameter 'INTERFACE' not found
06-28 12:52:51.875 E/NetlinkEvent(  708): NetlinkEvent::FindParam(): Parameter 'STATE' not found
06-28 12:52:51.875 E/NetlinkEvent(  708): NetlinkEvent::FindParam(): Parameter 'TIME_NS' not found
06-28 12:52:51.875 E/NetlinkEvent(  708): NetlinkEvent::FindParam(): Parameter 'UID' not found
06-28 12:52:52.007 E/ActivityThread(15742): Failed to find provider info for com.transsion.tpush.tpms.PushContentProvider
06-28 12:52:52.033 E/ActivityThread(15742): Failed to find provider info for com.transsion.tpush.tpms.PushContentProvider
06-28 12:55:07.432 E/ActivityThread(15742): Failed to find provider info for com.transsion.tpush.tpms.PushContentProvider
06-28 12:55:11.235 E/NetlinkEvent(  708): NetlinkEvent::FindParam(): Parameter 'INTERFACE' not found
06-28 12:55:11.235 E/NetlinkEvent(  708): NetlinkEvent::FindParam(): Parameter 'STATE' not found
06-28 12:55:11.235 E/NetlinkEvent(  708): NetlinkEvent::FindParam(): Parameter 'TIME_NS' not found
06-28 12:55:11.235 E/NetlinkEvent(  708): NetlinkEvent::FindParam(): Parameter 'UID' not found
06-28 12:55:11.377 E/ActivityThread(15742): Failed to find provider info for com.transsion.tpush.tpms.PushContentProvider
06-28 12:55:11.393 E/ActivityThread(15742): Failed to find provider info for com.transsion.tpush.tpms.PushContentProvider
06-28 12:57:11.260 E/ActivityThread(15742): Failed to find provider info for com.transsion.tpush.tpms.PushContentProvider
06-28 12:57:15.240 E/NetlinkEvent(  708): NetlinkEvent::FindParam(): Parameter 'INTERFACE' not found
06-28 12:57:15.240 E/NetlinkEvent(  708): NetlinkEvent::FindParam(): Parameter 'STATE' not found
06-28 12:57:15.240 E/NetlinkEvent(  708): NetlinkEvent::FindParam(): Parameter 'TIME_NS' not found
06-28 12:57:15.240 E/NetlinkEvent(  708): NetlinkEvent::FindParam(): Parameter 'UID' not found
06-28 12:57:15.393 E/ActivityThread(15742): Failed to find provider info for com.transsion.tpush.tpms.PushContentProvider
06-28 12:57:15.415 E/ActivityThread(15742): Failed to find provider info for com.transsion.tpush.tpms.PushContentProvider
06-28 12:59:08.435 E/ActivityThread(15742): Failed to find provider info for com.transsion.tpush.tpms.PushContentProvider
06-28 12:59:12.097 E/NetlinkEvent(  708): NetlinkEvent::FindParam(): Parameter 'INTERFACE' not found
06-28 12:59:12.097 E/NetlinkEvent(  708): NetlinkEvent::FindParam(): Parameter 'STATE' not found
06-28 12:59:12.097 E/NetlinkEvent(  708): NetlinkEvent::FindParam(): Parameter 'TIME_NS' not found
06-28 12:59:12.097 E/NetlinkEvent(  708): NetlinkEvent::FindParam(): Parameter 'UID' not found
06-28 12:59:12.257 E/ActivityThread(15742): Failed to find provider info for com.transsion.tpush.tpms.PushContentProvider
06-28 12:59:12.285 E/ActivityThread(15742): Failed to find provider info for com.transsion.tpush.tpms.PushContentProvider
06-28 12:59:38.194 E/ActivityThread(15742): Failed to find provider info for com.transsion.tpush.tpms.PushContentProvider
06-28 12:59:41.942 E/NetlinkEvent(  708): NetlinkEvent::FindParam(): Parameter 'INTERFACE' not found
06-28 12:59:41.942 E/NetlinkEvent(  708): NetlinkEvent::FindParam(): Parameter 'STATE' not found
06-28 12:59:41.942 E/NetlinkEvent(  708): NetlinkEvent::FindParam(): Parameter 'TIME_NS' not found
06-28 12:59:41.942 E/NetlinkEvent(  708): NetlinkEvent::FindParam(): Parameter 'UID' not found
06-28 12:59:42.075 E/ActivityThread(15742): Failed to find provider info for com.transsion.tpush.tpms.PushContentProvider
06-28 12:59:42.083 E/ActivityThread(15742): Failed to find provider info for com.transsion.tpush.tpms.PushContentProvider
06-28 13:00:06.705 E/ActivityThread(15742): Failed to find provider info for com.transsion.tpush.tpms.PushContentProvider
06-28 13:00:10.453 E/NetlinkEvent(  708): NetlinkEvent::FindParam(): Parameter 'INTERFACE' not found
06-28 13:00:10.453 E/NetlinkEvent(  708): NetlinkEvent::FindParam(): Parameter 'STATE' not found
06-28 13:00:10.453 E/NetlinkEvent(  708): NetlinkEvent::FindParam(): Parameter 'TIME_NS' not found
06-28 13:00:10.453 E/NetlinkEvent(  708): NetlinkEvent::FindParam(): Parameter 'UID' not found
06-28 13:00:10.607 E/ActivityThread(15742): Failed to find provider info for com.transsion.tpush.tpms.PushContentProvider
06-28 13:00:10.634 E/ActivityThread(15742): Failed to find provider info for com.transsion.tpush.tpms.PushContentProvider
06-28 13:00:32.217 E/ActivityThread(15742): Failed to find provider info for com.transsion.tpush.tpms.PushContentProvider
06-28 13:00:35.793 E/NetlinkEvent(  708): NetlinkEvent::FindParam(): Parameter 'INTERFACE' not found
06-28 13:00:35.793 E/NetlinkEvent(  708): NetlinkEvent::FindParam(): Parameter 'STATE' not found
06-28 13:00:35.793 E/NetlinkEvent(  708): NetlinkEvent::FindParam(): Parameter 'TIME_NS' not found
06-28 13:00:35.793 E/NetlinkEvent(  708): NetlinkEvent::FindParam(): Parameter 'UID' not found
06-28 13:00:35.942 E/ActivityThread(15742): Failed to find provider info for com.transsion.tpush.tpms.PushContentProvider
06-28 13:00:35.953 E/ActivityThread(15742): Failed to find provider info for com.transsion.tpush.tpms.PushContentProvider
06-28 13:01:11.318 E/ActivityThread(15742): Failed to find provider info for com.transsion.tpush.tpms.PushContentProvider
06-28 13:06:18.905 E/NetlinkEvent(  708): NetlinkEvent::FindParam(): Parameter 'INTERFACE' not found
06-28 13:06:18.905 E/NetlinkEvent(  708): NetlinkEvent::FindParam(): Parameter 'STATE' not found
06-28 13:06:18.905 E/NetlinkEvent(  708): NetlinkEvent::FindParam(): Parameter 'TIME_NS' not found
06-28 13:06:18.905 E/NetlinkEvent(  708): NetlinkEvent::FindParam(): Parameter 'UID' not found
06-28 13:06:19.205 E/ActivityThread(15742): Failed to find provider info for com.transsion.tpush.tpms.PushContentProvider
06-28 13:06:19.211 E/ActivityThread(15742): Failed to find provider info for com.transsion.tpush.tpms.PushContentProvider
06-28 13:20:50.364 E/ActivityThread(22016): Failed to find provider info for com.facebook.appmanager.firstparty.crashreporter
06-28 13:20:50.664 E/ActivityThread(22634): Failed to find provider info for com.transsion.tpush.tpms.PushContentProvider
06-28 13:21:00.777 E/ActivityThread(22016): Failed to find provider info for com.android.launcher3.cornermark.unreadbadge
06-28 13:50:57.717 E/ActivityThread(29124): Failed to find provider info for com.transsion.tpush.tpms.PushContentProvider
06-28 13:51:10.014 E/ActivityThread(29604): Failed to find provider info for com.facebook.appmanager.firstparty.crashreporter
06-28 13:51:10.983 E/ActivityThread(29604): Failed to find provider info for com.android.launcher3.cornermark.unreadbadge
06-28 13:53:50.046 E/ActivityThread(29124): Failed to find provider info for com.transsion.tpush.tpms.PushContentProvider
06-28 13:53:53.463 E/NetlinkEvent(  708): NetlinkEvent::FindParam(): Parameter 'INTERFACE' not found
06-28 13:53:53.463 E/NetlinkEvent(  708): NetlinkEvent::FindParam(): Parameter 'STATE' not found
06-28 13:53:53.463 E/NetlinkEvent(  708): NetlinkEvent::FindParam(): Parameter 'TIME_NS' not found
06-28 13:53:53.463 E/NetlinkEvent(  708): NetlinkEvent::FindParam(): Parameter 'UID' not found
06-28 13:53:53.589 E/ActivityThread(29124): Failed to find provider info for com.transsion.tpush.tpms.PushContentProvider
06-28 13:53:53.591 E/ActivityThread(29124): Failed to find provider info for com.transsion.tpush.tpms.PushContentProvider
06-28 13:55:17.802 E/ActivityThread(29124): Failed to find provider info for com.transsion.tpush.tpms.PushContentProvider
06-28 13:55:21.527 E/NetlinkEvent(  708): NetlinkEvent::FindParam(): Parameter 'INTERFACE' not found
06-28 13:55:21.527 E/NetlinkEvent(  708): NetlinkEvent::FindParam(): Parameter 'STATE' not found
06-28 13:55:21.527 E/NetlinkEvent(  708): NetlinkEvent::FindParam(): Parameter 'TIME_NS' not found
06-28 13:55:21.527 E/NetlinkEvent(  708): NetlinkEvent::FindParam(): Parameter 'UID' not found
06-28 13:55:21.764 E/ActivityThread(29124): Failed to find provider info for com.transsion.tpush.tpms.PushContentProvider
06-28 13:55:21.771 E/ActivityThread(29124): Failed to find provider info for com.transsion.tpush.tpms.PushContentProvider
06-28 13:56:10.367 E/ActivityThread(29124): Failed to find provider info for com.transsion.tpush.tpms.PushContentProvider
06-28 13:56:14.228 E/NetlinkEvent(  708): NetlinkEvent::FindParam(): Parameter 'INTERFACE' not found
06-28 13:56:14.228 E/NetlinkEvent(  708): NetlinkEvent::FindParam(): Parameter 'STATE' not found
06-28 13:56:14.228 E/NetlinkEvent(  708): NetlinkEvent::FindParam(): Parameter 'TIME_NS' not found
06-28 13:56:14.228 E/NetlinkEvent(  708): NetlinkEvent::FindParam(): Parameter 'UID' not found
06-28 13:56:14.387 E/ActivityThread(29124): Failed to find provider info for com.transsion.tpush.tpms.PushContentProvider
06-28 13:56:14.421 E/ActivityThread(29124): Failed to find provider info for com.transsion.tpush.tpms.PushContentProvider
06-28 13:58:54.191 E/ActivityThread(29124): Failed to find provider info for com.transsion.tpush.tpms.PushContentProvider
06-28 13:58:54.194 E/ActivityThread(29124): Failed to find provider info for com.transsion.tpush.tpms.PushContentProvider
06-28 14:03:07.344 E/NetlinkEvent(  708): NetlinkEvent::FindParam(): Parameter 'INTERFACE' not found
06-28 14:03:07.344 E/NetlinkEvent(  708): NetlinkEvent::FindParam(): Parameter 'STATE' not found
06-28 14:03:07.344 E/NetlinkEvent(  708): NetlinkEvent::FindParam(): Parameter 'TIME_NS' not found
06-28 14:03:07.344 E/NetlinkEvent(  708): NetlinkEvent::FindParam(): Parameter 'UID' not found
06-28 14:03:18.089 E/ActivityThread( 3245): Failed to find provider info for com.facebook.wakizashi.provider.LastUsedTimestampProvider
06-28 14:03:18.095 E/ActivityThread( 3245): Failed to find provider info for com.facebook.orca.provider.LastUsedTimestampProvider
06-28 14:03:18.127 E/ActivityThread( 3245): Failed to find provider info for com.facebook.lite.provider.LastUsedTimestampProvider
06-28 14:14:20.788 E/NetlinkEvent(  708): NetlinkEvent::FindParam(): Parameter 'INTERFACE' not found
06-28 14:14:20.788 E/NetlinkEvent(  708): NetlinkEvent::FindParam(): Parameter 'STATE' not found
06-28 14:14:20.788 E/NetlinkEvent(  708): NetlinkEvent::FindParam(): Parameter 'TIME_NS' not found
06-28 14:14:20.788 E/NetlinkEvent(  708): NetlinkEvent::FindParam(): Parameter 'UID' not found
06-28 14:18:46.256 E/NetlinkEvent(  708): NetlinkEvent::FindParam(): Parameter 'INTERFACE' not found
06-28 14:18:46.256 E/NetlinkEvent(  708): NetlinkEvent::FindParam(): Parameter 'STATE' not found
06-28 14:18:46.256 E/NetlinkEvent(  708): NetlinkEvent::FindParam(): Parameter 'TIME_NS' not found
06-28 14:18:46.256 E/NetlinkEvent(  708): NetlinkEvent::FindParam(): Parameter 'UID' not found
06-28 14:20:01.523 E/NetlinkEvent(  708): NetlinkEvent::FindParam(): Parameter 'INTERFACE' not found
06-28 14:20:01.523 E/NetlinkEvent(  708): NetlinkEvent::FindParam(): Parameter 'STATE' not found
06-28 14:20:01.523 E/NetlinkEvent(  708): NetlinkEvent::FindParam(): Parameter 'TIME_NS' not found
06-28 14:20:01.523 E/NetlinkEvent(  708): NetlinkEvent::FindParam(): Parameter 'UID' not found
06-28 14:22:10.913 E/NetlinkEvent(  708): NetlinkEvent::FindParam(): Parameter 'INTERFACE' not found
06-28 14:22:10.913 E/NetlinkEvent(  708): NetlinkEvent::FindParam(): Parameter 'STATE' not found
06-28 14:22:10.913 E/NetlinkEvent(  708): NetlinkEvent::FindParam(): Parameter 'TIME_NS' not found
06-28 14:22:10.913 E/NetlinkEvent(  708): NetlinkEvent::FindParam(): Parameter 'UID' not found
06-28 14:23:46.970 E/wificond( 1041): NL80211_CMD_TRIGGER_SCAN failed: Device or resource busy
06-28 14:26:41.033 E/NetlinkEvent(  708): NetlinkEvent::FindParam(): Parameter 'INTERFACE' not found
06-28 14:26:41.033 E/NetlinkEvent(  708): NetlinkEvent::FindParam(): Parameter 'STATE' not found
06-28 14:26:41.033 E/NetlinkEvent(  708): NetlinkEvent::FindParam(): Parameter 'TIME_NS' not found
06-28 14:26:41.033 E/NetlinkEvent(  708): NetlinkEvent::FindParam(): Parameter 'UID' not found
06-28 14:27:07.483 E/NetlinkEvent(  708): NetlinkEvent::FindParam(): Parameter 'INTERFACE' not found
06-28 14:27:07.483 E/NetlinkEvent(  708): NetlinkEvent::FindParam(): Parameter 'STATE' not found
06-28 14:27:07.483 E/NetlinkEvent(  708): NetlinkEvent::FindParam(): Parameter 'TIME_NS' not found
06-28 14:27:07.483 E/NetlinkEvent(  708): NetlinkEvent::FindParam(): Parameter 'UID' not found
06-28 14:27:36.877 E/NetlinkEvent(  708): NetlinkEvent::FindParam(): Parameter 'INTERFACE' not found
06-28 14:27:36.877 E/NetlinkEvent(  708): NetlinkEvent::FindParam(): Parameter 'STATE' not found
06-28 14:27:36.877 E/NetlinkEvent(  708): NetlinkEvent::FindParam(): Parameter 'TIME_NS' not found
06-28 14:27:36.877 E/NetlinkEvent(  708): NetlinkEvent::FindParam(): Parameter 'UID' not found
06-28 14:28:08.621 E/NetlinkEvent(  708): NetlinkEvent::FindParam(): Parameter 'INTERFACE' not found
06-28 14:28:08.621 E/NetlinkEvent(  708): NetlinkEvent::FindParam(): Parameter 'STATE' not found
06-28 14:28:08.621 E/NetlinkEvent(  708): NetlinkEvent::FindParam(): Parameter 'TIME_NS' not found
06-28 14:28:08.621 E/NetlinkEvent(  708): NetlinkEvent::FindParam(): Parameter 'UID' not found
06-28 14:30:30.393 E/NetlinkEvent(  708): NetlinkEvent::FindParam(): Parameter 'INTERFACE' not found
06-28 14:30:30.393 E/NetlinkEvent(  708): NetlinkEvent::FindParam(): Parameter 'STATE' not found
06-28 14:30:30.393 E/NetlinkEvent(  708): NetlinkEvent::FindParam(): Parameter 'TIME_NS' not found
06-28 14:30:30.393 E/NetlinkEvent(  708): NetlinkEvent::FindParam(): Parameter 'UID' not found
06-28 14:31:57.569 E/ActivityThread(11510): Failed to find provider info for com.transsion.tpush.tpms.PushContentProvider
06-28 14:33:57.726 E/ActivityThread(11510): Failed to find provider info for com.transsion.tpush.tpms.PushContentProvider
06-28 14:34:21.093 E/NetlinkEvent(  708): NetlinkEvent::FindParam(): Parameter 'INTERFACE' not found
06-28 14:34:21.093 E/NetlinkEvent(  708): NetlinkEvent::FindParam(): Parameter 'STATE' not found
06-28 14:34:21.093 E/NetlinkEvent(  708): NetlinkEvent::FindParam(): Parameter 'TIME_NS' not found
06-28 14:34:21.093 E/NetlinkEvent(  708): NetlinkEvent::FindParam(): Parameter 'UID' not found
06-28 14:34:21.238 E/ActivityThread(11510): Failed to find provider info for com.transsion.tpush.tpms.PushContentProvider
06-28 14:34:21.240 E/ActivityThread(11510): Failed to find provider info for com.transsion.tpush.tpms.PushContentProvider
06-28 14:39:04.549 E/ActivityThread(11510): Failed to find provider info for com.transsion.tpush.tpms.PushContentProvider
06-28 14:39:28.060 E/NetlinkEvent(  708): NetlinkEvent::FindParam(): Parameter 'INTERFACE' not found
06-28 14:39:28.060 E/NetlinkEvent(  708): NetlinkEvent::FindParam(): Parameter 'STATE' not found
06-28 14:39:28.060 E/NetlinkEvent(  708): NetlinkEvent::FindParam(): Parameter 'TIME_NS' not found
06-28 14:39:28.060 E/NetlinkEvent(  708): NetlinkEvent::FindParam(): Parameter 'UID' not found
06-28 14:39:28.227 E/ActivityThread(11510): Failed to find provider info for com.transsion.tpush.tpms.PushContentProvider
06-28 14:39:28.243 E/ActivityThread(11510): Failed to find provider info for com.transsion.tpush.tpms.PushContentProvider
06-28 14:41:33.997 E/ActivityThread(11510): Failed to find provider info for com.transsion.tpush.tpms.PushContentProvider
06-28 14:41:34.231 E/ActivityThread(11510): Failed to find provider info for com.transsion.tpush.tpms.PushContentProvider
06-28 14:41:37.800 E/NetlinkEvent(  708): NetlinkEvent::FindParam(): Parameter 'INTERFACE' not found
06-28 14:41:37.801 E/NetlinkEvent(  708): NetlinkEvent::FindParam(): Parameter 'STATE' not found
06-28 14:41:37.801 E/NetlinkEvent(  708): NetlinkEvent::FindParam(): Parameter 'TIME_NS' not found
06-28 14:41:37.801 E/NetlinkEvent(  708): NetlinkEvent::FindParam(): Parameter 'UID' not found
06-28 14:41:37.949 E/ActivityThread(11510): Failed to find provider info for com.transsion.tpush.tpms.PushContentProvider
06-28 14:41:37.971 E/ActivityThread(11510): Failed to find provider info for com.transsion.tpush.tpms.PushContentProvider
06-28 14:42:27.520 E/ActivityThread(16795): Failed to find provider info for com.facebook.appmanager.firstparty.crashreporter
06-28 14:42:28.837 E/ActivityThread(16795): Failed to find provider info for com.android.launcher3.cornermark.unreadbadge
06-28 14:43:17.853 E/ActivityThread(11510): Failed to find provider info for com.transsion.tpush.tpms.PushContentProvider
06-28 14:43:17.868 E/ActivityThread(11510): Failed to find provider info for com.transsion.tpush.tpms.PushContentProvider
06-28 14:43:49.354 E/NetlinkEvent(  708): NetlinkEvent::FindParam(): Parameter 'INTERFACE' not found
06-28 14:43:49.354 E/NetlinkEvent(  708): NetlinkEvent::FindParam(): Parameter 'STATE' not found
06-28 14:43:49.354 E/NetlinkEvent(  708): NetlinkEvent::FindParam(): Parameter 'TIME_NS' not found
06-28 14:43:49.354 E/NetlinkEvent(  708): NetlinkEvent::FindParam(): Parameter 'UID' not found
06-28 14:43:49.534 E/ActivityThread(11510): Failed to find provider info for com.transsion.tpush.tpms.PushContentProvider
06-28 14:43:49.541 E/ActivityThread(11510): Failed to find provider info for com.transsion.tpush.tpms.PushContentProvider
06-28 14:47:50.316 E/ActivityThread(15252): Failed to find provider info for com.facebook.stella.assistant.deviceconnectionstate
06-28 14:47:50.319 E/ActivityThread(15252): Failed to find provider info for com.facebook.stella_debug.assistant.deviceconnectionstate
06-28 14:53:34.702 E/ActivityThread(15252): Failed to find provider info for com.facebook.stella.assistant.deviceconnectionstate
06-28 14:53:34.704 E/ActivityThread(15252): Failed to find provider info for com.facebook.stella_debug.assistant.deviceconnectionstate
06-28 14:54:08.026 E/NetlinkEvent(  708): NetlinkEvent::FindParam(): Parameter 'INTERFACE' not found
06-28 14:54:08.026 E/NetlinkEvent(  708): NetlinkEvent::FindParam(): Parameter 'STATE' not found
06-28 14:54:08.026 E/NetlinkEvent(  708): NetlinkEvent::FindParam(): Parameter 'TIME_NS' not found
06-28 14:54:08.026 E/NetlinkEvent(  708): NetlinkEvent::FindParam(): Parameter 'UID' not found
06-28 15:07:37.164 E/NetlinkEvent(  708): NetlinkEvent::FindParam(): Parameter 'INTERFACE' not found
06-28 15:07:37.165 E/NetlinkEvent(  708): NetlinkEvent::FindParam(): Parameter 'STATE' not found
06-28 15:07:37.165 E/NetlinkEvent(  708): NetlinkEvent::FindParam(): Parameter 'TIME_NS' not found
06-28 15:07:37.165 E/NetlinkEvent(  708): NetlinkEvent::FindParam(): Parameter 'UID' not found
06-28 15:39:39.162 E/ActivityThread( 6194): Failed to find provider info for com.transsion.tpush.tpms.PushContentProvider
06-28 15:39:46.388 E/ActivityThread( 5563): Failed to find provider info for com.facebook.appmanager.firstparty.crashreporter
06-28 15:39:46.915 F/libc    ( 1042): FORTIFY: FD_SET: file descriptor 1078 >= FD_SETSIZE 1024
06-28 15:39:46.966 F/DEBUG   ( 1042): *** *** *** *** *** *** *** *** *** *** *** *** *** *** *** ***
06-28 15:39:46.967 F/DEBUG   ( 1042): Build fingerprint: 'Nokia/Dragon_00WW/DRG_sprout:10/QKQ1.190828.002/00WW_4_15T:user/release-keys'
06-28 15:39:46.967 F/DEBUG   ( 1042): Revision: '0'
06-28 15:39:46.967 F/DEBUG   ( 1042): ABI: 'arm'
06-28 15:39:46.967 F/DEBUG   ( 1042): Timestamp: 2026-06-28 15:39:46+0530
06-28 15:39:46.967 F/DEBUG   ( 1042): pid: 1042, tid: 7232, name: omx@1.0-service  >>> media.codec <<<
06-28 15:39:46.967 F/DEBUG   ( 1042): uid: 1046
06-28 15:39:46.967 F/DEBUG   ( 1042): signal 6 (SIGABRT), code -1 (SI_QUEUE), fault addr --------
06-28 15:39:46.967 F/DEBUG   ( 1042): Abort message: 'FORTIFY: FD_SET: file descriptor 1078 >= FD_SETSIZE 1024'
06-28 15:39:46.967 F/DEBUG   ( 1042):     r0  00000000  r1  00001c40  r2  00000006  r3  c7617068
06-28 15:39:46.967 F/DEBUG   ( 1042):     r4  c761707c  r5  c7617060  r6  00000412  r7  0000016b
06-28 15:39:46.967 F/DEBUG   ( 1042):     r8  c7617078  r9  c7617068  r10 c7617098  r11 c7617088
06-28 15:39:46.967 F/DEBUG   ( 1042):     ip  00001c40  sp  c7617038  lr  e78244fb  pc  e782450e
06-28 15:39:46.970 F/DEBUG   ( 1042): 
06-28 15:39:46.970 F/DEBUG   ( 1042): backtrace:
06-28 15:39:46.970 F/DEBUG   ( 1042):       #00 pc 0006050e  /apex/com.android.runtime/lib/bionic/libc.so (abort+166) (BuildId: 3eaa2cf3a28dbf5e8dba34ce3be2033f)
06-28 15:39:46.970 F/DEBUG   ( 1042):       #01 pc 0007d2d3  /apex/com.android.runtime/lib/bionic/libc.so (__fortify_fatal(char const*, ...)+26) (BuildId: 3eaa2cf3a28dbf5e8dba34ce3be2033f)
06-28 15:39:46.970 F/DEBUG   ( 1042):       #02 pc 0007d245  /apex/com.android.runtime/lib/bionic/libc.so (__FD_SET_chk+72) (BuildId: 3eaa2cf3a28dbf5e8dba34ce3be2033f)
06-28 15:39:46.970 F/DEBUG   ( 1042):       #03 pc 0001d28b  /vendor/lib/libOmxVdec.so (message_thread_dec(void*)+158) (BuildId: 2c00e55d415f5bde83befa6da9c934de)
06-28 15:39:46.970 F/DEBUG   ( 1042):       #04 pc 000aa8ab  /apex/com.android.runtime/lib/bionic/libc.so (__pthread_start(void*)+20) (BuildId: 3eaa2cf3a28dbf5e8dba34ce3be2033f)
06-28 15:39:46.970 F/DEBUG   ( 1042):       #05 pc 000619b3  /apex/com.android.runtime/lib/bionic/libc.so (__start_thread+30) (BuildId: 3eaa2cf3a28dbf5e8dba34ce3be2033f)
06-28 15:39:52.006 E/ActivityThread( 5563): Failed to find provider info for com.android.launcher3.cornermark.unreadbadge
06-28 15:41:30.792 E/ActivityThread( 8365): Failed to find provider info for com.facebook.appmanager.firstparty.crashreporter
06-28 15:41:31.389 E/ActivityThread( 8365): Failed to find provider info for com.android.launcher3.cornermark.unreadbadge
06-28 15:46:36.814 E/ActivityThread( 9437): Failed to find provider info for com.facebook.appmanager.firstparty.crashreporter
06-28 15:46:37.638 E/ActivityThread( 9437): Failed to find provider info for com.android.launcher3.cornermark.unreadbadge
06-28 15:51:45.630 E/ActivityThread(11495): Failed to find provider info for com.facebook.appmanager.firstparty.crashreporter
06-28 15:51:46.183 E/ActivityThread(11495): Failed to find provider info for com.android.launcher3.cornermark.unreadbadge
06-28 15:55:51.601 E/ActivityThread( 9852): Failed to find provider info for com.facebook.wakizashi.provider.LastUsedTimestampProvider
06-28 15:55:51.601 E/ActivityThread( 9852): Failed to find provider info for com.facebook.orca.provider.LastUsedTimestampProvider
06-28 15:55:51.602 E/ActivityThread( 9852): Failed to find provider info for com.facebook.lite.provider.LastUsedTimestampProvider
06-28 15:55:53.327 E/ActivityThread(12023): Failed to find provider info for com.transsion.tpush.tpms.PushContentProvider
06-28 16:00:26.954 E/ActivityThread(11790): Failed to find provider info for com.facebook.stella.assistant.deviceconnectionstate
06-28 16:00:26.956 E/ActivityThread(11790): Failed to find provider info for com.facebook.stella_debug.assistant.deviceconnectionstate
06-28 16:01:14.607 E/ActivityThread(11790): Failed to find provider info for com.facebook.stella.assistant.deviceconnectionstate
06-28 16:01:14.615 E/ActivityThread(11790): Failed to find provider info for com.facebook.stella_debug.assistant.deviceconnectionstate
06-28 16:11:31.718 E/NetlinkEvent(  708): NetlinkEvent::FindParam(): Parameter 'INTERFACE' not found
06-28 16:11:31.718 E/NetlinkEvent(  708): NetlinkEvent::FindParam(): Parameter 'STATE' not found
06-28 16:11:31.718 E/NetlinkEvent(  708): NetlinkEvent::FindParam(): Parameter 'TIME_NS' not found
06-28 16:11:31.718 E/NetlinkEvent(  708): NetlinkEvent::FindParam(): Parameter 'UID' not found
06-28 16:28:08.644 E/ActivityThread(21476): Failed to find provider info for com.transsion.tpush.tpms.PushContentProvider
06-28 16:28:32.000 E/ActivityThread( 9176): Service com.google.android.gms.chimera.GmsInternalBoundBrokerService has leaked ServiceConnection imhx@7e42a55 that was originally bound here
06-28 16:28:32.000 E/ActivityThread( 9176): android.app.ServiceConnectionLeaked: Service com.google.android.gms.chimera.GmsInternalBoundBrokerService has leaked ServiceConnection imhx@7e42a55 that was originally bound here
06-28 16:28:32.000 E/ActivityThread( 9176): 	at android.app.LoadedApk$ServiceDispatcher.<init>(LoadedApk.java:1805)
06-28 16:28:32.000 E/ActivityThread( 9176): 	at android.app.LoadedApk.getServiceDispatcherCommon(LoadedApk.java:1677)
06-28 16:28:32.000 E/ActivityThread( 9176): 	at android.app.LoadedApk.getServiceDispatcher(LoadedApk.java:1656)
06-28 16:28:32.000 E/ActivityThread( 9176): 	at android.app.ContextImpl.bindServiceCommon(ContextImpl.java:1721)
06-28 16:28:32.000 E/ActivityThread( 9176): 	at android.app.ContextImpl.bindService(ContextImpl.java:1650)
06-28 16:28:32.000 E/ActivityThread( 9176): 	at android.content.ContextWrapper.bindService(ContextWrapper.java:705)
06-28 16:28:32.000 E/ActivityThread( 9176): 	at android.content.ContextWrapper.bindService(ContextWrapper.java:705)
06-28 16:28:32.000 E/ActivityThread( 9176): 	at android.content.ContextWrapper.bindService(ContextWrapper.java:705)
06-28 16:28:32.000 E/ActivityThread( 9176): 	at caqi.bindService(:com.google.android.gms@262334013@26.23.34 (100400-933906539):22)
06-28 16:28:32.000 E/ActivityThread( 9176): 	at android.content.ContextWrapper.bindService(ContextWrapper.java:705)
06-28 16:28:32.000 E/ActivityThread( 9176): 	at android.content.ContextWrapper.bindService(ContextWrapper.java:705)
06-28 16:28:32.000 E/ActivityThread( 9176): 	at android.content.ContextWrapper.bindService(ContextWrapper.java:705)
06-28 16:28:32.000 E/ActivityThread( 9176): 	at android.content.ContextWrapper.bindService(ContextWrapper.java:705)
06-28 16:28:32.000 E/ActivityThread( 9176): 	at imhx.a(:com.google.android.gms@262334013@26.23.34 (100400-933906539):100)
06-28 16:28:32.000 E/ActivityThread( 9176): 	at imfl.o(:com.google.android.gms@262334013@26.23.34 (100400-933906539):133)
06-28 16:28:32.000 E/ActivityThread( 9176): 	at imfh.run(:com.google.android.gms@262334013@26.23.34 (100400-933906539):3)
06-28 16:28:32.000 E/ActivityThread( 9176): 	at imdm.b(:com.google.android.gms@262334013@26.23.34 (100400-933906539):24)
06-28 16:28:32.000 E/ActivityThread( 9176): 	at imdm.execute(:com.google.android.gms@262334013@26.23.34 (100400-933906539):4)
06-28 16:28:32.000 E/ActivityThread( 9176): 	at imqi.a(:com.google.android.gms@262334013@26.23.34 (100400-933906539):25)
06-28 16:28:32.000 E/ActivityThread( 9176): 	at imqm.a(:com.google.android.gms@262334013@26.23.34 (100400-933906539):3)
06-28 16:28:32.000 E/ActivityThread( 9176): 	at imnc.a(:com.google.android.gms@262334013@26.23.34 (100400-933906539):3)
06-28 16:28:32.000 E/ActivityThread( 9176): 	at fiww.c(:com.google.android.gms@262334013@26.23.34 (100400-933906539):68)
06-28 16:28:32.000 E/ActivityThread( 9176): 	at auwe.b(:com.google.android.gms@262334013@26.23.34 (100400-933906539):11)
06-28 16:28:32.000 E/ActivityThread( 9176): 	at auub.d(:com.google.android.gms@262334013@26.23.34 (100400-933906539):1)
06-28 16:28:32.000 E/ActivityThread( 9176): 	at auty.mq(:com.google.android.gms@262334013@26.23.34 (100400-933906539):74)
06-28 16:28:32.000 E/ActivityThread( 9176): 	at fzob.mq(:com.google.android.gms@262334013@26.23.34 (100400-933906539):14)
06-28 16:28:32.000 E/ActivityThread( 9176): 	at autl.b(:com.google.android.gms@262334013@26.23.34 (100400-933906539):5)
06-28 16:28:32.000 E/ActivityThread( 9176): 	at com.google.android.gms.backup.transport.snapshot.DeviceStateSnapshotLoggingTask.a(:com.google.android.gms@262334013@26.23.34 (100400-933906539):1472)
06-28 16:28:32.000 E/ActivityThread( 9176): 	at cxyn.call(:com.google.android.gms@262334013@26.23.34 (100400-933906539):36)
06-28 16:28:32.000 E/ActivityThread( 9176): 	at java.util.concurrent.FutureTask.run(FutureTask.java:266)
06-28 16:28:32.000 E/ActivityThread( 9176): 	at bizn.c(:com.google.android.gms@262334013@26.23.34 (100400-933906539):50)
06-28 16:28:32.000 E/ActivityThread( 9176): 	at bizn.run(:com.google.android.gms@262334013@26.23.34 (100400-933906539):66)
06-28 16:28:32.000 E/ActivityThread( 9176): 	at java.util.concurrent.ThreadPoolExecutor.runWorker(ThreadPoolExecutor.java:1167)
06-28 16:28:32.000 E/ActivityThread( 9176): 	at java.util.concurrent.ThreadPoolExecutor$Worker.run(ThreadPoolExecutor.java:641)
06-28 16:28:32.000 E/ActivityThread( 9176): 	at bjff.run(:com.google.android.gms@262334013@26.23.34 (100400-933906539):8)
06-28 16:28:32.000 E/ActivityThread( 9176): 	at java.lang.Thread.run(Thread.java:919)
06-28 16:35:05.660 E/AndroidRuntime(24646): FATAL EXCEPTION: main
06-28 16:35:05.660 E/AndroidRuntime(24646): Process: com.example.laketownturf, PID: 24646
06-28 16:35:05.660 E/AndroidRuntime(24646): com.google.firebase.firestore.FirebaseFirestoreException: PERMISSION_DENIED: Missing or insufficient permissions.
06-28 16:35:05.660 E/AndroidRuntime(24646): 	at com.google.firebase.firestore.util.Util.exceptionFromStatus(Util.java:113)
06-28 16:35:05.660 E/AndroidRuntime(24646): 	at com.google.firebase.firestore.core.EventManager.onError(EventManager.java:247)
06-28 16:35:05.660 E/AndroidRuntime(24646): 	at com.google.firebase.firestore.core.SyncEngine.removeAndCleanupTarget(SyncEngine.java:642)
06-28 16:35:05.660 E/AndroidRuntime(24646): 	at com.google.firebase.firestore.core.SyncEngine.handleRejectedListen(SyncEngine.java:478)
06-28 16:35:05.660 E/AndroidRuntime(24646): 	at com.google.firebase.firestore.core.MemoryComponentProvider$RemoteStoreCallback.handleRejectedListen(MemoryComponentProvider.java:125)
06-28 16:35:05.660 E/AndroidRuntime(24646): 	at com.google.firebase.firestore.remote.RemoteStore.processTargetError(RemoteStore.java:596)
06-28 16:35:05.660 E/AndroidRuntime(24646): 	at com.google.firebase.firestore.remote.RemoteStore.handleWatchChange(RemoteStore.java:479)
06-28 16:35:05.660 E/AndroidRuntime(24646): 	at com.google.firebase.firestore.remote.RemoteStore.access$100(RemoteStore.java:60)
06-28 16:35:05.660 E/AndroidRuntime(24646): 	at com.google.firebase.firestore.remote.RemoteStore$1.onWatchChange(RemoteStore.java:188)
06-28 16:35:05.660 E/AndroidRuntime(24646): 	at com.google.firebase.firestore.remote.WatchStream.onNext(WatchStream.java:114)
06-28 16:35:05.660 E/AndroidRuntime(24646): 	at com.google.firebase.firestore.remote.WatchStream.onNext(WatchStream.java:38)
06-28 16:35:05.660 E/AndroidRuntime(24646): 	at com.google.firebase.firestore.remote.AbstractStream$StreamObserver.lambda$onNext$1$com-google-firebase-firestore-remote-AbstractStream$StreamObserver(AbstractStream.java:126)
06-28 16:35:05.660 E/AndroidRuntime(24646): 	at com.google.firebase.firestore.remote.AbstractStream$StreamObserver$$ExternalSyntheticLambda0.run(D8$$SyntheticClass:0)
06-28 16:35:05.660 E/AndroidRuntime(24646): 	at com.google.firebase.firestore.remote.AbstractStream$CloseGuardedRunner.run(AbstractStream.java:67)
06-28 16:35:05.660 E/AndroidRuntime(24646): 	at com.google.firebase.firestore.remote.AbstractStream$StreamObserver.onNext(AbstractStream.java:113)
06-28 16:35:05.660 E/AndroidRuntime(24646): 	at com.google.firebase.firestore.remote.FirestoreChannel$1.onMessage(FirestoreChannel.java:162)
06-28 16:35:05.660 E/AndroidRuntime(24646): 	at io.grpc.internal.ClientCallImpl$ClientStreamListenerImpl$1MessagesAvailable.runInternal(ClientCallImpl.java:667)
06-28 16:35:05.660 E/AndroidRuntime(24646): 	at io.grpc.internal.ClientCallImpl$ClientStreamListenerImpl$1MessagesAvailable.runInContext(ClientCallImpl.java:654)
06-28 16:35:05.660 E/AndroidRuntime(24646): 	at io.grpc.internal.ContextRunnable.run(ContextRunnable.java:37)
06-28 16:35:05.660 E/AndroidRuntime(24646): 	at io.grpc.internal.SerializingExecutor.run(SerializingExecutor.java:133)
06-28 16:35:05.660 E/AndroidRuntime(24646): 	at java.util.concurrent.Executors$RunnableAdapter.call(Executors.java:462)
06-28 16:35:05.660 E/AndroidRuntime(24646): 	at java.util.concurrent.FutureTask.run(FutureTask.java:266)
06-28 16:35:05.660 E/AndroidRuntime(24646): 	at java.util.concurrent.ScheduledThreadPoolExecutor$ScheduledFutureTask.run(ScheduledThreadPoolExecutor.java:301)
06-28 16:35:05.660 E/AndroidRuntime(24646): 	at java.util.concurrent.ThreadPoolExecutor.runWorker(ThreadPoolExecutor.java:1167)
06-28 16:35:05.660 E/AndroidRuntime(24646): 	at java.util.concurrent.ThreadPoolExecutor$Worker.run(ThreadPoolExecutor.java:641)
06-28 16:35:05.660 E/AndroidRuntime(24646): 	at com.google.firebase.firestore.util.AsyncQueue$SynchronizedShutdownAwareExecutor$DelayedStartFactory.run(AsyncQueue.java:235)
06-28 16:35:05.660 E/AndroidRuntime(24646): 	at java.lang.Thread.run(Thread.java:919)
06-28 16:35:05.660 E/AndroidRuntime(24646): 	Suppressed: kotlinx.coroutines.internal.DiagnosticCoroutineContextException: [StandaloneCoroutine{Cancelling}@db32575, Dispatchers.Main.immediate]
06-28 16:35:05.660 E/AndroidRuntime(24646): Caused by: io.grpc.StatusException: PERMISSION_DENIED: Missing or insufficient permissions.
06-28 16:35:05.660 E/AndroidRuntime(24646): 	at io.grpc.Status.asException(Status.java:541)
06-28 16:35:05.660 E/AndroidRuntime(24646): 	at com.google.firebase.firestore.util.Util.exceptionFromStatus(Util.java:111)
06-28 16:35:05.660 E/AndroidRuntime(24646): 	... 26 more
06-28 17:05:28.341 E/ActivityThread( 1447): Failed to find provider info for com.facebook.appmanager.firstparty.crashreporter
06-28 17:05:29.343 E/ActivityThread( 1447): Failed to find provider info for com.android.launcher3.cornermark.unreadbadge
06-28 17:12:52.558 E/NetlinkEvent(  708): NetlinkEvent::FindParam(): Parameter 'INTERFACE' not found
06-28 17:12:52.558 E/NetlinkEvent(  708): NetlinkEvent::FindParam(): Parameter 'STATE' not found
06-28 17:12:52.558 E/NetlinkEvent(  708): NetlinkEvent::FindParam(): Parameter 'TIME_NS' not found
06-28 17:12:52.558 E/NetlinkEvent(  708): NetlinkEvent::FindParam(): Parameter 'UID' not found
06-28 19:49:15.735 E/ActivityThread(17808): Failed to find provider info for com.transsion.tpush.tpms.PushContentProvider
06-28 20:05:10.470 E/FrameworkListener(  708): read() failed (Connection reset by peer)
06-28 20:05:10.478 E/FrameworkListener(  708): read() failed (Connection reset by peer)
06-28 20:05:15.720 E/NetlinkEvent(  708): NetlinkEvent::FindParam(): Parameter 'INTERFACE' not found
06-28 20:05:15.720 E/NetlinkEvent(  708): NetlinkEvent::FindParam(): Parameter 'STATE' not found
06-28 20:05:15.720 E/NetlinkEvent(  708): NetlinkEvent::FindParam(): Parameter 'TIME_NS' not found
06-28 20:05:15.720 E/NetlinkEvent(  708): NetlinkEvent::FindParam(): Parameter 'UID' not found
06-28 20:05:19.526 E/ActivityThread(21919): Failed to find provider info for com.facebook.wakizashi.provider.LastUsedTimestampProvider
06-28 20:05:19.535 E/ActivityThread(21919): Failed to find provider info for com.facebook.orca.provider.LastUsedTimestampProvider
06-28 20:05:19.537 E/ActivityThread(21919): Failed to find provider info for com.facebook.lite.provider.LastUsedTimestampProvider
06-28 20:06:51.767 E/NetlinkEvent(  708): NetlinkEvent::FindParam(): Parameter 'INTERFACE' not found
06-28 20:06:51.767 E/NetlinkEvent(  708): NetlinkEvent::FindParam(): Parameter 'STATE' not found
06-28 20:06:51.767 E/NetlinkEvent(  708): NetlinkEvent::FindParam(): Parameter 'TIME_NS' not found
06-28 20:06:51.767 E/NetlinkEvent(  708): NetlinkEvent::FindParam(): Parameter 'UID' not found
06-28 20:07:50.907 E/ActivityThread(22861): Failed to find provider info for com.microsoft.yourphonecompanion.contentprovider.featureoverride
06-28 20:07:50.952 E/ActivityThread(22861): Failed to find provider info for com.samsung.android.mdx.windowslink.Tile.Provider
06-28 20:07:54.324 E/ActivityThread(22861): Failed to find provider info for com.microsoft.intune.mam.policy
06-28 20:08:06.146 E/ActivityThread(23134): Failed to find provider info for com.transsion.tpush.tpms.PushContentProvider
06-28 20:23:35.084 E/ActivityThread(31924): Failed to find provider info for com.transsion.tpush.tpms.PushContentProvider
06-28 20:30:55.884 E/NotificationService( 1588): Suppressing notification from package by user request.
06-28 20:31:00.480 E/ActivityThread( 6314): Failed to find provider info for com.facebook.appmanager.firstparty.crashreporter
06-28 20:31:02.953 E/ActivityThread( 6314): Failed to find provider info for com.android.launcher3.cornermark.unreadbadge
06-28 20:31:11.159 E/KernelCpuUidUserSysTimeReader( 1588): Negative user/sys time delta for UID=10183
06-28 20:31:11.159 E/KernelCpuUidUserSysTimeReader( 1588): Prev times: u=1927880000 s=1078710000 Curr times: u=1926600000 s=1077940000
06-28 20:31:21.907 E/LoadedApk( 1588): Unable to instantiate appComponentFactory
06-28 20:31:21.907 E/LoadedApk( 1588): java.lang.ClassNotFoundException: Didn't find class "androidx.core.app.CoreComponentFactory" on path: DexPathList[[],nativeLibraryDirectories=[/data/app/com.android.chrome-FaOO10luA_wkwfH8-TH-fA==/lib/arm64, /data/app/com.android.chrome-FaOO10luA_wkwfH8-TH-fA==/base.apk!/lib/arm64-v8a, /data/app/com.google.android.trichromelibrary_782711433-rDXKUS8-83AVIr5gpmRe4w==/base.apk!/lib/arm64-v8a, /system/lib64, /system/product/lib64]]
06-28 20:31:21.907 E/LoadedApk( 1588): 	at dalvik.system.BaseDexClassLoader.findClass(BaseDexClassLoader.java:196)
06-28 20:31:21.907 E/LoadedApk( 1588): 	at java.lang.ClassLoader.loadClass(ClassLoader.java:379)
06-28 20:31:21.907 E/LoadedApk( 1588): 	at java.lang.ClassLoader.loadClass(ClassLoader.java:312)
06-28 20:31:21.907 E/LoadedApk( 1588): 	at android.app.LoadedApk.createAppFactory(LoadedApk.java:256)
06-28 20:31:21.907 E/LoadedApk( 1588): 	at android.app.LoadedApk.updateApplicationInfo(LoadedApk.java:370)
06-28 20:31:21.907 E/LoadedApk( 1588): 	at android.app.ActivityThread.handleDispatchPackageBroadcast(ActivityThread.java:5952)
06-28 20:31:21.907 E/LoadedApk( 1588): 	at android.app.ActivityThread$H.handleMessage(ActivityThread.java:1942)
06-28 20:31:21.907 E/LoadedApk( 1588): 	at android.os.Handler.dispatchMessage(Handler.java:107)
06-28 20:31:21.907 E/LoadedApk( 1588): 	at android.os.Looper.loop(Looper.java:214)
06-28 20:31:21.907 E/LoadedApk( 1588): 	at com.android.server.SystemServer.run(SystemServer.java:564)
06-28 20:31:21.907 E/LoadedApk( 1588): 	at com.android.server.SystemServer.main(SystemServer.java:360)
06-28 20:31:21.907 E/LoadedApk( 1588): 	at java.lang.reflect.Method.invoke(Native Method)
06-28 20:31:21.907 E/LoadedApk( 1588): 	at com.android.internal.os.RuntimeInit$MethodAndArgsCaller.run(RuntimeInit.java:492)
06-28 20:31:21.907 E/LoadedApk( 1588): 	at com.android.internal.os.ZygoteInit.main(ZygoteInit.java:913)
06-28 20:31:23.625 E/LoadedApk( 1588): Unable to instantiate appComponentFactory
06-28 20:31:23.625 E/LoadedApk( 1588): java.lang.ClassNotFoundException: Didn't find class "androidx.core.app.CoreComponentFactory" on path: DexPathList[[],nativeLibraryDirectories=[/data/app/com.android.chrome-FaOO10luA_wkwfH8-TH-fA==/lib/arm64, /data/app/com.android.chrome-FaOO10luA_wkwfH8-TH-fA==/base.apk!/lib/arm64-v8a, /data/app/com.google.android.trichromelibrary_782711433-rDXKUS8-83AVIr5gpmRe4w==/base.apk!/lib/arm64-v8a, /system/lib64, /system/product/lib64]]
06-28 20:31:23.625 E/LoadedApk( 1588): 	at dalvik.system.BaseDexClassLoader.findClass(BaseDexClassLoader.java:196)
06-28 20:31:23.625 E/LoadedApk( 1588): 	at java.lang.ClassLoader.loadClass(ClassLoader.java:379)
06-28 20:31:23.625 E/LoadedApk( 1588): 	at java.lang.ClassLoader.loadClass(ClassLoader.java:312)
06-28 20:31:23.625 E/LoadedApk( 1588): 	at android.app.LoadedApk.createAppFactory(LoadedApk.java:256)
06-28 20:31:23.625 E/LoadedApk( 1588): 	at android.app.LoadedApk.updateApplicationInfo(LoadedApk.java:370)
06-28 20:31:23.625 E/LoadedApk( 1588): 	at android.app.ActivityThread.handleDispatchPackageBroadcast(ActivityThread.java:5952)
06-28 20:31:23.625 E/LoadedApk( 1588): 	at android.app.ActivityThread$H.handleMessage(ActivityThread.java:1942)
06-28 20:31:23.625 E/LoadedApk( 1588): 	at android.os.Handler.dispatchMessage(Handler.java:107)
06-28 20:31:23.625 E/LoadedApk( 1588): 	at android.os.Looper.loop(Looper.java:214)
06-28 20:31:23.625 E/LoadedApk( 1588): 	at com.android.server.SystemServer.run(SystemServer.java:564)
06-28 20:31:23.625 E/LoadedApk( 1588): 	at com.android.server.SystemServer.main(SystemServer.java:360)
06-28 20:31:23.625 E/LoadedApk( 1588): 	at java.lang.reflect.Method.invoke(Native Method)
06-28 20:31:23.625 E/LoadedApk( 1588): 	at com.android.internal.os.RuntimeInit$MethodAndArgsCaller.run(RuntimeInit.java:492)
06-28 20:31:23.625 E/LoadedApk( 1588): 	at com.android.internal.os.ZygoteInit.main(ZygoteInit.java:913)
06-28 20:31:27.236 E/WindowManager( 1588): App trying to use insecure INPUT_FEATURE_NO_INPUT_CHANNEL flag. Ignoring
06-28 20:31:56.848 E/BatteryExternalStatsWorker( 1588): no controller energy info supplied for bluetooth
06-28 20:31:57.113 E/WindowManager( 1588): App trying to use insecure INPUT_FEATURE_NO_INPUT_CHANNEL flag. Ignoring
06-28 20:32:30.322 E/BatteryExternalStatsWorker( 1588): no controller energy info supplied for bluetooth
06-28 20:34:57.192 E/BatteryExternalStatsWorker( 1588): no controller energy info supplied for bluetooth
06-28 20:36:19.226 E/ClipboardService( 1588): Denying clipboard access to com.dubox.drive, application is not in focus neither is a system service for user 0
06-28 20:36:19.226 E/ClipboardService( 1588): Denying clipboard access to com.PYOPYO.StarTracker, application is not in focus neither is a system service for user 0
06-28 20:36:23.187 E/ClipboardService( 1588): Denying clipboard access to com.dubox.drive, application is not in focus neither is a system service for user 0
06-28 20:36:23.188 E/ClipboardService( 1588): Denying clipboard access to com.PYOPYO.StarTracker, application is not in focus neither is a system service for user 0
06-28 20:36:27.684 E/ClipboardService( 1588): Denying clipboard access to com.dubox.drive, application is not in focus neither is a system service for user 0
06-28 20:36:27.685 E/ClipboardService( 1588): Denying clipboard access to com.PYOPYO.StarTracker, application is not in focus neither is a system service for user 0
06-28 20:36:31.819 E/ClipboardService( 1588): Denying clipboard access to com.dubox.drive, application is not in focus neither is a system service for user 0
06-28 20:36:31.819 E/ClipboardService( 1588): Denying clipboard access to com.PYOPYO.StarTracker, application is not in focus neither is a system service for user 0
06-28 20:36:35.112 E/ClipboardService( 1588): Denying clipboard access to com.dubox.drive, application is not in focus neither is a system service for user 0
06-28 20:36:35.112 E/ClipboardService( 1588): Denying clipboard access to com.PYOPYO.StarTracker, application is not in focus neither is a system service for user 0
06-28 20:36:38.846 E/ClipboardService( 1588): Denying clipboard access to com.dubox.drive, application is not in focus neither is a system service for user 0
06-28 20:36:38.846 E/ClipboardService( 1588): Denying clipboard access to com.PYOPYO.StarTracker, application is not in focus neither is a system service for user 0
06-28 20:36:42.553 E/ClipboardService( 1588): Denying clipboard access to com.dubox.drive, application is not in focus neither is a system service for user 0
06-28 20:36:42.554 E/ClipboardService( 1588): Denying clipboard access to com.PYOPYO.StarTracker, application is not in focus neither is a system service for user 0
06-28 20:36:47.343 E/ClipboardService( 1588): Denying clipboard access to com.dubox.drive, application is not in focus neither is a system service for user 0
06-28 20:36:47.344 E/ClipboardService( 1588): Denying clipboard access to com.PYOPYO.StarTracker, application is not in focus neither is a system service for user 0
06-28 20:36:51.315 E/ClipboardService( 1588): Denying clipboard access to com.dubox.drive, application is not in focus neither is a system service for user 0
06-28 20:36:51.315 E/ClipboardService( 1588): Denying clipboard access to com.PYOPYO.StarTracker, application is not in focus neither is a system service for user 0
06-28 20:36:55.916 E/ClipboardService( 1588): Denying clipboard access to com.dubox.drive, application is not in focus neither is a system service for user 0
06-28 20:36:55.916 E/ClipboardService( 1588): Denying clipboard access to com.PYOPYO.StarTracker, application is not in focus neither is a system service for user 0
06-28 20:36:58.905 E/ClipboardService( 1588): Denying clipboard access to com.dubox.drive, application is not in focus neither is a system service for user 0
06-28 20:36:58.906 E/ClipboardService( 1588): Denying clipboard access to com.PYOPYO.StarTracker, application is not in focus neither is a system service for user 0
06-28 20:37:01.959 E/ClipboardService( 1588): Denying clipboard access to com.dubox.drive, application is not in focus neither is a system service for user 0
06-28 20:37:01.959 E/ClipboardService( 1588): Denying clipboard access to com.PYOPYO.StarTracker, application is not in focus neither is a system service for user 0
06-28 20:37:05.545 E/ClipboardService( 1588): Denying clipboard access to com.dubox.drive, application is not in focus neither is a system service for user 0
06-28 20:37:05.545 E/ClipboardService( 1588): Denying clipboard access to com.PYOPYO.StarTracker, application is not in focus neither is a system service for user 0
06-28 20:37:09.540 E/ClipboardService( 1588): Denying clipboard access to com.dubox.drive, application is not in focus neither is a system service for user 0
06-28 20:37:09.540 E/ClipboardService( 1588): Denying clipboard access to com.PYOPYO.StarTracker, application is not in focus neither is a system service for user 0
06-28 20:37:12.662 E/ClipboardService( 1588): Denying clipboard access to com.dubox.drive, application is not in focus neither is a system service for user 0
06-28 20:37:12.662 E/ClipboardService( 1588): Denying clipboard access to com.PYOPYO.StarTracker, application is not in focus neither is a system service for user 0
06-28 20:37:16.106 E/ClipboardService( 1588): Denying clipboard access to com.dubox.drive, application is not in focus neither is a system service for user 0
06-28 20:37:16.106 E/ClipboardService( 1588): Denying clipboard access to com.PYOPYO.StarTracker, application is not in focus neither is a system service for user 0
06-28 20:37:19.126 E/ClipboardService( 1588): Denying clipboard access to com.dubox.drive, application is not in focus neither is a system service for user 0
06-28 20:37:19.126 E/ClipboardService( 1588): Denying clipboard access to com.PYOPYO.StarTracker, application is not in focus neither is a system service for user 0
06-28 20:37:23.270 E/ClipboardService( 1588): Denying clipboard access to com.dubox.drive, application is not in focus neither is a system service for user 0
06-28 20:37:23.271 E/ClipboardService( 1588): Denying clipboard access to com.PYOPYO.StarTracker, application is not in focus neither is a system service for user 0
06-28 20:37:26.647 E/ClipboardService( 1588): Denying clipboard access to com.dubox.drive, application is not in focus neither is a system service for user 0
06-28 20:37:26.647 E/ClipboardService( 1588): Denying clipboard access to com.PYOPYO.StarTracker, application is not in focus neither is a system service for user 0
06-28 20:37:30.278 E/ClipboardService( 1588): Denying clipboard access to com.dubox.drive, application is not in focus neither is a system service for user 0
06-28 20:37:30.278 E/ClipboardService( 1588): Denying clipboard access to com.PYOPYO.StarTracker, application is not in focus neither is a system service for user 0
06-28 20:37:33.718 E/ClipboardService( 1588): Denying clipboard access to com.dubox.drive, application is not in focus neither is a system service for user 0
06-28 20:37:33.718 E/ClipboardService( 1588): Denying clipboard access to com.PYOPYO.StarTracker, application is not in focus neither is a system service for user 0
06-28 20:37:36.673 E/ClipboardService( 1588): Denying clipboard access to com.dubox.drive, application is not in focus neither is a system service for user 0
06-28 20:37:36.674 E/ClipboardService( 1588): Denying clipboard access to com.PYOPYO.StarTracker, application is not in focus neither is a system service for user 0
06-28 20:37:41.426 E/ClipboardService( 1588): Denying clipboard access to com.dubox.drive, application is not in focus neither is a system service for user 0
06-28 20:37:41.427 E/ClipboardService( 1588): Denying clipboard access to com.PYOPYO.StarTracker, application is not in focus neither is a system service for user 0
06-28 20:37:57.445 E/BatteryExternalStatsWorker( 1588): no controller energy info supplied for bluetooth
06-28 20:38:42.734 E/ClipboardService( 1588): Denying clipboard access to com.dubox.drive, application is not in focus neither is a system service for user 0
06-28 20:38:42.735 E/ClipboardService( 1588): Denying clipboard access to com.PYOPYO.StarTracker, application is not in focus neither is a system service for user 0
06-28 20:39:38.406 E/LoadedApk( 1588): Unable to instantiate appComponentFactory
06-28 20:39:38.406 E/LoadedApk( 1588): java.lang.ClassNotFoundException: Didn't find class "androidx.core.app.CoreComponentFactory" on path: DexPathList[[],nativeLibraryDirectories=[/data/app/com.android.chrome-FaOO10luA_wkwfH8-TH-fA==/lib/arm64, /data/app/com.android.chrome-FaOO10luA_wkwfH8-TH-fA==/base.apk!/lib/arm64-v8a, /data/app/com.google.android.trichromelibrary_782711433-rDXKUS8-83AVIr5gpmRe4w==/base.apk!/lib/arm64-v8a, /system/lib64, /system/product/lib64]]
06-28 20:39:38.406 E/LoadedApk( 1588): 	at dalvik.system.BaseDexClassLoader.findClass(BaseDexClassLoader.java:196)
06-28 20:39:38.406 E/LoadedApk( 1588): 	at java.lang.ClassLoader.loadClass(ClassLoader.java:379)
06-28 20:39:38.406 E/LoadedApk( 1588): 	at java.lang.ClassLoader.loadClass(ClassLoader.java:312)
06-28 20:39:38.406 E/LoadedApk( 1588): 	at android.app.LoadedApk.createAppFactory(LoadedApk.java:256)
06-28 20:39:38.406 E/LoadedApk( 1588): 	at android.app.LoadedApk.updateApplicationInfo(LoadedApk.java:370)
06-28 20:39:38.406 E/LoadedApk( 1588): 	at android.app.ActivityThread.handleDispatchPackageBroadcast(ActivityThread.java:5952)
06-28 20:39:38.406 E/LoadedApk( 1588): 	at android.app.ActivityThread$H.handleMessage(ActivityThread.java:1942)
06-28 20:39:38.406 E/LoadedApk( 1588): 	at android.os.Handler.dispatchMessage(Handler.java:107)
06-28 20:39:38.406 E/LoadedApk( 1588): 	at android.os.Looper.loop(Looper.java:214)
06-28 20:39:38.406 E/LoadedApk( 1588): 	at com.android.server.SystemServer.run(SystemServer.java:564)
06-28 20:39:38.406 E/LoadedApk( 1588): 	at com.android.server.SystemServer.main(SystemServer.java:360)
06-28 20:39:38.406 E/LoadedApk( 1588): 	at java.lang.reflect.Method.invoke(Native Method)
06-28 20:39:38.406 E/LoadedApk( 1588): 	at com.android.internal.os.RuntimeInit$MethodAndArgsCaller.run(RuntimeInit.java:492)
06-28 20:39:38.406 E/LoadedApk( 1588): 	at com.android.internal.os.ZygoteInit.main(ZygoteInit.java:913)
06-28 20:39:38.433 E/LoadedApk( 1588): Unable to instantiate appComponentFactory
06-28 20:39:38.433 E/LoadedApk( 1588): java.lang.ClassNotFoundException: Didn't find class "androidx.core.app.CoreComponentFactory" on path: DexPathList[[],nativeLibraryDirectories=[/data/app/com.android.chrome-FaOO10luA_wkwfH8-TH-fA==/lib/arm64, /data/app/com.android.chrome-FaOO10luA_wkwfH8-TH-fA==/base.apk!/lib/arm64-v8a, /data/app/com.google.android.trichromelibrary_782711433-rDXKUS8-83AVIr5gpmRe4w==/base.apk!/lib/arm64-v8a, /system/lib64, /system/product/lib64]]
06-28 20:39:38.433 E/LoadedApk( 1588): 	at dalvik.system.BaseDexClassLoader.findClass(BaseDexClassLoader.java:196)
06-28 20:39:38.433 E/LoadedApk( 1588): 	at java.lang.ClassLoader.loadClass(ClassLoader.java:379)
06-28 20:39:38.433 E/LoadedApk( 1588): 	at java.lang.ClassLoader.loadClass(ClassLoader.java:312)
06-28 20:39:38.433 E/LoadedApk( 1588): 	at android.app.LoadedApk.createAppFactory(LoadedApk.java:256)
06-28 20:39:38.433 E/LoadedApk( 1588): 	at android.app.LoadedApk.updateApplicationInfo(LoadedApk.java:370)
06-28 20:39:38.433 E/LoadedApk( 1588): 	at android.app.ActivityThread.handleDispatchPackageBroadcast(ActivityThread.java:5952)
06-28 20:39:38.433 E/LoadedApk( 1588): 	at android.app.ActivityThread$H.handleMessage(ActivityThread.java:1942)
06-28 20:39:38.433 E/LoadedApk( 1588): 	at android.os.Handler.dispatchMessage(Handler.java:107)
06-28 20:39:38.433 E/LoadedApk( 1588): 	at android.os.Looper.loop(Looper.java:214)
06-28 20:39:38.433 E/LoadedApk( 1588): 	at com.android.server.SystemServer.run(SystemServer.java:564)
06-28 20:39:38.433 E/LoadedApk( 1588): 	at com.android.server.SystemServer.main(SystemServer.java:360)
06-28 20:39:38.433 E/LoadedApk( 1588): 	at java.lang.reflect.Method.invoke(Native Method)
06-28 20:39:38.433 E/LoadedApk( 1588): 	at com.android.internal.os.RuntimeInit$MethodAndArgsCaller.run(RuntimeInit.java:492)
06-28 20:39:38.433 E/LoadedApk( 1588): 	at com.android.internal.os.ZygoteInit.main(ZygoteInit.java:913)
06-28 20:39:43.391 E/WindowManager( 1588): App trying to use insecure INPUT_FEATURE_NO_INPUT_CHANNEL flag. Ignoring
06-28 20:39:57.080 E/WindowManager( 1588): App trying to use insecure INPUT_FEATURE_NO_INPUT_CHANNEL flag. Ignoring
06-28 20:39:57.379 E/WindowManager( 1588): App trying to use insecure INPUT_FEATURE_NO_INPUT_CHANNEL flag. Ignoring
06-28 20:40:25.785 E/WindowManager( 1588): App trying to use insecure INPUT_FEATURE_NO_INPUT_CHANNEL flag. Ignoring
06-28 20:40:57.709 E/BatteryExternalStatsWorker( 1588): no controller energy info supplied for bluetooth
06-28 20:41:17.574 E/ActivityThread(11327): Failed to find provider info for com.transsion.tpush.tpms.PushContentProvider
06-28 20:41:18.529 E/WindowManager( 1588): App trying to use insecure INPUT_FEATURE_NO_INPUT_CHANNEL flag. Ignoring
06-28 20:41:27.105 E/ActivityThread(11653): Failed to find provider info for com.facebook.appmanager.firstparty.crashreporter
06-28 20:41:27.842 E/ActivityThread(11653): Failed to find provider info for com.android.launcher3.cornermark.unreadbadge
06-28 20:43:57.995 E/BatteryExternalStatsWorker( 1588): no controller energy info supplied for bluetooth
06-28 20:43:58.064 E/KernelCpuUidUserSysTimeReader( 1588): Negative user/sys time delta for UID=10200
06-28 20:43:58.064 E/KernelCpuUidUserSysTimeReader( 1588): Prev times: u=230880000 s=89780000 Curr times: u=230400000 s=89580000
06-28 20:44:19.448 E/ClipboardService( 1588): Denying clipboard access to com.dubox.drive, application is not in focus neither is a system service for user 0
06-28 20:44:30.955 E/WindowManager( 1588): App trying to use insecure INPUT_FEATURE_NO_INPUT_CHANNEL flag. Ignoring
06-28 20:44:31.226 E/WindowManager( 1588): App trying to use insecure INPUT_FEATURE_NO_INPUT_CHANNEL flag. Ignoring
06-28 20:46:32.884 E/ActivityThread(14021): Failed to find provider info for com.facebook.appmanager.firstparty.crashreporter
06-28 20:46:33.558 E/ActivityThread(14021): Failed to find provider info for com.android.launcher3.cornermark.unreadbadge
06-28 20:46:58.336 E/BatteryExternalStatsWorker( 1588): no controller energy info supplied for bluetooth
06-28 20:47:39.444 E/AndroidRuntime( 9423): FATAL EXCEPTION: main
06-28 20:47:39.444 E/AndroidRuntime( 9423): Process: com.example.laketownturf, PID: 9423
06-28 20:47:39.444 E/AndroidRuntime( 9423): com.google.firebase.firestore.FirebaseFirestoreException: PERMISSION_DENIED: Missing or insufficient permissions.
06-28 20:47:39.444 E/AndroidRuntime( 9423): 	at com.google.firebase.firestore.util.Util.exceptionFromStatus(Util.java:113)
06-28 20:47:39.444 E/AndroidRuntime( 9423): 	at com.google.firebase.firestore.core.EventManager.onError(EventManager.java:247)
06-28 20:47:39.444 E/AndroidRuntime( 9423): 	at com.google.firebase.firestore.core.SyncEngine.removeAndCleanupTarget(SyncEngine.java:642)
06-28 20:47:39.444 E/AndroidRuntime( 9423): 	at com.google.firebase.firestore.core.SyncEngine.handleRejectedListen(SyncEngine.java:478)
06-28 20:47:39.444 E/AndroidRuntime( 9423): 	at com.google.firebase.firestore.core.MemoryComponentProvider$RemoteStoreCallback.handleRejectedListen(MemoryComponentProvider.java:125)
06-28 20:47:39.444 E/AndroidRuntime( 9423): 	at com.google.firebase.firestore.remote.RemoteStore.processTargetError(RemoteStore.java:596)
06-28 20:47:39.444 E/AndroidRuntime( 9423): 	at com.google.firebase.firestore.remote.RemoteStore.handleWatchChange(RemoteStore.java:479)
06-28 20:47:39.444 E/AndroidRuntime( 9423): 	at com.google.firebase.firestore.remote.RemoteStore.access$100(RemoteStore.java:60)
06-28 20:47:39.444 E/AndroidRuntime( 9423): 	at com.google.firebase.firestore.remote.RemoteStore$1.onWatchChange(RemoteStore.java:188)
06-28 20:47:39.444 E/AndroidRuntime( 9423): 	at com.google.firebase.firestore.remote.WatchStream.onNext(WatchStream.java:114)
06-28 20:47:39.444 E/AndroidRuntime( 9423): 	at com.google.firebase.firestore.remote.WatchStream.onNext(WatchStream.java:38)
06-28 20:47:39.444 E/AndroidRuntime( 9423): 	at com.google.firebase.firestore.remote.AbstractStream$StreamObserver.lambda$onNext$1$com-google-firebase-firestore-remote-AbstractStream$StreamObserver(AbstractStream.java:126)
06-28 20:47:39.444 E/AndroidRuntime( 9423): 	at com.google.firebase.firestore.remote.AbstractStream$StreamObserver$$ExternalSyntheticLambda0.run(D8$$SyntheticClass:0)
06-28 20:47:39.444 E/AndroidRuntime( 9423): 	at com.google.firebase.firestore.remote.AbstractStream$CloseGuardedRunner.run(AbstractStream.java:67)
06-28 20:47:39.444 E/AndroidRuntime( 9423): 	at com.google.firebase.firestore.remote.AbstractStream$StreamObserver.onNext(AbstractStream.java:113)
06-28 20:47:39.444 E/AndroidRuntime( 9423): 	at com.google.firebase.firestore.remote.FirestoreChannel$1.onMessage(FirestoreChannel.java:162)
06-28 20:47:39.444 E/AndroidRuntime( 9423): 	at io.grpc.internal.ClientCallImpl$ClientStreamListenerImpl$1MessagesAvailable.runInternal(ClientCallImpl.java:667)
06-28 20:47:39.444 E/AndroidRuntime( 9423): 	at io.grpc.internal.ClientCallImpl$ClientStreamListenerImpl$1MessagesAvailable.runInContext(ClientCallImpl.java:654)
06-28 20:47:39.444 E/AndroidRuntime( 9423): 	at io.grpc.internal.ContextRunnable.run(ContextRunnable.java:37)
06-28 20:47:39.444 E/AndroidRuntime( 9423): 	at io.grpc.internal.SerializingExecutor.run(SerializingExecutor.java:133)
06-28 20:47:39.444 E/AndroidRuntime( 9423): 	at java.util.concurrent.Executors$RunnableAdapter.call(Executors.java:462)
06-28 20:47:39.444 E/AndroidRuntime( 9423): 	at java.util.concurrent.FutureTask.run(FutureTask.java:266)
06-28 20:47:39.444 E/AndroidRuntime( 9423): 	at java.util.concurrent.ScheduledThreadPoolExecutor$ScheduledFutureTask.run(ScheduledThreadPoolExecutor.java:301)
06-28 20:47:39.444 E/AndroidRuntime( 9423): 	at java.util.concurrent.ThreadPoolExecutor.runWorker(ThreadPoolExecutor.java:1167)
06-28 20:47:39.444 E/AndroidRuntime( 9423): 	at java.util.concurrent.ThreadPoolExecutor$Worker.run(ThreadPoolExecutor.java:641)
06-28 20:47:39.444 E/AndroidRuntime( 9423): 	at com.google.firebase.firestore.util.AsyncQueue$SynchronizedShutdownAwareExecutor$DelayedStartFactory.run(AsyncQueue.java:235)
06-28 20:47:39.444 E/AndroidRuntime( 9423): 	at java.lang.Thread.run(Thread.java:919)
06-28 20:47:39.444 E/AndroidRuntime( 9423): 	Suppressed: kotlinx.coroutines.internal.DiagnosticCoroutineContextException: [StandaloneCoroutine{Cancelling}@7444767, Dispatchers.Main.immediate]
06-28 20:47:39.444 E/AndroidRuntime( 9423): Caused by: io.grpc.StatusException: PERMISSION_DENIED: Missing or insufficient permissions.
06-28 20:47:39.444 E/AndroidRuntime( 9423): 	at io.grpc.Status.asException(Status.java:541)
06-28 20:47:39.444 E/AndroidRuntime( 9423): 	at com.google.firebase.firestore.util.Util.exceptionFromStatus(Util.java:111)
06-28 20:47:39.444 E/AndroidRuntime( 9423): 	... 26 more
06-28 20:47:40.192 E/WindowManager( 1588): App trying to use insecure INPUT_FEATURE_NO_INPUT_CHANNEL flag. Ignoring
06-28 20:48:01.877 E/NotificationService( 1588): Suppressing notification from package by user request.
06-28 20:48:02.036 E/NotificationService( 1588): Suppressing notification from package by user request.
06-28 20:48:02.061 E/NotificationService( 1588): Suppressing notification from package by user request.
06-28 20:48:02.073 E/NotificationService( 1588): Suppressing notification from package by user request.
06-28 20:48:02.114 E/NotificationService( 1588): Suppressing notification from package by user request.
06-28 20:48:02.278 E/NotificationService( 1588): Suppressing notification from package by user request.
06-28 20:48:02.445 E/NotificationService( 1588): Suppressing notification from package by user request.
06-28 20:48:02.469 E/NotificationService( 1588): Suppressing notification from package by user request.
06-28 20:48:02.903 E/NotificationService( 1588): Suppressing notification from package by user request.
06-28 20:48:03.095 E/NotificationService( 1588): Suppressing notification from package by user request.
06-28 20:48:03.158 E/NotificationService( 1588): Suppressing notification from package by user request.
06-28 20:48:03.301 E/NotificationService( 1588): Suppressing notification from package by user request.
06-28 20:48:03.461 E/NotificationService( 1588): Suppressing notification from package by user request.
06-28 20:48:04.372 E/NotificationService( 1588): Suppressing notification from package by user request.
06-28 20:48:19.365 E/ClipboardService( 1588): Denying clipboard access to com.dubox.drive, application is not in focus neither is a system service for user 0
06-28 20:48:38.812 E/BatteryExternalStatsWorker( 1588): no controller energy info supplied for bluetooth
06-28 20:48:38.950 E/BatteryExternalStatsWorker( 1588): no controller energy info supplied for bluetooth
06-28 20:48:39.925 E/AdbDebuggingManager( 1588): Caught an exception opening the socket: java.io.IOException: Connection refused
06-28 20:48:48.344 E/BatteryExternalStatsWorker( 1588): no controller energy info supplied for bluetooth
06-28 20:48:48.621 E/BatteryExternalStatsWorker( 1588): no controller energy info supplied for bluetooth
06-28 20:48:48.663 E/KernelCpuUidUserSysTimeReader( 1588): Negative user/sys time delta for UID=10456
06-28 20:48:48.663 E/KernelCpuUidUserSysTimeReader( 1588): Prev times: u=184930000 s=63840000 Curr times: u=184630000 s=63670000
06-28 20:48:49.583 E/BatteryExternalStatsWorker( 1588): no controller energy info supplied for bluetooth
06-28 20:48:50.109 E/ActivityManager( 1588): ANR in android.process.media
06-28 20:48:50.109 E/ActivityManager( 1588): PID: 27220
06-28 20:48:50.109 E/ActivityManager( 1588): Reason: Broadcast of Intent { act=android.hardware.usb.action.USB_STATE flg=0x31000010 cmp=com.android.providers.media/.MtpReceiver (has extras) }
06-28 20:48:50.109 E/ActivityManager( 1588): Load: 0.0 / 0.0 / 0.0
06-28 20:48:50.109 E/ActivityManager( 1588): CPU usage from 10723ms to 2319ms ago (2026-06-28 20:48:39.130 to 2026-06-28 20:48:47.534):
06-28 20:48:50.109 E/ActivityManager( 1588):   14% 5951/com.microsoft.office.officehubrow:mediaprocess: 0% user + 14% kernel / faults: 633 minor 54 major
06-28 20:48:50.109 E/ActivityManager( 1588):   73% 27220/android.process.media: 0% user + 73% kernel / faults: 49 minor 10 major
06-28 20:48:50.109 E/ActivityManager( 1588):   47% 1588/system_server: 22% user + 25% kernel / faults: 4615 minor 10 major
06-28 20:48:50.109 E/ActivityManager( 1588):   40% 88/kcompactd0: 0% user + 40% kernel
06-28 20:48:50.109 E/ActivityManager( 1588):   21% 12095/com.android.systemui: 17% user + 3.5% kernel / faults: 6314 minor 49 major
06-28 20:48:50.109 E/ActivityManager( 1588):   11% 791/surfaceflinger: 6.4% user + 5.4% kernel / faults: 89 minor
06-28 20:48:50.109 E/ActivityManager( 1588):   6.4% 443/mmc-cmdqd/0: 0% user + 6.4% kernel
06-28 20:48:50.109 E/ActivityManager( 1588):   6.4% 3888/com.google.android.googlequicksearchbox:interactor: 5.6% user + 0.8% kernel / faults: 565 minor 1 major
06-28 20:48:50.109 E/ActivityManager( 1588):   6.1% 149/kswapd0: 0% user + 6.1% kernel
06-28 20:48:50.109 E/ActivityManager( 1588):   4.1% 753/android.hardware.graphics.composer@2.1-service: 1.7% user + 2.3% kernel / faults: 25 minor
06-28 20:48:50.109 E/ActivityManager( 1588):   3.9% 31887/kworker/u16:0: 0% user + 3.9% kernel
06-28 20:48:50.109 E/ActivityManager( 1588):   3.6% 4510/com.microsoft.appmanager: 2.2% user + 1.4% kernel / faults: 1126 minor 2 major
06-28 20:48:50.109 E/ActivityManager( 1588):   3% 9029/kworker/u16:6: 0% user + 3% kernel
06-28 20:48:50.109 E/ActivityManager( 1588):   2.8% 12855/com.google.android.gms.persistent: 1.7% user + 1% kernel / faults: 1774 minor 7 major
06-28 20:48:50.109 E/ActivityManager( 1588):   2.5% 5485/com.athermobileapp: 1.5% user + 1% kernel / faults: 144 minor 2 major
06-28 20:48:50.109 E/ActivityManager( 1588):   2.5% 9027/kworker/u16:3: 0% user + 2.5% kernel
06-28 20:48:50.109 E/ActivityManager( 1588):   2.4% 4041/com.evenwell.PowerMonitor: 1.5% user + 0.9% kernel / faults: 1735 minor
06-28 20:48:50.109 E/ActivityManager( 1588):   2% 31888/kworker/u16:2: 0% user + 2% kernel
06-28 20:48:50.109 E/ActivityManager( 1588):   1.9% 741/android.hardware.audio@2.0-service: 0.4% user + 1.5% kernel / faults: 17 minor
06-28 20:48:50.109 E/ActivityManager( 1588):   1.7% 21948/com.android.launcher3: 1.4% user + 0.3% kernel / faults: 282 minor 1 major
06-28 20:48:50.109 E/ActivityManager( 1588):   1.6% 573/logd: 1% user + 0.5% kernel / faults: 9 minor
06-28 20:48:50.109 E/ActivityManager( 1588):   1.4% 758/android.hardware.sensors@1.0-service: 0.4% user + 0.9% kernel / faults: 19 minor
06-28 20:48:50.109 E/ActivityManager( 1588):   1.2% 787/audioserver: 0.9% user + 0.3% kernel / faults: 22 minor
06-28 20:48:50.109 E/ActivityManager( 1588):   1% 3424/kworker/u16:11: 0% user + 1% kernel
06-28 20:48:50.109 E/ActivityManager( 1588):   0.9% 559/ueventd: 0.9% user + 0% kernel / faults: 16 minor
06-28 20:48:50.109 E/ActivityManager( 1588):   0.9% 709/zygote64: 0.2% user + 0.7% kernel / faults: 1006 minor
06-28 20:48:50.109 E/ActivityManager( 1588):   0.9% 752/android.hardware.graphics.allocator@2.0-service: 0% user + 0.9% kernel / faults: 38 minor
06-28 20:48:50.109 E/ActivityManager( 1588):   0.9% 8312/com.evenwell.batteryprotect: 0.3% user + 0.5% kernel / faults: 2608 minor 726 major
06-28 20:48:50.109 E/ActivityManager( 1588):   0.8% 2903/com.android.phone: 0.7% user + 0.1% kernel / faults: 192 minor 2 major
06-28 20:48:50.109 E/ActivityManager( 1588):   0.8% 27586/mdss_fb0: 0% user + 0.8% kernel
06-28 20:48:50.109 E/ActivityManager( 1588):   0.7% 756/android.hardware.memtrack@1.0-service: 0% user + 0.7% kernel / faults: 1 minor
06-28 20:48:50.109 E/ActivityManager( 1588):   0.7% 1040/storaged: 0.1% user + 0.5% kernel / faults: 12 minor
06-28 20:48:50.109 E/ActivityManager( 1588):   0.5% 287/kgsl_worker_thr: 0% user + 0.5% kernel
06-28 20:48:50.109 E/ActivityManager( 1588):   0.5% 1038/statsd: 0.3% user + 0.2% kernel / faults: 14 minor
06-28 20:48:50.109 E/ActivityManager( 1588):   0.5% 14323/com.google.android.gms: 0.2% user + 0.3% kernel / faults: 317 minor
06-28 20:48:50.109 E/ActivityManager( 1588):   0.4% 575/hwservicemanager: 0.3% user + 0.1% kernel / faults: 3 minor
06-28 20:48:50.109 E/ActivityManager( 1588):   0.4% 763/android.hardware.wifi@1.0-service: 0.1% user + 0.3% kernel / faults: 73 minor
06-28 20:48:50.109 E/ActivityManager( 1588):   0.4% 6207/com.dubox.drive: 0.4% user + 0% kernel / faults: 430 minor 9 major
06-28 20:48:50.109 E/ActivityManager( 1588):   0.4% 14302/com.google.android.googlequicksearchbox:googleapp: 0.4% user + 0% kernel / faults: 1488 minor 1 major
06-28 20:48:50.109 E/ActivityManager( 1588):   0.4% 14364/kworker/0:1H: 0% user + 0.4% kernel
06-28 20:48:50.109 E/ActivityManager( 1588):   0.3% 3/ksoftirqd/0: 0% user + 0.3% kernel
06-28 20:48:50.109 E/ActivityManager( 1588):   0.3% 76/lpass_smem_glin: 0% user + 0.3% kernel
06-28 20:48:50.109 E/ActivityManager( 1588):   0.3% 79/smem_native_rpm: 0% user + 0.3% kernel
06-28 20:48:50.109 E/ActivityManager( 1588):   0% 450/irq/94-spdm_bw_: 0% user + 0% kernel
06-28 20:48:50.109 E/ActivityManager( 1588):   0.3% 574/servicemanager: 0.1% user + 0.2% kernel / faults: 4 minor
06-28 20:48:50.109 E/ActivityManager( 1588):   0.3% 593/jbd2/mmcblk0p85: 0% user + 0.3% kernel
06-28 20:48:50.109 E/ActivityManager( 1588):   0.3% 626/android.hardware.keymaster@3.0-service-qti: 0% user + 0.3% kernel / faults: 44 minor
06-28 20:48:50.109 E/ActivityManager( 1588):   0.3% 754/android.hardware.health@2.0-service: 0% user + 0.3% kernel / faults: 4 minor
06-28 20:48:50.109 E/ActivityManager( 1588):   0% 771/vendor.qti.hardware.perf@2.0-service: 0% user + 0% kernel / faults: 174 minor
06-28 20:48:50.109 E/ActivityManager( 1588):   0% 1017/hvdcp_opti: 0% user + 0% kernel / faults: 97 minor
06-28 20:48:50.109 E/ActivityManager( 1588):   0% 1031/keystore: 0% user + 0% kernel / faults: 470 minor 1 major
06-28 20:48:50.109 E/ActivityManager( 1588):   0.3% 14848/kworker/u17:0: 0% user + 0.3% kernel
06-28 20:48:50.109 E/ActivityManager( 1588):   0.3% 17710/irq/61-1008000.
06-28 20:48:52.826 E/BatteryExternalStatsWorker( 1588): no controller energy info supplied for bluetooth
06-28 20:48:53.281 E/NotificationService( 1588): Suppressing notification from package by user request.
06-28 20:48:53.485 E/NotificationService( 1588): Suppressing notification from package by user request.
06-28 20:48:53.490 E/NotificationService( 1588): Suppressing notification from package by user request.
06-28 20:48:53.792 E/ActivityThread(15568): Failed to find provider info for com.facebook.appmanager.firstparty.crashreporter
06-28 20:48:54.327 E/NotificationService( 1588): Suppressing notification from package by user request.
06-28 20:48:59.057 E/BatteryExternalStatsWorker( 1588): no controller energy info supplied for bluetooth
06-28 20:49:00.128 E/BatteryExternalStatsWorker( 1588): no controller energy info supplied for bluetooth
06-28 20:49:07.907 E/BatteryExternalStatsWorker( 1588): no controller energy info supplied for bluetooth
06-28 20:49:09.596 E/AdbDebuggingManager( 1588): Caught an exception opening the socket: java.io.IOException: Connection refused
06-28 20:49:11.021 E/AppIdleHistory( 1588): Error writing app idle file for user 0
06-28 20:49:58.596 E/BatteryExternalStatsWorker( 1588): no controller energy info supplied for bluetooth
06-28 20:50:23.083 E/ConnectivityService( 1588): BUG: NetworkAgentInfo{ ni{[type: WIFI[], state: CONNECTED/CONNECTED, reason: (unspecified), extra: (none), failover: false, available: true, roaming: false]}  network{576}  nethandle{2477306859533}  lp{{InterfaceName: wlan0 LinkAddresses: [ 192.168.1.6/24,fe80::48be:f5ff:fe43:ea7f/64,2401:4900:1c8e:5331:48be:f5ff:fe43:ea7f/64,2401:4900:1c8e:5331:709d:9b14:fb8b:b82a/64 ] DnsAddresses: [ /fe80::1,/192.168.1.1 ] Domains: null MTU: 0 TcpBufferSizes: 524288,1048576,2097152,262144,524288,1048576 Routes: [ fe80::/64 -> :: wlan0,::/0 -> fe80::1 wlan0,2401:4900:1c8e:5331::/64 -> fe80::1 wlan0,2401:4900:1c8e:5331::/64 -> :: wlan0,192.168.1.0/24 -> 0.0.0.0 wlan0,0.0.0.0/0 -> 192.168.1.1 wlan0 ]}}  nc{[ Transports: WIFI Capabilities: NOT_METERED&INTERNET&NOT_RESTRICTED&TRUSTED&NOT_VPN&VALIDATED&NOT_ROAMING&FOREGROUND&NOT_CONGESTED&NOT_SUSPENDED LinkUpBandwidth>=1048576Kbps LinkDnBandwidth>=1048576Kbps Specifier: <WifiNetworkAgentSpecifier [WifiConfiguration=, SSID="Airtel_Y5-2026", BSSID=6c:c6:3b:ab:09:ed, mOriginalRequestorUid=-1, mOriginalRequestorPackageName=]> SignalStrength: -69 SSID: "Airtel_Y5-2026"]}  Score{54}  everValidated{true}  lastValidated{true}  created{true} lingering{false} explicitlySelected{false} acceptUnvalidated{false} everCaptivePortalDetected{false} lastCaptivePortalDetected{false} captivePortalValidationPending{false} partialConnectivity{false} acceptPartialConnectivity{false} clat{mBaseIface: null, mIface: null, mState: IDLE} } lost immutable capabilities:specifier changed: WifiNetworkAgentSpecifier [WifiConfiguration=, SSID="Airtel_Y5-2026", BSSID=6c:c6:3b:ab:09:ed, mOriginalRequestorUid=-1, mOriginalRequestorPackageName=] -> WifiNetworkAgentSpecifier [WifiConfiguration=, SSID="Airtel_Y5-2026", BSSID=6c:c6:3b:ab:09:e9, mOriginalRequestorUid=-1, mOriginalRequestorPackageName=]
06-28 20:51:11.261 E/Nat464Xlat( 1588): getConfig: For config := persist.vendor.net.doxlat returned value := true
06-28 20:51:11.486 E/BatteryExternalStatsWorker( 1588): no controller energy info supplied for bluetooth
06-28 20:51:35.388 E/ActivityThread(17050): Failed to find provider info for com.facebook.appmanager.firstparty.crashreporter
06-28 20:51:36.378 E/ActivityThread(17050): Failed to find provider info for com.android.launcher3.cornermark.unreadbadge
06-28 20:51:47.752 E/Nat464Xlat( 1588): getConfig: For config := persist.vendor.net.doxlat returned value := true
06-28 20:51:47.929 E/ConnectivityService( 1588): Exception in addRoute for non-gateway: java.lang.IllegalStateException: android.os.ServiceSpecificException: Machine is not on the network (code 64)
06-28 20:51:47.930 E/ConnectivityService( 1588): Exception in addRoute for gateway: java.lang.IllegalStateException: android.os.ServiceSpecificException: Machine is not on the network (code 64)
06-28 20:51:47.931 E/Nat464Xlat( 1588): getConfig: For config := persist.vendor.net.doxlat returned value := true
06-28 20:51:48.070 E/DnsManager( 1588): Error setting DNS configuration: android.os.ServiceSpecificException: Machine is not on the network (code 64)
06-28 20:51:48.071 E/Nat464Xlat( 1588): getConfig: For config := persist.vendor.net.doxlat returned value := true
06-28 20:51:48.146 E/Nat464Xlat( 1588): getConfig: For config := persist.vendor.net.doxlat returned value := true
06-28 20:51:48.424 E/NetlinkEvent(  708): NetlinkEvent::FindParam(): Parameter 'INTERFACE' not found
06-28 20:51:48.424 E/NetlinkEvent(  708): NetlinkEvent::FindParam(): Parameter 'STATE' not found
06-28 20:51:48.424 E/NetlinkEvent(  708): NetlinkEvent::FindParam(): Parameter 'TIME_NS' not found
06-28 20:51:48.424 E/NetlinkEvent(  708): NetlinkEvent::FindParam(): Parameter 'UID' not found
06-28 20:51:48.788 E/Nat464Xlat( 1588): getConfig: For config := persist.vendor.net.doxlat returned value := true
06-28 20:51:49.341 E/Nat464Xlat( 1588): getConfig: For config := persist.vendor.net.doxlat returned value := true
06-28 20:51:50.488 E/Nat464Xlat( 1588): getConfig: For config := persist.vendor.net.doxlat returned value := true
06-28 20:52:00.518 E/ActivityThread(17468): Failed to find provider info for com.microsoft.yourphonecompanion.contentprovider.featureoverride
06-28 20:52:00.563 E/ActivityThread(17468): Failed to find provider info for com.samsung.android.mdx.windowslink.Tile.Provider
06-28 20:52:03.704 E/ActivityThread(17468): Failed to find provider info for com.microsoft.intune.mam.policy
06-28 20:52:59.066 E/BatteryExternalStatsWorker( 1588): no controller energy info supplied for bluetooth
--------- beginning of main
06-28 20:52:59.826 E/ANDR-IOP( 1037): IIop:: Iop HAL Service is not available.
06-28 20:53:00.316 E/Flipper (16673): Attempted to initialize in non-internal build
06-28 20:53:00.523 E/ANDR-PERF-MPCTL(  771): poll() has timed out for /sys/module/msm_performance/events/cpu_hotplug
06-28 20:53:00.523 E/ANDR-PERF-MPCTL(  771): Block on poll()
06-28 20:53:00.767 E/Perf    (17873): Fail to get file list com.internshala.app
06-28 20:53:00.767 E/Perf    (17873): getFolderSize() : Exception_1 = java.lang.NullPointerException: Attempt to get length of null array
06-28 20:53:00.767 E/Perf    (17873): Fail to get file list oat
06-28 20:53:00.768 E/Perf    (17873): getFolderSize() : Exception_1 = java.lang.NullPointerException: Attempt to get length of null array
06-28 20:53:01.061 E/BluetoothDevice(12855): BT not enabled. Cannot get remote device Uuids
06-28 20:53:01.062 E/BluetoothDevice(12855): BT not enabled. Cannot get remote device Uuids
06-28 20:53:03.365 E/BluetoothDevice(12855): BT not enabled. Cannot get remote device Uuids
06-28 20:53:03.366 E/BluetoothDevice(12855): BT not enabled. Cannot get remote device Uuids
06-28 20:53:03.526 E/ANDR-PERF-MPCTL(  771): poll() has timed out for /sys/module/msm_performance/events/cpu_hotplug
06-28 20:53:03.526 E/ANDR-PERF-MPCTL(  771): Block on poll()
06-28 20:53:04.139 E/BluetoothDevice(12855): BT not enabled. Cannot get remote device Uuids
06-28 20:53:04.139 E/BluetoothDevice(12855): BT not enabled. Cannot get remote device Uuids
06-28 20:53:06.165 E/BluetoothDevice(12855): BT not enabled. Cannot get remote device Uuids
06-28 20:53:06.166 E/BluetoothDevice(12855): BT not enabled. Cannot get remote device Uuids
06-28 20:53:06.529 E/ANDR-PERF-MPCTL(  771): poll() has timed out for /sys/module/msm_performance/events/cpu_hotplug
06-28 20:53:06.529 E/ANDR-PERF-MPCTL(  771): Block on poll()
06-28 20:53:07.685 E/BluetoothDevice(12855): BT not enabled. Cannot get remote device Uuids
06-28 20:53:07.686 E/BluetoothDevice(12855): BT not enabled. Cannot get remote device Uuids
06-28 20:53:09.530 E/ANDR-PERF-MPCTL(  771): poll() has timed out for /sys/module/msm_performance/events/cpu_hotplug
06-28 20:53:09.530 E/ANDR-PERF-MPCTL(  771): Block on poll()
06-28 20:53:09.966 E/BluetoothDevice(12855): BT not enabled. Cannot get remote device Uuids
06-28 20:53:09.967 E/BluetoothDevice(12855): BT not enabled. Cannot get remote device Uuids
06-28 20:53:10.722 E/BluetoothDevice(12855): BT not enabled. Cannot get remote device Uuids
06-28 20:53:10.723 E/BluetoothDevice(12855): BT not enabled. Cannot get remote device Uuids
06-28 20:53:12.000 E/BluetoothDevice(12855): BT not enabled. Cannot get remote device Uuids
06-28 20:53:12.001 E/BluetoothDevice(12855): BT not enabled. Cannot get remote device Uuids
06-28 20:53:12.530 E/ANDR-PERF-MPCTL(  771): poll() has timed out for /sys/module/msm_performance/events/cpu_hotplug
06-28 20:53:12.530 E/ANDR-PERF-MPCTL(  771): Block on poll()
06-28 20:53:14.288 E/BluetoothDevice(12855): BT not enabled. Cannot get remote device Uuids
06-28 20:53:14.288 E/BluetoothDevice(12855): BT not enabled. Cannot get remote device Uuids
06-28 20:53:15.047 E/BluetoothDevice(12855): BT not enabled. Cannot get remote device Uuids
06-28 20:53:15.047 E/BluetoothDevice(12855): BT not enabled. Cannot get remote device Uuids
06-28 20:53:15.533 E/ANDR-PERF-MPCTL(  771): poll() has timed out for /sys/module/msm_performance/events/cpu_hotplug
06-28 20:53:15.533 E/ANDR-PERF-MPCTL(  771): Block on poll()
06-28 20:53:16.577 E/BluetoothDevice(12855): BT not enabled. Cannot get remote device Uuids
06-28 20:53:16.578 E/BluetoothDevice(12855): BT not enabled. Cannot get remote device Uuids
06-28 20:53:18.536 E/ANDR-PERF-MPCTL(  771): poll() has timed out for /sys/module/msm_performance/events/cpu_hotplug
06-28 20:53:18.536 E/ANDR-PERF-MPCTL(  771): Block on poll()
06-28 20:53:19.382 E/BluetoothDevice(12855): BT not enabled. Cannot get remote device Uuids
06-28 20:53:19.383 E/BluetoothDevice(12855): BT not enabled. Cannot get remote device Uuids
06-28 20:53:20.909 E/BluetoothDevice(12855): BT not enabled. Cannot get remote device Uuids
06-28 20:53:20.909 E/BluetoothDevice(12855): BT not enabled. Cannot get remote device Uuids
06-28 20:53:21.539 E/ANDR-PERF-MPCTL(  771): poll() has timed out for /sys/module/msm_performance/events/cpu_hotplug
06-28 20:53:21.539 E/ANDR-PERF-MPCTL(  771): Block on poll()
06-28 20:53:21.673 E/BluetoothDevice(12855): BT not enabled. Cannot get remote device Uuids
06-28 20:53:21.674 E/BluetoothDevice(12855): BT not enabled. Cannot get remote device Uuids
06-28 20:53:23.712 E/BluetoothDevice(12855): BT not enabled. Cannot get remote device Uuids
06-28 20:53:23.713 E/BluetoothDevice(12855): BT not enabled. Cannot get remote device Uuids
06-28 20:53:24.542 E/ANDR-PERF-MPCTL(  771): poll() has timed out for /sys/module/msm_performance/events/cpu_hotplug
06-28 20:53:24.543 E/ANDR-PERF-MPCTL(  771): Block on poll()
06-28 20:53:25.242 E/BluetoothDevice(12855): BT not enabled. Cannot get remote device Uuids
06-28 20:53:25.243 E/BluetoothDevice(12855): BT not enabled. Cannot get remote device Uuids
06-28 20:53:25.500 E/Flipper (16673): Attempted to initialize in non-internal build
06-28 20:53:26.009 E/BluetoothDevice(12855): BT not enabled. Cannot get remote device Uuids
06-28 20:53:26.009 E/BluetoothDevice(12855): BT not enabled. Cannot get remote device Uuids
06-28 20:53:27.533 E/BluetoothDevice(12855): BT not enabled. Cannot get remote device Uuids
06-28 20:53:27.533 E/BluetoothDevice(12855): BT not enabled. Cannot get remote device Uuids
06-28 20:53:27.546 E/ANDR-PERF-MPCTL(  771): poll() has timed out for /sys/module/msm_performance/events/cpu_hotplug
06-28 20:53:27.546 E/ANDR-PERF-MPCTL(  771): Block on poll()
06-28 20:53:28.295 E/BluetoothDevice(12855): BT not enabled. Cannot get remote device Uuids
06-28 20:53:28.296 E/BluetoothDevice(12855): BT not enabled. Cannot get remote device Uuids
06-28 20:53:28.809 E/BluetoothDevice(12855): BT not enabled. Cannot get remote device Uuids
06-28 20:53:28.810 E/BluetoothDevice(12855): BT not enabled. Cannot get remote device Uuids
06-28 20:53:29.567 E/BluetoothDevice(12855): BT not enabled. Cannot get remote device Uuids
06-28 20:53:29.567 E/BluetoothDevice(12855): BT not enabled. Cannot get remote device Uuids
06-28 20:53:30.328 E/BluetoothDevice(12855): BT not enabled. Cannot get remote device Uuids
06-28 20:53:30.329 E/BluetoothDevice(12855): BT not enabled. Cannot get remote device Uuids
06-28 20:53:30.547 E/ANDR-PERF-MPCTL(  771): poll() has timed out for /sys/module/msm_performance/events/cpu_hotplug
06-28 20:53:30.547 E/ANDR-PERF-MPCTL(  771): Block on poll()
06-28 20:53:31.111 E/BluetoothDevice(12855): BT not enabled. Cannot get remote device Uuids
06-28 20:53:31.111 E/BluetoothDevice(12855): BT not enabled. Cannot get remote device Uuids
06-28 20:53:31.864 E/BluetoothDevice(12855): BT not enabled. Cannot get remote device Uuids
06-28 20:53:31.870 E/BluetoothDevice(12855): BT not enabled. Cannot get remote device Uuids
06-28 20:53:32.615 E/BluetoothDevice(12855): BT not enabled. Cannot get remote device Uuids
06-28 20:53:32.615 E/BluetoothDevice(12855): BT not enabled. Cannot get remote device Uuids
06-28 20:53:33.382 E/BluetoothDevice(12855): BT not enabled. Cannot get remote device Uuids
06-28 20:53:33.383 E/BluetoothDevice(12855): BT not enabled. Cannot get remote device Uuids
06-28 20:53:33.550 E/ANDR-PERF-MPCTL(  771): poll() has timed out for /sys/module/msm_performance/events/cpu_hotplug
06-28 20:53:33.550 E/ANDR-PERF-MPCTL(  771): Block on poll()
06-28 20:53:34.141 E/BluetoothDevice(12855): BT not enabled. Cannot get remote device Uuids
06-28 20:53:34.141 E/BluetoothDevice(12855): BT not enabled. Cannot get remote device Uuids
06-28 20:53:34.385 E/Flipper (16673): Attempted to initialize in non-internal build
06-28 20:53:34.902 E/BluetoothDevice(12855): BT not enabled. Cannot get remote device Uuids
06-28 20:53:34.902 E/BluetoothDevice(12855): BT not enabled. Cannot get remote device Uuids
06-28 20:53:36.174 E/BluetoothDevice(12855): BT not enabled. Cannot get remote device Uuids
06-28 20:53:36.174 E/BluetoothDevice(12855): BT not enabled. Cannot get remote device Uuids
06-28 20:53:36.553 E/ANDR-PERF-MPCTL(  771): poll() has timed out for /sys/module/msm_performance/events/cpu_hotplug
06-28 20:53:36.553 E/ANDR-PERF-MPCTL(  771): Block on poll()
06-28 20:53:38.452 E/BluetoothDevice(12855): BT not enabled. Cannot get remote device Uuids
06-28 20:53:38.453 E/BluetoothDevice(12855): BT not enabled. Cannot get remote device Uuids
06-28 20:53:39.556 E/ANDR-PERF-MPCTL(  771): poll() has timed out for /sys/module/msm_performance/events/cpu_hotplug
06-28 20:53:39.556 E/ANDR-PERF-MPCTL(  771): Block on poll()
06-28 20:53:42.556 E/ANDR-PERF-MPCTL(  771): poll() has timed out for /sys/module/msm_performance/events/cpu_hotplug
06-28 20:53:42.556 E/ANDR-PERF-MPCTL(  771): Block on poll()
06-28 20:53:42.770 E/BluetoothDevice(12855): BT not enabled. Cannot get remote device Uuids
06-28 20:53:42.770 E/BluetoothDevice(12855): BT not enabled. Cannot get remote device Uuids
06-28 20:53:43.539 E/BluetoothDevice(12855): BT not enabled. Cannot get remote device Uuids
06-28 20:53:43.539 E/BluetoothDevice(12855): BT not enabled. Cannot get remote device Uuids
06-28 20:53:44.313 E/BluetoothDevice(12855): BT not enabled. Cannot get remote device Uuids
06-28 20:53:44.313 E/BluetoothDevice(12855): BT not enabled. Cannot get remote device Uuids
06-28 20:53:45.052 E/BluetoothDevice(12855): BT not enabled. Cannot get remote device Uuids
06-28 20:53:45.053 E/BluetoothDevice(12855): BT not enabled. Cannot get remote device Uuids
06-28 20:53:45.559 E/ANDR-PERF-MPCTL(  771): poll() has timed out for /sys/module/msm_performance/events/cpu_hotplug
06-28 20:53:45.560 E/ANDR-PERF-MPCTL(  771): Block on poll()
06-28 20:53:47.833 E/BluetoothDevice(12855): BT not enabled. Cannot get remote device Uuids
06-28 20:53:47.833 E/BluetoothDevice(12855): BT not enabled. Cannot get remote device Uuids
06-28 20:53:48.563 E/ANDR-PERF-MPCTL(  771): poll() has timed out for /sys/module/msm_performance/events/cpu_hotplug
06-28 20:53:48.563 E/ANDR-PERF-MPCTL(  771): Block on poll()
06-28 20:53:49.362 E/BluetoothDevice(12855): BT not enabled. Cannot get remote device Uuids
06-28 20:53:49.363 E/BluetoothDevice(12855): BT not enabled. Cannot get remote device Uuids
06-28 20:53:49.744 E/Flipper (16673): Attempted to initialize in non-internal build
06-28 20:53:50.135 E/BluetoothDevice(12855): BT not enabled. Cannot get remote device Uuids
06-28 20:53:50.136 E/BluetoothDevice(12855): BT not enabled. Cannot get remote device Uuids
06-28 20:53:51.563 E/ANDR-PERF-MPCTL(  771): poll() has timed out for /sys/module/msm_performance/events/cpu_hotplug
06-28 20:53:51.563 E/ANDR-PERF-MPCTL(  771): Block on poll()
06-28 20:53:54.566 E/ANDR-PERF-MPCTL(  771): poll() has timed out for /sys/module/msm_performance/events/cpu_hotplug
06-28 20:53:54.566 E/ANDR-PERF-MPCTL(  771): Block on poll()
06-28 20:53:56.744 E/BluetoothDevice(12855): BT not enabled. Cannot get remote device Uuids
06-28 20:53:56.744 E/BluetoothDevice(12855): BT not enabled. Cannot get remote device Uuids
06-28 20:53:57.569 E/ANDR-PERF-MPCTL(  771): poll() has timed out for /sys/module/msm_performance/events/cpu_hotplug
06-28 20:53:57.569 E/ANDR-PERF-MPCTL(  771): Block on poll()
06-28 20:53:58.027 E/BluetoothDevice(12855): BT not enabled. Cannot get remote device Uuids
06-28 20:53:58.028 E/BluetoothDevice(12855): BT not enabled. Cannot get remote device Uuids
06-28 20:54:00.325 E/BluetoothDevice(12855): BT not enabled. Cannot get remote device Uuids
06-28 20:54:00.325 E/BluetoothDevice(12855): BT not enabled. Cannot get remote device Uuids
06-28 20:54:00.573 E/ANDR-PERF-MPCTL(  771): poll() has timed out for /sys/module/msm_performance/events/cpu_hotplug
06-28 20:54:00.573 E/ANDR-PERF-MPCTL(  771): Block on poll()
06-28 20:54:03.576 E/ANDR-PERF-MPCTL(  771): poll() has timed out for /sys/module/msm_performance/events/cpu_hotplug
06-28 20:54:03.576 E/ANDR-PERF-MPCTL(  771): Block on poll()
06-28 20:54:03.671 E/Flipper (16673): Attempted to initialize in non-internal build
06-28 20:54:05.419 E/BluetoothDevice(12855): BT not enabled. Cannot get remote device Uuids
06-28 20:54:05.419 E/BluetoothDevice(12855): BT not enabled. Cannot get remote device Uuids
06-28 20:54:06.539 E/Flipper (16673): Attempted to initialize in non-internal build
06-28 20:54:06.579 E/ANDR-PERF-MPCTL(  771): poll() has timed out for /sys/module/msm_performance/events/cpu_hotplug
06-28 20:54:06.579 E/ANDR-PERF-MPCTL(  771): Block on poll()
06-28 20:54:06.950 E/BluetoothDevice(12855): BT not enabled. Cannot get remote device Uuids
06-28 20:54:06.951 E/BluetoothDevice(12855): BT not enabled. Cannot get remote device Uuids
06-28 20:54:09.582 E/ANDR-PERF-MPCTL(  771): poll() has timed out for /sys/module/msm_performance/events/cpu_hotplug
06-28 20:54:09.582 E/ANDR-PERF-MPCTL(  771): Block on poll()
06-28 20:54:09.754 E/BluetoothDevice(12855): BT not enabled. Cannot get remote device Uuids
06-28 20:54:09.754 E/BluetoothDevice(12855): BT not enabled. Cannot get remote device Uuids
06-28 20:54:11.284 E/BluetoothDevice(12855): BT not enabled. Cannot get remote device Uuids
06-28 20:54:11.284 E/BluetoothDevice(12855): BT not enabled. Cannot get remote device Uuids
06-28 20:54:12.049 E/BluetoothDevice(12855): BT not enabled. Cannot get remote device Uuids
06-28 20:54:12.050 E/BluetoothDevice(12855): BT not enabled. Cannot get remote device Uuids
06-28 20:54:12.582 E/ANDR-PERF-MPCTL(  771): poll() has timed out for /sys/module/msm_performance/events/cpu_hotplug
06-28 20:54:12.583 E/ANDR-PERF-MPCTL(  771): Block on poll()
06-28 20:54:15.583 E/ANDR-PERF-MPCTL(  771): poll() has timed out for /sys/module/msm_performance/events/cpu_hotplug
06-28 20:54:15.583 E/ANDR-PERF-MPCTL(  771): Block on poll()
06-28 20:54:15.616 E/BluetoothDevice(12855): BT not enabled. Cannot get remote device Uuids
06-28 20:54:15.617 E/BluetoothDevice(12855): BT not enabled. Cannot get remote device Uuids
06-28 20:54:16.387 E/BluetoothDevice(12855): BT not enabled. Cannot get remote device Uuids
06-28 20:54:16.388 E/BluetoothDevice(12855): BT not enabled. Cannot get remote device Uuids
06-28 20:54:17.142 E/BluetoothDevice(12855): BT not enabled. Cannot get remote device Uuids
06-28 20:54:17.142 E/BluetoothDevice(12855): BT not enabled. Cannot get remote device Uuids
06-28 20:54:17.393 E/Flipper (16673): Attempted to initialize in non-internal build
06-28 20:54:17.906 E/BluetoothDevice(12855): BT not enabled. Cannot get remote device Uuids
06-28 20:54:17.907 E/BluetoothDevice(12855): BT not enabled. Cannot get remote device Uuids
06-28 20:54:18.584 E/ANDR-PERF-MPCTL(  771): poll() has timed out for /sys/module/msm_performance/events/cpu_hotplug
06-28 20:54:18.584 E/ANDR-PERF-MPCTL(  771): Block on poll()
06-28 20:54:18.669 E/BluetoothDevice(12855): BT not enabled. Cannot get remote device Uuids
06-28 20:54:18.670 E/BluetoothDevice(12855): BT not enabled. Cannot get remote device Uuids
06-28 20:54:19.946 E/BluetoothDevice(12855): BT not enabled. Cannot get remote device Uuids
06-28 20:54:19.947 E/BluetoothDevice(12855): BT not enabled. Cannot get remote device Uuids
06-28 20:54:21.587 E/ANDR-PERF-MPCTL(  771): poll() has timed out for /sys/module/msm_performance/events/cpu_hotplug
06-28 20:54:21.587 E/ANDR-PERF-MPCTL(  771): Block on poll()
06-28 20:54:22.232 E/BluetoothDevice(12855): BT not enabled. Cannot get remote device Uuids
06-28 20:54:22.232 E/BluetoothDevice(12855): BT not enabled. Cannot get remote device Uuids
06-28 20:54:24.590 E/ANDR-PERF-MPCTL(  771): poll() has timed out for /sys/module/msm_performance/events/cpu_hotplug
06-28 20:54:24.590 E/ANDR-PERF-MPCTL(  771): Block on poll()
06-28 20:54:26.254 E/Flipper (16673): Attempted to initialize in non-internal build
06-28 20:54:26.545 E/BluetoothDevice(12855): BT not enabled. Cannot get remote device Uuids
06-28 20:54:26.545 E/BluetoothDevice(12855): BT not enabled. Cannot get remote device Uuids
06-28 20:54:27.593 E/ANDR-PERF-MPCTL(  771): poll() has timed out for /sys/module/msm_performance/events/cpu_hotplug
06-28 20:54:27.593 E/ANDR-PERF-MPCTL(  771): Block on poll()
06-28 20:54:28.838 E/BluetoothDevice(12855): BT not enabled. Cannot get remote device Uuids
06-28 20:54:28.839 E/BluetoothDevice(12855): BT not enabled. Cannot get remote device Uuids
06-28 20:54:29.098 E/msys    (16673): E[N mns:TigonMNS]_OnResolverSuccess(335)=>Cache refresh succeeded with system DNS resolver. IP count: 2
06-28 20:54:29.102 E/msys    (16673): E[N mns:TigonMNS]_OnResolverSuccess(335)=>Cache refresh succeeded with system DNS resolver. IP count: 2
06-28 20:54:30.593 E/ANDR-PERF-MPCTL(  771): poll() has timed out for /sys/module/msm_performance/events/cpu_hotplug
06-28 20:54:30.593 E/ANDR-PERF-MPCTL(  771): Block on poll()
06-28 20:54:33.160 E/BluetoothDevice(12855): BT not enabled. Cannot get remote device Uuids
06-28 20:54:33.161 E/BluetoothDevice(12855): BT not enabled. Cannot get remote device Uuids
06-28 20:54:33.596 E/ANDR-PERF-MPCTL(  771): poll() has timed out for /sys/module/msm_performance/events/cpu_hotplug
06-28 20:54:33.596 E/ANDR-PERF-MPCTL(  771): Block on poll()
06-28 20:54:33.917 E/BluetoothDevice(12855): BT not enabled. Cannot get remote device Uuids
06-28 20:54:33.918 E/BluetoothDevice(12855): BT not enabled. Cannot get remote device Uuids
06-28 20:54:36.600 E/ANDR-PERF-MPCTL(  771): poll() has timed out for /sys/module/msm_performance/events/cpu_hotplug
06-28 20:54:36.600 E/ANDR-PERF-MPCTL(  771): Block on poll()
06-28 20:54:39.603 E/ANDR-PERF-MPCTL(  771): poll() has timed out for /sys/module/msm_performance/events/cpu_hotplug
06-28 20:54:39.603 E/ANDR-PERF-MPCTL(  771): Block on poll()
06-28 20:54:42.584 E/Flipper (16673): Attempted to initialize in non-internal build
06-28 20:54:42.606 E/ANDR-PERF-MPCTL(  771): poll() has timed out for /sys/module/msm_performance/events/cpu_hotplug
06-28 20:54:42.606 E/ANDR-PERF-MPCTL(  771): Block on poll()
06-28 20:54:45.609 E/ANDR-PERF-MPCTL(  771): poll() has timed out for /sys/module/msm_performance/events/cpu_hotplug
06-28 20:54:45.609 E/ANDR-PERF-MPCTL(  771): Block on poll()
06-28 20:54:48.612 E/ANDR-PERF-MPCTL(  771): poll() has timed out for /sys/module/msm_performance/events/cpu_hotplug
06-28 20:54:48.612 E/ANDR-PERF-MPCTL(  771): Block on poll()
06-28 20:54:51.613 E/ANDR-PERF-MPCTL(  771): poll() has timed out for /sys/module/msm_performance/events/cpu_hotplug
06-28 20:54:51.613 E/ANDR-PERF-MPCTL(  771): Block on poll()
06-28 20:54:54.616 E/ANDR-PERF-MPCTL(  771): poll() has timed out for /sys/module/msm_performance/events/cpu_hotplug
06-28 20:54:54.616 E/ANDR-PERF-MPCTL(  771): Block on poll()
06-28 20:54:57.618 E/ANDR-PERF-MPCTL(  771): poll() has timed out for /sys/module/msm_performance/events/cpu_hotplug
06-28 20:54:57.618 E/ANDR-PERF-MPCTL(  771): Block on poll()
06-28 20:54:58.353 E/Flipper (16673): Attempted to initialize in non-internal build
06-28 20:54:59.305 E/com.whatsapp(18106): Not starting debugger since process cannot load the jdwp agent.
06-28 20:55:00.170 E/ANDR-IOP( 1037): IIop:: Iop HAL Service is not available.
06-28 20:55:00.621 E/ANDR-PERF-MPCTL(  771): poll() has timed out for /sys/module/msm_performance/events/cpu_hotplug
06-28 20:55:00.621 E/ANDR-PERF-MPCTL(  771): Block on poll()
06-28 20:55:00.642 E/com.whatsapp(18106): No implementation found for void com.facebook.quicklog.QuickPerformanceLoggerNativeProvider.nativeUpdateQPLInstance() (tried Java_com_facebook_quicklog_QuickPerformanceLoggerNativeProvider_nativeUpdateQPLInstance and Java_com_facebook_quicklog_QuickPerformanceLoggerNativeProvider_nativeUpdateQPLInstance__)
06-28 20:55:00.665 E/WakeLockMetricsCollector(18106): Unknown wakelock modified
06-28 20:55:00.667 E/WakeLockMetricsCollector(18106): Unknown wakelock modified
06-28 20:55:00.704 E/msys    (18106): E[ADNSUCTIMH WAJMNSRuntime]WAJContextInitMNSRuntime(446)=>[LogLevel:I] Secondary DNS resolver enabled
06-28 20:55:00.715 E/msys    (18106): E[ADNSUCTIMH WAJMNSDNSResolver]_MNSDNSResolutionSuccess(35)=>[LogLevel:I] DNS Resolution Successful with 8 IPs, Persistent Cache Hit: 1, secondary resolver used: 0
06-28 20:55:00.715 E/msys    (18106): E[ADNSUCTIMH WAJMNSDNSResolver]_MNSDNSResolutionSuccess(55)=>[LogLevel:I] Resolved IP Address: 2001:4860:4806:4::
06-28 20:55:00.715 E/msys    (18106): E[ADNSUCTIMH WAJMNSDNSResolver]_MNSDNSResolutionSuccess(55)=>[LogLevel:I] Resolved IP Address: 2001:4860:4806::
06-28 20:55:00.715 E/msys    (18106): E[ADNSUCTIMH WAJMNSDNSResolver]_MNSDNSResolutionSuccess(55)=>[LogLevel:I] Resolved IP Address: 2001:4860:4806:c::
06-28 20:55:00.715 E/msys    (18106): E[ADNSUCTIMH WAJMNSDNSResolver]_MNSDNSResolutionSuccess(55)=>[LogLevel:I] Resolved IP Address: 2001:4860:4806:8::
06-28 20:55:00.715 E/msys    (18106): E[ADNSUCTIMH WAJMNSDNSResolver]_MNSDNSResolutionSuccess(55)=>[LogLevel:I] Resolved IP Address: 216.239.35.12
06-28 20:55:00.715 E/msys    (18106): E[ADNSUCTIMH WAJMNSDNSResolver]_MNSDNSResolutionSuccess(55)=>[LogLevel:I] Resolved IP Address: 216.239.35.8
06-28 20:55:00.715 E/msys    (18106): E[ADNSUCTIMH WAJMNSDNSResolver]_MNSDNSResolutionSuccess(55)=>[LogLevel:I] Resolved IP Address: 216.239.35.4
06-28 20:55:00.715 E/msys    (18106): E[ADNSUCTIMH WAJMNSDNSResolver]_MNSDNSResolutionSuccess(55)=>[LogLevel:I] Resolved IP Address: 216.239.35.0
06-28 20:55:00.749 E/msys    (18106): E[N mns]_OnResolverSuccess(335)=>Cache refresh succeeded with system DNS resolver. IP count: 8
06-28 20:55:00.799 E/WakeLockMetricsCollector(18106): Unknown wakelock modified
06-28 20:55:01.029 E/msys    (18106): E[N mns:TigonMNS]_OnResolverSuccess(335)=>Cache refresh succeeded with system DNS resolver. IP count: 2
06-28 20:55:01.216 E/msys    (18106): E[N WA]_WAJMNSStreamImplMNSTCPStreamCreate(361)=>[LogLevel:I] WAJMNSStream/impl/tcpStreamCreate/MNSStreamRaw/p=0x7ca79c8200
06-28 20:55:01.216 E/msys    (18106): E[N WA]WAJMNSStreamImplCreate(421)=>[LogLevel:I] WAJMNSStream/impl/create/p=0x7ca79c8200 (mnsConn=0x7c9b51fc80)
06-28 20:55:01.216 E/msys    (18106): E[N WA]_WAJMNSStreamCreateMnsIpsFromIpAddressStrings(87)=>[LogLevel:I] no ip addresses provided, using DNS resolution
06-28 20:55:01.216 E/msys    (18106): E[N WA]WAJMNSStreamImplConnect(450)=>[LogLevel:I] WAJMNSStream/impl/connect/p=0x7ca79c8200 (endpoint=g.whatsapp.net:443)(ipAddressCount=0)
06-28 20:55:01.217 E/msys    (18106): E[N WA]_WAJMNSStreamImplUpdateStreamState(230)=>[LogLevel:I] WAJMNSStream/impl/state-changed/p=0x7ca79c8200 (initial=>connecting)
06-28 20:55:01.244 E/msys    (18106): E[N WA]_WAJMNSStreamImplOnMNSReady(259)=>[LogLevel:I] WAJMNSStream/impl/callback/onMNSReady/p=0x7ca79c8200
06-28 20:55:01.244 E/msys    (18106): E[N WA]_WAJMNSStreamImplCreateConnectionReport(194)=>[LogLevel:I] WAJMNSStream/impl/report port=443, connectedIPVersion=6, resolvedIPAddressCount=2, dnsResolutionStartTimeMS=265961974, dnsResolutionEndTimeMS=265961974, dnsCacheHit=Yes, connectStartTimeMS=265961974, connectEndTimeMS=265962001, proxyConnectStartTimeMS=0, proxyConnectEndTimeMS=0
06-28 20:55:01.244 E/msys    (18106): E[N WA]_WAJMNSStreamImplUpdateStreamState(230)=>[LogLevel:I] WAJMNSStream/impl/state-changed/p=0x7ca79c8200 (connecting=>connected)
06-28 20:55:01.289 E/msys    (18106): E[N mns]_OnResolverSuccess(335)=>Cache refresh succeeded with system DNS resolver. IP count: 2
06-28 20:55:03.624 E/ANDR-PERF-MPCTL(  771): poll() has timed out for /sys/module/msm_performance/events/cpu_hotplug
06-28 20:55:03.624 E/ANDR-PERF-MPCTL(  771): Block on poll()
06-28 20:55:06.627 E/ANDR-PERF-MPCTL(  771): poll() has timed out for /sys/module/msm_performance/events/cpu_hotplug
06-28 20:55:06.627 E/ANDR-PERF-MPCTL(  771): Block on poll()
06-28 20:55:09.630 E/ANDR-PERF-MPCTL(  771): poll() has timed out for /sys/module/msm_performance/events/cpu_hotplug
06-28 20:55:09.630 E/ANDR-PERF-MPCTL(  771): Block on poll()
06-28 20:55:12.633 E/ANDR-PERF-MPCTL(  771): poll() has timed out for /sys/module/msm_performance/events/cpu_hotplug
06-28 20:55:12.633 E/ANDR-PERF-MPCTL(  771): Block on poll()
06-28 20:55:15.636 E/ANDR-PERF-MPCTL(  771): poll() has timed out for /sys/module/msm_performance/events/cpu_hotplug
06-28 20:55:15.636 E/ANDR-PERF-MPCTL(  771): Block on poll()
06-28 20:55:17.709 E/Flipper (16673): Attempted to initialize in non-internal build
06-28 20:55:18.639 E/ANDR-PERF-MPCTL(  771): poll() has timed out for /sys/module/msm_performance/events/cpu_hotplug
06-28 20:55:18.640 E/ANDR-PERF-MPCTL(  771): Block on poll()
06-28 20:55:21.640 E/ANDR-PERF-MPCTL(  771): poll() has timed out for /sys/module/msm_performance/events/cpu_hotplug
06-28 20:55:21.640 E/ANDR-PERF-MPCTL(  771): Block on poll()
06-28 20:55:24.643 E/ANDR-PERF-MPCTL(  771): poll() has timed out for /sys/module/msm_performance/events/cpu_hotplug
06-28 20:55:24.643 E/ANDR-PERF-MPCTL(  771): Block on poll()
06-28 20:55:27.647 E/ANDR-PERF-MPCTL(  771): poll() has timed out for /sys/module/msm_performance/events/cpu_hotplug
06-28 20:55:27.647 E/ANDR-PERF-MPCTL(  771): Block on poll()
06-28 20:55:30.650 E/ANDR-PERF-MPCTL(  771): poll() has timed out for /sys/module/msm_performance/events/cpu_hotplug
06-28 20:55:30.650 E/ANDR-PERF-MPCTL(  771): Block on poll()
06-28 20:55:33.653 E/ANDR-PERF-MPCTL(  771): poll() has timed out for /sys/module/msm_performance/events/cpu_hotplug
06-28 20:55:33.653 E/ANDR-PERF-MPCTL(  771): Block on poll()
06-28 20:55:33.784 E/Flipper (16673): Attempted to initialize in non-internal build
06-28 20:55:36.656 E/ANDR-PERF-MPCTL(  771): poll() has timed out for /sys/module/msm_performance/events/cpu_hotplug
06-28 20:55:36.656 E/ANDR-PERF-MPCTL(  771): Block on poll()
06-28 20:55:39.659 E/ANDR-PERF-MPCTL(  771): poll() has timed out for /sys/module/msm_performance/events/cpu_hotplug
06-28 20:55:39.659 E/ANDR-PERF-MPCTL(  771): Block on poll()
06-28 20:55:42.662 E/ANDR-PERF-MPCTL(  771): poll() has timed out for /sys/module/msm_performance/events/cpu_hotplug
06-28 20:55:42.662 E/ANDR-PERF-MPCTL(  771): Block on poll()
06-28 20:55:45.666 E/ANDR-PERF-MPCTL(  771): poll() has timed out for /sys/module/msm_performance/events/cpu_hotplug
06-28 20:55:45.666 E/ANDR-PERF-MPCTL(  771): Block on poll()
06-28 20:55:48.669 E/ANDR-PERF-MPCTL(  771): poll() has timed out for /sys/module/msm_performance/events/cpu_hotplug
06-28 20:55:48.669 E/ANDR-PERF-MPCTL(  771): Block on poll()
06-28 20:55:51.672 E/ANDR-PERF-MPCTL(  771): poll() has timed out for /sys/module/msm_performance/events/cpu_hotplug
06-28 20:55:51.672 E/ANDR-PERF-MPCTL(  771): Block on poll()
06-28 20:55:54.675 E/ANDR-PERF-MPCTL(  771): poll() has timed out for /sys/module/msm_performance/events/cpu_hotplug
06-28 20:55:54.675 E/ANDR-PERF-MPCTL(  771): Block on poll()
06-28 20:55:57.676 E/ANDR-PERF-MPCTL(  771): poll() has timed out for /sys/module/msm_performance/events/cpu_hotplug
06-28 20:55:57.676 E/ANDR-PERF-MPCTL(  771): Block on poll()
06-28 20:55:59.520 E/BatteryExternalStatsWorker( 1588): no controller energy info supplied for bluetooth
06-28 20:56:00.677 E/ANDR-PERF-MPCTL(  771): poll() has timed out for /sys/module/msm_performance/events/cpu_hotplug
06-28 20:56:00.677 E/ANDR-PERF-MPCTL(  771): Block on poll()
06-28 20:56:03.678 E/ANDR-PERF-MPCTL(  771): poll() has timed out for /sys/module/msm_performance/events/cpu_hotplug
06-28 20:56:03.678 E/ANDR-PERF-MPCTL(  771): Block on poll()
06-28 20:56:06.681 E/ANDR-PERF-MPCTL(  771): poll() has timed out for /sys/module/msm_performance/events/cpu_hotplug
06-28 20:56:06.681 E/ANDR-PERF-MPCTL(  771): Block on poll()
06-28 20:56:09.685 E/ANDR-PERF-MPCTL(  771): poll() has timed out for /sys/module/msm_performance/events/cpu_hotplug
06-28 20:56:09.685 E/ANDR-PERF-MPCTL(  771): Block on poll()
06-28 20:56:12.688 E/ANDR-PERF-MPCTL(  771): poll() has timed out for /sys/module/msm_performance/events/cpu_hotplug
06-28 20:56:12.688 E/ANDR-PERF-MPCTL(  771): Block on poll()
06-28 20:56:15.691 E/ANDR-PERF-MPCTL(  771): poll() has timed out for /sys/module/msm_performance/events/cpu_hotplug
06-28 20:56:15.691 E/ANDR-PERF-MPCTL(  771): Block on poll()
06-28 20:56:18.694 E/ANDR-PERF-MPCTL(  771): poll() has timed out for /sys/module/msm_performance/events/cpu_hotplug
06-28 20:56:18.694 E/ANDR-PERF-MPCTL(  771): Block on poll()
06-28 20:56:21.697 E/ANDR-PERF-MPCTL(  771): poll() has timed out for /sys/module/msm_performance/events/cpu_hotplug
06-28 20:56:21.697 E/ANDR-PERF-MPCTL(  771): Block on poll()
06-28 20:56:22.845 E/msys    (16673): E[N mns:TigonMNS]_OnResolverSuccess(335)=>Cache refresh succeeded with system DNS resolver. IP count: 2
06-28 20:56:22.879 E/msys    (16673): E[N mns:TigonMNS]_OnResolverSuccess(335)=>Cache refresh succeeded with system DNS resolver. IP count: 2
06-28 20:56:23.338 E/BluetoothDevice(12855): BT not enabled. Cannot get remote device Uuids
06-28 20:56:23.339 E/BluetoothDevice(12855): BT not enabled. Cannot get remote device Uuids
06-28 20:56:24.698 E/ANDR-PERF-MPCTL(  771): poll() has timed out for /sys/module/msm_performance/events/cpu_hotplug
06-28 20:56:24.698 E/ANDR-PERF-MPCTL(  771): Block on poll()
06-28 20:56:27.699 E/ANDR-PERF-MPCTL(  771): poll() has timed out for /sys/module/msm_performance/events/cpu_hotplug
06-28 20:56:27.699 E/ANDR-PERF-MPCTL(  771): Block on poll()
06-28 20:56:27.747 E/Flipper (16673): Attempted to initialize in non-internal build
06-28 20:56:30.699 E/ANDR-PERF-MPCTL(  771): poll() has timed out for /sys/module/msm_performance/events/cpu_hotplug
06-28 20:56:30.699 E/ANDR-PERF-MPCTL(  771): Block on poll()
06-28 20:56:33.703 E/ANDR-PERF-MPCTL(  771): poll() has timed out for /sys/module/msm_performance/events/cpu_hotplug
06-28 20:56:33.703 E/ANDR-PERF-MPCTL(  771): Block on poll()
06-28 20:56:35.738 E/Flipper (16673): Attempted to initialize in non-internal build
06-28 20:56:36.706 E/ANDR-PERF-MPCTL(  771): poll() has timed out for /sys/module/msm_performance/events/cpu_hotplug
06-28 20:56:36.706 E/ANDR-PERF-MPCTL(  771): Block on poll()
06-28 20:56:39.706 E/ANDR-PERF-MPCTL(  771): poll() has timed out for /sys/module/msm_performance/events/cpu_hotplug
06-28 20:56:39.707 E/ANDR-PERF-MPCTL(  771): Block on poll()
06-28 20:56:42.710 E/ANDR-PERF-MPCTL(  771): poll() has timed out for /sys/module/msm_performance/events/cpu_hotplug
06-28 20:56:42.710 E/ANDR-PERF-MPCTL(  771): Block on poll()
06-28 20:56:45.713 E/ANDR-PERF-MPCTL(  771): poll() has timed out for /sys/module/msm_performance/events/cpu_hotplug
06-28 20:56:45.713 E/ANDR-PERF-MPCTL(  771): Block on poll()
06-28 20:56:45.815 E/PhoneInterfaceManager( 2903): [PhoneIntfMgr] getCarrierPackageNamesForIntent: No UICC
06-28 20:56:48.714 E/ANDR-PERF-MPCTL(  771): poll() has timed out for /sys/module/msm_performance/events/cpu_hotplug
06-28 20:56:48.714 E/ANDR-PERF-MPCTL(  771): Block on poll()
06-28 20:56:49.086 E/AbstractLogEventBuilder( 9947): The provided ProductIdOrigin 3 is not one of the process-level expected values: 1 or 2
06-28 20:56:49.149 E/AbstractLogEventBuilder( 9947): The provided ProductIdOrigin 3 is not one of the process-level expected values: 1 or 2
06-28 20:56:49.875 E/AbstractLogEventBuilder( 9947): The provided ProductIdOrigin 3 is not one of the process-level expected values: 1 or 2
06-28 20:56:49.954 E/entsScanServic(18379): Not starting debugger since process cannot load the jdwp agent.
06-28 20:56:50.280 E/AbstractLogEventBuilder( 9947): The provided ProductIdOrigin 3 is not one of the process-level expected values: 1 or 2
06-28 20:56:51.718 E/ANDR-PERF-MPCTL(  771): poll() has timed out for /sys/module/msm_performance/events/cpu_hotplug
06-28 20:56:51.718 E/ANDR-PERF-MPCTL(  771): Block on poll()
06-28 20:56:53.441 E/AbstractLogEventBuilder( 9947): The provided ProductIdOrigin 3 is not one of the process-level expected values: 1 or 2
06-28 20:56:54.721 E/ANDR-PERF-MPCTL(  771): poll() has timed out for /sys/module/msm_performance/events/cpu_hotplug
06-28 20:56:54.721 E/ANDR-PERF-MPCTL(  771): Block on poll()
06-28 20:56:56.224 E/bozz    ( 9947): Input Future failed with Error
06-28 20:56:56.224 E/bozz    ( 9947): java.lang.OutOfMemoryError: Failed to allocate a 155189256 byte allocation with 25165824 free bytes and 92MB until OOM, target footprint 196610008, growth limit 268435456
06-28 20:56:56.224 E/bozz    ( 9947): 	at java.util.Arrays.copyOf(Arrays.java:3257)
06-28 20:56:56.224 E/bozz    ( 9947): 	at java.lang.AbstractStringBuilder.ensureCapacityInternal(AbstractStringBuilder.java:124)
06-28 20:56:56.224 E/bozz    ( 9947): 	at java.lang.AbstractStringBuilder.append(AbstractStringBuilder.java:448)
06-28 20:56:56.224 E/bozz    ( 9947): 	at java.lang.StringBuilder.append(StringBuilder.java:137)
06-28 20:56:56.224 E/bozz    ( 9947): 	at java.util.Arrays.deepToString(Arrays.java:4578)
06-28 20:56:56.224 E/bozz    ( 9947): 	at java.util.Arrays.deepToString(Arrays.java:4597)
06-28 20:56:56.224 E/bozz    ( 9947): 	at java.util.Arrays.deepToString(Arrays.java:4550)
06-28 20:56:56.224 E/bozz    ( 9947): 	at bdtv.a(PG:281)
06-28 20:56:56.224 E/bozz    ( 9947): 	at wex.apply(PG:745)
06-28 20:56:56.224 E/bozz    ( 9947): 	at bozv.d(PG:3)
06-28 20:56:56.224 E/bozz    ( 9947): 	at bozw.run(PG:47)
06-28 20:56:56.224 E/bozz    ( 9947): 	at vf.execute(PG:8)
06-28 20:56:56.224 E/bozz    ( 9947): 	at bomj.aF(PG:1)
06-28 20:56:56.224 E/bozz    ( 9947): 	at bpcd.execute(PG:5)
06-28 20:56:56.224 E/bozz    ( 9947): 	at bozk.f(PG:1)
06-28 20:56:56.224 E/bozz    ( 9947): 	at bozk.k(PG:95)
06-28 20:56:56.224 E/bozz    ( 9947): 	at bozk.o(PG:15)
06-28 20:56:56.224 E/bozz    ( 9947): 	at bpap.g(PG:49)
06-28 20:56:56.224 E/bozz    ( 9947): 	at bozz.f(PG:45)
06-28 20:56:56.224 E/bozz    ( 9947): 	at bozz.v(PG:18)
06-28 20:56:56.224 E/bozz    ( 9947): 	at bozx.run(PG:7)
06-28 20:56:56.224 E/bozz    ( 9947): 	at bpau.execute(PG:1)
06-28 20:56:56.224 E/bozz    ( 9947): 	at bozk.f(PG:1)
06-28 20:56:56.224 E/bozz    ( 9947): 	at bozk.k(PG:95)
06-28 20:56:56.224 E/bozz    ( 9947): 	at bozk.o(PG:15)
06-28 20:56:56.224 E/bozz    ( 9947): 	at bozv.e(PG:1)
06-28 20:56:56.224 E/bozz    ( 9947): 	at bozw.run(PG:53)
06-28 20:56:56.224 E/bozz    ( 9947): 	at vf.execute(PG:8)
06-28 20:56:56.224 E/bozz    ( 9947): 	at bomj.aF(PG:1)
06-28 20:56:56.224 E/bozz    ( 9947): 	at bpcd.execute(PG:5)
06-28 20:56:56.224 E/bozz    ( 9947): 	at bozk.f(PG:1)
06-28 20:56:56.224 E/bozz    ( 9947): 	at bozk.k(PG:95)
06-28 20:56:56.224 E/bozz    ( 9947): 	at bozk.o(PG:15)
06-28 20:56:56.224 E/bozz    ( 9947): 	at bpap.g(PG:49)
06-28 20:56:56.224 E/bozz    ( 9947): 	at bozz.f(PG:45)
06-28 20:56:56.224 E/bozz    ( 9947): 	at bozz.v(PG:18)
06-28 20:56:56.224 E/bozz    ( 9947): 	at bozx.run(PG:7)
06-28 20:56:56.224 E/bozz    ( 9947): 	at bpau.execute(PG:1)
06-28 20:56:56.224 E/bozz    ( 9947): 	at bozk.f(PG:1)
06-28 20:56:56.224 E/bozz    ( 9947): 	at bozk.k(PG:95)
06-28 20:56:56.224 E/bozz    ( 9947): 	at bozk.o(PG:15)
06-28 20:56:56.224 E/bozz    ( 9947): 	at bozv.e(PG:1)
06-28 20:56:56.224 E/bozz    ( 9947): 	at bozw.run(PG:53)
06-28 20:56:56.224 E/bozz    ( 9947): 	at vf.execute(PG:8)
06-28 20:56:56.224 E/bozz    ( 9947): 	at bomj.aF(PG:1)
06-28 20:56:56.224 E/bozz    ( 9947): 	at bpcd.execute(PG:5)
06-28 20:56:56.224 E/bozz    ( 9947): 	at bozk.f(PG:1)
06-28 20:56:56.224 E/bozz    ( 9947): 	at bozk.k(PG:95)
06-28 20:56:56.224 E/bozz    ( 9947): 	at bozk.o(PG:15)
06-28 20:56:56.224 E/bozz    ( 9947): 	at bpap.g(PG:49)
06-28 20:56:56.224 E/bozz    ( 9947): 	at bozz.f(PG:45)
06-28 20:56:56.224 E/bozz    ( 9947): 	at bozz.v(PG:18)
06-28 20:56:56.224 E/bozz    ( 9947): 	at bozx.run(PG:7)
06-28 20:56:56.224 E/bozz    ( 9947): 	at bpau.execute(PG:1)
06-28 20:56:56.224 E/bozz    ( 9947): 	at bozk.f(PG:1)
06-28 20:56:56.224 E/bozz    ( 9947): 	at bozk.k(PG:95)
06-28 20:56:56.224 E/bozz    ( 9947): 	at bozk.o(PG:15)
06-28 20:56:56.224 E/bozz    ( 9947): 	at bozv.e(PG:1)
06-28 20:56:56.224 E/bozz    ( 9947): 	at bozw.run(PG:53)
06-28 20:56:56.224 E/bozz    ( 9947): 	at vf.execute(PG:8)
06-28 20:56:56.224 E/bozz    ( 9947): 	at bomj.aF(PG:1)
06-28 20:56:56.224 E/bozz    ( 9947): 	at bpcd.execute(PG:5)
06-28 20:56:56.224 E/bozz    ( 9947): 	at bozk.f(PG:1)
06-28 20:56:56.224 E/bozz    ( 9947): 	at bozk.k(PG:95)
06-28 20:56:56.224 E/bozz    ( 9947): 	at bozk.o(PG:15)
06-28 20:56:56.224 E/bozz    ( 9947): 	at bozv.e(PG:1)
06-28 20:56:56.224 E/bozz    ( 9947): 	at bozw.run(PG:53)
06-28 20:56:56.224 E/bozz    ( 9947): 	at vf.execute(PG:8)
06-28 20:56:56.224 E/bozz    ( 9947): 	at bomj.aF(PG:1)
06-28 20:56:56.224 E/bozz    ( 9947): 	at bpcd.execute(PG:5)
06-28 20:56:56.224 E/bozz    ( 9947): 	at bozk.f(PG:1)
06-28 20:56:56.224 E/bozz    ( 9947): 	at bozk.k(PG:95)
06-28 20:56:56.224 E/bozz    ( 9947): 	at bozk.o(PG:15)
06-28 20:56:56.224 E/bozz    ( 9947): 	at bduf.a(PG:38)
06-28 20:56:56.224 E/bozz    ( 9947): 	at bdta.a(PG:26)
06-28 20:56:56.224 E/bozz    ( 9947): 	at bhxz.e(PG:332)
06-28 20:56:56.224 E/bozz    ( 9947): 	at bdnn.g(PG:378)
06-28 20:56:56.224 E/bozz    ( 9947): 	at bdnj.b(PG:143)
06-28 20:56:56.224 E/bozz    ( 9947): 	at cdnl.rY(PG:5)
06-28 20:56:56.224 E/bozz    ( 9947): 	at cduy.run(PG:109)
06-28 20:56:56.224 E/bozz    ( 9947): 	at java.util.concurrent.ThreadPoolExecutor.runWorker(ThreadPoolExecutor.java:1167)
06-28 20:56:56.224 E/bozz    ( 9947): 	at java.util.concurrent.ThreadPoolExecutor$Worker.run(ThreadPoolExecutor.java:641)
06-28 20:56:56.224 E/bozz    ( 9947): 	at whm.run(PG:673)
06-28 20:56:56.224 E/bozz    ( 9947): 	at java.lang.Thread.run(Thread.java:919)
06-28 20:56:56.657 E/AbstractLogEventBuilder( 9947): The provided ProductIdOrigin 3 is not one of the process-level expected values: 1 or 2
06-28 20:56:56.691 E/Finsky  ( 9947): [38411] Package name null is not an installed package
06-28 20:56:56.720 E/AbstractLogEventBuilder( 9947): The provided ProductIdOrigin 3 is not one of the process-level expected values: 1 or 2
06-28 20:56:56.750 E/AbstractLogEventBuilder( 9947): The provided ProductIdOrigin 3 is not one of the process-level expected values: 1 or 2
06-28 20:56:57.518 E/LocationAccessPolicy( 2903): Allowing com.evenwell.pushagent fine because it doesn't target API 29 yet. Please fix this app. Called from getAllCellInfo
06-28 20:56:57.522 E/ndroid.keychai(18415): Not starting debugger since process cannot load the jdwp agent.
06-28 20:56:57.572 E/LocationAccessPolicy( 2903): Allowing com.evenwell.pushagent fine because it doesn't target API 29 yet. Please fix this app. Called from getAllCellInfo
06-28 20:56:57.591 E/Finsky  ( 9947): [37271] [Counters] attempted to use a non-positive increment for: 4752
06-28 20:56:57.591 E/Finsky  ( 9947): [37271] [Counters] attempted to use a non-positive increment for: 4753
06-28 20:56:57.628 E/Finsky  ( 9947): [37276] [Counters] attempted to use a non-positive increment for: 4752
06-28 20:56:57.635 E/Finsky  ( 9947): [37273] [Counters] attempted to use a non-positive increment for: 4753
06-28 20:56:57.654 E/ANDR-IOP( 1037): IIop:: Iop HAL Service is not available.
06-28 20:56:57.671 E/Perf    (18415): Fail to get file list com.android.keychain
06-28 20:56:57.672 E/Perf    (18415): getFolderSize() : Exception_1 = java.lang.NullPointerException: Attempt to get length of null array
06-28 20:56:57.673 E/Perf    (18415): Fail to get file list com.android.keychain
06-28 20:56:57.673 E/Perf    (18415): getFolderSize() : Exception_1 = java.lang.NullPointerException: Attempt to get length of null array
06-28 20:56:57.700 E/eMonitorContro(18444): Not starting debugger since process cannot load the jdwp agent.
06-28 20:56:57.706 E/Finsky  ( 9947): [37273] [Counters] attempted to use a non-positive increment for: 4752
06-28 20:56:57.706 E/Finsky  ( 9947): [37273] [Counters] attempted to use a non-positive increment for: 4753
06-28 20:56:57.723 E/ANDR-PERF-MPCTL(  771): poll() has timed out for /sys/module/msm_performance/events/cpu_hotplug
06-28 20:56:57.723 E/Finsky  ( 9947): [37273] [Counters] attempted to use a non-positive increment for: 4752
06-28 20:56:57.723 E/ANDR-PERF-MPCTL(  771): Block on poll()
06-28 20:56:57.724 E/Finsky  ( 9947): [37273] [Counters] attempted to use a non-positive increment for: 4753
06-28 20:56:57.730 E/PhoneInterfaceManager( 2903): [PhoneIntfMgr] getCarrierPackageNamesForIntent: No UICC
06-28 20:56:57.736 E/PhoneInterfaceManager( 2903): [PhoneIntfMgr] getCarrierPackageNamesForIntent: No UICC
06-28 20:56:57.868 E/ding:backgroun(18481): Not starting debugger since process cannot load the jdwp agent.
06-28 20:56:57.910 E/        ( 1030): Couldn't opendir /data/app/vmdl1419716048.tmp: No such file or directory
06-28 20:56:57.910 E/installd( 1030): Failed to delete /data/app/vmdl1419716048.tmp: No such file or directory
06-28 20:56:57.946 E/ANDR-IOP( 1037): IIop:: Iop HAL Service is not available.
06-28 20:56:57.955 E/Perf    (18444): Fail to get file list com.evenwell.DeviceMonitorControl
06-28 20:56:57.955 E/Perf    (18444): getFolderSize() : Exception_1 = java.lang.NullPointerException: Attempt to get length of null array
06-28 20:56:57.956 E/Perf    (18444): Fail to get file list com.evenwell.DeviceMonitorControl
06-28 20:56:57.956 E/Perf    (18444): getFolderSize() : Exception_1 = java.lang.NullPointerException: Attempt to get length of null array
06-28 20:56:58.077 E/PhoneInterfaceManager( 2903): [PhoneIntfMgr] getCarrierPackageNamesForIntent: No UICC
06-28 20:56:58.135 E/ell.custmanage(18514): Not starting debugger since process cannot load the jdwp agent.
06-28 20:56:58.324 E/le.laketowntur(18544): Unknown bits set in runtime_flags: 0x8000
06-28 20:56:58.464 E/CustManager(18514): UserHandle{0}[DeviceInfos] Unknown iDensityDpi: 420
06-28 20:56:58.500 E/ANDR-IOP( 1037): IIop:: Iop HAL Service is not available.
06-28 20:56:58.515 E/Perf    (18514): Fail to get file list com.evenwell.custmanager
06-28 20:56:58.515 E/Perf    (18514): getFolderSize() : Exception_1 = java.lang.NullPointerException: Attempt to get length of null array
06-28 20:56:58.515 E/Perf    (18514): Fail to get file list com.evenwell.custmanager
06-28 20:56:58.516 E/Perf    (18514): getFolderSize() : Exception_1 = java.lang.NullPointerException: Attempt to get length of null array
06-28 20:56:59.246 E/ANDR-IOP( 1037): IIop:: Iop HAL Service is not available.
06-28 20:57:00.726 E/ANDR-PERF-MPCTL(  771): poll() has timed out for /sys/module/msm_performance/events/cpu_hotplug
06-28 20:57:00.726 E/ANDR-PERF-MPCTL(  771): Block on poll()
06-28 20:57:01.324 E/LoadedApk( 1588): Unable to instantiate appComponentFactory
06-28 20:57:01.324 E/LoadedApk( 1588): java.lang.ClassNotFoundException: Didn't find class "androidx.core.app.CoreComponentFactory" on path: DexPathList[[],nativeLibraryDirectories=[/data/app/com.android.chrome-FaOO10luA_wkwfH8-TH-fA==/lib/arm64, /data/app/com.android.chrome-FaOO10luA_wkwfH8-TH-fA==/base.apk!/lib/arm64-v8a, /data/app/com.google.android.trichromelibrary_782711433-rDXKUS8-83AVIr5gpmRe4w==/base.apk!/lib/arm64-v8a, /system/lib64, /system/product/lib64]]
06-28 20:57:01.324 E/LoadedApk( 1588): 	at dalvik.system.BaseDexClassLoader.findClass(BaseDexClassLoader.java:196)
06-28 20:57:01.324 E/LoadedApk( 1588): 	at java.lang.ClassLoader.loadClass(ClassLoader.java:379)
06-28 20:57:01.324 E/LoadedApk( 1588): 	at java.lang.ClassLoader.loadClass(ClassLoader.java:312)
06-28 20:57:01.324 E/LoadedApk( 1588): 	at android.app.LoadedApk.createAppFactory(LoadedApk.java:256)
06-28 20:57:01.324 E/LoadedApk( 1588): 	at android.app.LoadedApk.updateApplicationInfo(LoadedApk.java:370)
06-28 20:57:01.324 E/LoadedApk( 1588): 	at android.app.ActivityThread.handleDispatchPackageBroadcast(ActivityThread.java:5952)
06-28 20:57:01.324 E/LoadedApk( 1588): 	at android.app.ActivityThread$H.handleMessage(ActivityThread.java:1942)
06-28 20:57:01.324 E/LoadedApk( 1588): 	at android.os.Handler.dispatchMessage(Handler.java:107)
06-28 20:57:01.324 E/LoadedApk( 1588): 	at android.os.Looper.loop(Looper.java:214)
06-28 20:57:01.324 E/LoadedApk( 1588): 	at com.android.server.SystemServer.run(SystemServer.java:564)
06-28 20:57:01.324 E/LoadedApk( 1588): 	at com.android.server.SystemServer.main(SystemServer.java:360)
06-28 20:57:01.324 E/LoadedApk( 1588): 	at java.lang.reflect.Method.invoke(Native Method)
06-28 20:57:01.324 E/LoadedApk( 1588): 	at com.android.internal.os.RuntimeInit$MethodAndArgsCaller.run(RuntimeInit.java:492)
06-28 20:57:01.324 E/LoadedApk( 1588): 	at com.android.internal.os.ZygoteInit.main(ZygoteInit.java:913)
06-28 20:57:01.330 E/LoadedApk( 1588): Unable to instantiate appComponentFactory
06-28 20:57:01.330 E/LoadedApk( 1588): java.lang.ClassNotFoundException: Didn't find class "androidx.core.app.CoreComponentFactory" on path: DexPathList[[],nativeLibraryDirectories=[/data/app/com.android.chrome-FaOO10luA_wkwfH8-TH-fA==/lib/arm64, /data/app/com.android.chrome-FaOO10luA_wkwfH8-TH-fA==/base.apk!/lib/arm64-v8a, /data/app/com.google.android.trichromelibrary_782711433-rDXKUS8-83AVIr5gpmRe4w==/base.apk!/lib/arm64-v8a, /system/lib64, /system/product/lib64]]
06-28 20:57:01.330 E/LoadedApk( 1588): 	at dalvik.system.BaseDexClassLoader.findClass(BaseDexClassLoader.java:196)
06-28 20:57:01.330 E/LoadedApk( 1588): 	at java.lang.ClassLoader.loadClass(ClassLoader.java:379)
06-28 20:57:01.330 E/LoadedApk( 1588): 	at java.lang.ClassLoader.loadClass(ClassLoader.java:312)
06-28 20:57:01.330 E/LoadedApk( 1588): 	at android.app.LoadedApk.createAppFactory(LoadedApk.java:256)
06-28 20:57:01.330 E/LoadedApk( 1588): 	at android.app.LoadedApk.updateApplicationInfo(LoadedApk.java:370)
06-28 20:57:01.330 E/LoadedApk( 1588): 	at android.app.ActivityThread.handleDispatchPackageBroadcast(ActivityThread.java:5952)
06-28 20:57:01.330 E/LoadedApk( 1588): 	at android.app.ActivityThread$H.handleMessage(ActivityThread.java:1942)
06-28 20:57:01.330 E/LoadedApk( 1588): 	at android.os.Handler.dispatchMessage(Handler.java:107)
06-28 20:57:01.330 E/LoadedApk( 1588): 	at android.os.Looper.loop(Looper.java:214)
06-28 20:57:01.330 E/LoadedApk( 1588): 	at com.android.server.SystemServer.run(SystemServer.java:564)
06-28 20:57:01.330 E/LoadedApk( 1588): 	at com.android.server.SystemServer.main(SystemServer.java:360)
06-28 20:57:01.330 E/LoadedApk( 1588): 	at java.lang.reflect.Method.invoke(Native Method)
06-28 20:57:01.330 E/LoadedApk( 1588): 	at com.android.internal.os.RuntimeInit$MethodAndArgsCaller.run(RuntimeInit.java:492)
06-28 20:57:01.330 E/LoadedApk( 1588): 	at com.android.internal.os.ZygoteInit.main(ZygoteInit.java:913)
06-28 20:57:02.196 E/Perf    (18481): Fail to get file list lib
06-28 20:57:02.197 E/Perf    (18481): getFolderSize() : Exception_1 = java.lang.NullPointerException: Attempt to get length of null array
06-28 20:57:02.230 E/Perf    (18481): Fail to get file list com.android.vending
06-28 20:57:02.230 E/Perf    (18481): getFolderSize() : Exception_1 = java.lang.NullPointerException: Attempt to get length of null array
06-28 20:57:02.231 E/Perf    (18481): Fail to get file list oat
06-28 20:57:02.232 E/Perf    (18481): getFolderSize() : Exception_1 = java.lang.NullPointerException: Attempt to get length of null array
06-28 20:57:02.470 E/ANDR-IOP( 1037): IIop:: Iop HAL Service is not available.
06-28 20:57:02.480 E/Perf    (18544): Fail to get file list com.example.laketownturf
06-28 20:57:02.480 E/Perf    (18544): getFolderSize() : Exception_1 = java.lang.NullPointerException: Attempt to get length of null array
06-28 20:57:02.480 E/Perf    (18544): Fail to get file list com.example.laketownturf
06-28 20:57:02.480 E/Perf    (18544): getFolderSize() : Exception_1 = java.lang.NullPointerException: Attempt to get length of null array
06-28 20:57:02.662 E/WindowManager( 1588): App trying to use insecure INPUT_FEATURE_NO_INPUT_CHANNEL flag. Ignoring
06-28 20:57:03.729 E/ANDR-PERF-MPCTL(  771): poll() has timed out for /sys/module/msm_performance/events/cpu_hotplug
06-28 20:57:03.729 E/ANDR-PERF-MPCTL(  771): Block on poll()
06-28 20:57:04.078 E/GoogleApiManager(18544): Failed to get service from broker. 
06-28 20:57:04.078 E/GoogleApiManager(18544): java.lang.SecurityException: Unknown calling package name 'com.google.android.gms'.
06-28 20:57:04.078 E/GoogleApiManager(18544): 	at android.os.Parcel.createException(Parcel.java:2071)
06-28 20:57:04.078 E/GoogleApiManager(18544): 	at android.os.Parcel.readException(Parcel.java:2039)
06-28 20:57:04.078 E/GoogleApiManager(18544): 	at android.os.Parcel.readException(Parcel.java:1987)
06-28 20:57:04.078 E/GoogleApiManager(18544): 	at bifo.a(:com.google.android.gms@262334013@26.23.34 (100400-933906539):36)
06-28 20:57:04.078 E/GoogleApiManager(18544): 	at bidk.y(:com.google.android.gms@262334013@26.23.34 (100400-933906539):150)
06-28 20:57:04.078 E/GoogleApiManager(18544): 	at bhjl.run(:com.google.android.gms@262334013@26.23.34 (100400-933906539):42)
06-28 20:57:04.078 E/GoogleApiManager(18544): 	at android.os.Handler.handleCallback(Handler.java:883)
06-28 20:57:04.078 E/GoogleApiManager(18544): 	at android.os.Handler.dispatchMessage(Handler.java:100)
06-28 20:57:04.078 E/GoogleApiManager(18544): 	at cxwp.my(:com.google.android.gms@262334013@26.23.34 (100400-933906539):1)
06-28 20:57:04.078 E/GoogleApiManager(18544): 	at cxwp.dispatchMessage(:com.google.android.gms@262334013@26.23.34 (100400-933906539):5)
06-28 20:57:04.078 E/GoogleApiManager(18544): 	at android.os.Looper.loop(Looper.java:214)
06-28 20:57:04.078 E/GoogleApiManager(18544): 	at android.os.HandlerThread.run(HandlerThread.java:67)
06-28 20:57:04.098 E/GoogleApiManager(18544): Failed to get service from broker. 
06-28 20:57:04.098 E/GoogleApiManager(18544): java.lang.SecurityException: Unknown calling package name 'com.google.android.gms'.
06-28 20:57:04.098 E/GoogleApiManager(18544): 	at android.os.Parcel.createException(Parcel.java:2071)
06-28 20:57:04.098 E/GoogleApiManager(18544): 	at android.os.Parcel.readException(Parcel.java:2039)
06-28 20:57:04.098 E/GoogleApiManager(18544): 	at android.os.Parcel.readException(Parcel.java:1987)
06-28 20:57:04.098 E/GoogleApiManager(18544): 	at bifo.a(:com.google.android.gms@262334013@26.23.34 (100400-933906539):36)
06-28 20:57:04.098 E/GoogleApiManager(18544): 	at bidk.y(:com.google.android.gms@262334013@26.23.34 (100400-933906539):150)
06-28 20:57:04.098 E/GoogleApiManager(18544): 	at bhjl.run(:com.google.android.gms@262334013@26.23.34 (100400-933906539):42)
06-28 20:57:04.098 E/GoogleApiManager(18544): 	at android.os.Handler.handleCallback(Handler.java:883)
06-28 20:57:04.098 E/GoogleApiManager(18544): 	at android.os.Handler.dispatchMessage(Handler.java:100)
06-28 20:57:04.098 E/GoogleApiManager(18544): 	at cxwp.my(:com.google.android.gms@262334013@26.23.34 (100400-933906539):1)
06-28 20:57:04.098 E/GoogleApiManager(18544): 	at cxwp.dispatchMessage(:com.google.android.gms@262334013@26.23.34 (100400-933906539):5)
06-28 20:57:04.098 E/GoogleApiManager(18544): 	at android.os.Looper.loop(Looper.java:214)
06-28 20:57:04.098 E/GoogleApiManager(18544): 	at android.os.HandlerThread.run(HandlerThread.java:67)
06-28 20:57:06.733 E/ANDR-PERF-MPCTL(  771): poll() has timed out for /sys/module/msm_performance/events/cpu_hotplug
06-28 20:57:06.733 E/ANDR-PERF-MPCTL(  771): Block on poll()
06-28 20:57:07.944 E/WindowManager( 1588): App trying to use insecure INPUT_FEATURE_NO_INPUT_CHANNEL flag. Ignoring
06-28 20:57:09.733 E/ANDR-PERF-MPCTL(  771): poll() has timed out for /sys/module/msm_performance/events/cpu_hotplug
06-28 20:57:09.733 E/ANDR-PERF-MPCTL(  771): Block on poll()
06-28 20:57:10.053 E/ANDR-IOP( 1037): IIop:: Iop HAL Service is not available.
06-28 20:57:10.678 E/ResolverController(  708): No valid NAT64 prefix (577, <unspecified>/0)
06-28 20:57:10.829 E/MQTTBypassDGWStreamGroupCallbacks.cpp(16673): onStreamGroupError TransientError domain: MNSQUICConnection code: 1 detail: Local error: 0x40000015: 35 seconds timeout
06-28 20:57:10.880 E/msys    (16673): E[N mns:DGWClient]_OnResolverSuccess(335)=>Cache refresh succeeded with system DNS resolver. IP count: 2
06-28 20:57:10.926 E/msys    (16673): E[S MSync]modular_sync_service_ffi::service_ffi::handle_network_response(1044)=>DB[223] - Encountered a network error (2002: TransientError domain: MNSQUICConnection code: 1 detail: Local error: 0x40000015: 35 seconds timeout)
06-28 20:57:10.926 E/msys    (16673): E[S MSync]modular_sync_service_ffi::service_ffi::handle_network_error_response(1275)=>DB[223] - handle network error response
06-28 20:57:10.958 E/MDCoreSyncManagerImpl(16673): [userId=163595939] Unknown event type: SUBSCRIPTION_STATE_CHANGED
06-28 20:57:10.958 E/IgnitionDebug(16673): [userId=163595939] Unknown event type: SUBSCRIPTION_STATE_CHANGED
06-28 20:57:10.960 E/msys    (16673): E[S MSync]modular_sync_service_ffi::dispatch_ffi::send_sync_request(1152)=>Skip execute sync from callback 223
06-28 20:57:12.502 E/ANDR-IOP( 1037): IIop:: Iop HAL Service is not available.
06-28 20:57:12.736 E/ANDR-PERF-MPCTL(  771): poll() has timed out for /sys/module/msm_performance/events/cpu_hotplug
06-28 20:57:12.736 E/ANDR-PERF-MPCTL(  771): Block on poll()
06-28 20:57:12.947 E/BluetoothDevice(12855): BT not enabled. Cannot get remote device Uuids
06-28 20:57:12.948 E/WindowManager( 1588): App trying to use insecure INPUT_FEATURE_NO_INPUT_CHANNEL flag. Ignoring
06-28 20:57:12.950 E/BluetoothDevice(12855): BT not enabled. Cannot get remote device Uuids
06-28 20:57:13.052 E/Perf    (18859): Fail to get file list com.google.android.gms
06-28 20:57:13.053 E/Perf    (18859): getFolderSize() : Exception_1 = java.lang.NullPointerException: Attempt to get length of null array
06-28 20:57:13.054 E/Perf    (18859): Fail to get file list oat
06-28 20:57:13.055 E/Perf    (18859): getFolderSize() : Exception_1 = java.lang.NullPointerException: Attempt to get length of null array
06-28 20:57:13.204 E/Perf    (18981): Fail to get file list com.google.android.gms
06-28 20:57:13.204 E/Perf    (18981): getFolderSize() : Exception_1 = java.lang.NullPointerException: Attempt to get length of null array
06-28 20:57:13.204 E/Perf    (18981): Fail to get file list oat
06-28 20:57:13.205 E/Perf    (18981): getFolderSize() : Exception_1 = java.lang.NullPointerException: Attempt to get length of null array
06-28 20:57:13.698 E/BluetoothDevice(12855): BT not enabled. Cannot get remote device Uuids
06-28 20:57:13.699 E/BluetoothDevice(12855): BT not enabled. Cannot get remote device Uuids
06-28 20:57:14.098 E/GoogleApiManager(18544): Failed to get service from broker. 
06-28 20:57:14.098 E/GoogleApiManager(18544): java.lang.SecurityException: Unknown calling package name 'com.google.android.gms'.
06-28 20:57:14.098 E/GoogleApiManager(18544): 	at android.os.Parcel.createException(Parcel.java:2071)
06-28 20:57:14.098 E/GoogleApiManager(18544): 	at android.os.Parcel.readException(Parcel.java:2039)
06-28 20:57:14.098 E/GoogleApiManager(18544): 	at android.os.Parcel.readException(Parcel.java:1987)
06-28 20:57:14.098 E/GoogleApiManager(18544): 	at bifo.a(:com.google.android.gms@262334013@26.23.34 (100400-933906539):36)
06-28 20:57:14.098 E/GoogleApiManager(18544): 	at bidk.y(:com.google.android.gms@262334013@26.23.34 (100400-933906539):150)
06-28 20:57:14.098 E/GoogleApiManager(18544): 	at bhjl.run(:com.google.android.gms@262334013@26.23.34 (100400-933906539):42)
06-28 20:57:14.098 E/GoogleApiManager(18544): 	at android.os.Handler.handleCallback(Handler.java:883)
06-28 20:57:14.098 E/GoogleApiManager(18544): 	at android.os.Handler.dispatchMessage(Handler.java:100)
06-28 20:57:14.098 E/GoogleApiManager(18544): 	at cxwp.my(:com.google.android.gms@262334013@26.23.34 (100400-933906539):1)
06-28 20:57:14.098 E/GoogleApiManager(18544): 	at cxwp.dispatchMessage(:com.google.android.gms@262334013@26.23.34 (100400-933906539):5)
06-28 20:57:14.098 E/GoogleApiManager(18544): 	at android.os.Looper.loop(Looper.java:214)
06-28 20:57:14.098 E/GoogleApiManager(18544): 	at android.os.HandlerThread.run(HandlerThread.java:67)
06-28 20:57:15.214 E/BluetoothDevice(12855): BT not enabled. Cannot get remote device Uuids
06-28 20:57:15.215 E/BluetoothDevice(12855): BT not enabled. Cannot get remote device Uuids
06-28 20:57:15.741 E/ANDR-PERF-MPCTL(  771): poll() has timed out for /sys/module/msm_performance/events/cpu_hotplug
06-28 20:57:15.741 E/ANDR-PERF-MPCTL(  771): Block on poll()
06-28 20:57:15.976 E/BluetoothDevice(12855): BT not enabled. Cannot get remote device Uuids
06-28 20:57:15.976 E/BluetoothDevice(12855): BT not enabled. Cannot get remote device Uuids
06-28 20:57:16.746 E/BluetoothDevice(12855): BT not enabled. Cannot get remote device Uuids
06-28 20:57:16.747 E/BluetoothDevice(12855): BT not enabled. Cannot get remote device Uuids
06-28 20:57:18.743 E/ANDR-PERF-MPCTL(  771): poll() has timed out for /sys/module/msm_performance/events/cpu_hotplug
06-28 20:57:18.743 E/ANDR-PERF-MPCTL(  771): Block on poll()
06-28 20:57:19.531 E/BluetoothDevice(12855): BT not enabled. Cannot get remote device Uuids
06-28 20:57:19.532 E/BluetoothDevice(12855): BT not enabled. Cannot get remote device Uuids
06-28 20:57:20.293 E/BluetoothDevice(12855): BT not enabled. Cannot get remote device Uuids
06-28 20:57:20.293 E/BluetoothDevice(12855): BT not enabled. Cannot get remote device Uuids
06-28 20:57:21.056 E/BluetoothDevice(12855): BT not enabled. Cannot get remote device Uuids
06-28 20:57:21.057 E/BluetoothDevice(12855): BT not enabled. Cannot get remote device Uuids
06-28 20:57:21.746 E/ANDR-PERF-MPCTL(  771): poll() has timed out for /sys/module/msm_performance/events/cpu_hotplug
06-28 20:57:21.746 E/ANDR-PERF-MPCTL(  771): Block on poll()
06-28 20:57:21.808 E/BluetoothDevice(12855): BT not enabled. Cannot get remote device Uuids
06-28 20:57:21.809 E/BluetoothDevice(12855): BT not enabled. Cannot get remote device Uuids
06-28 20:57:22.567 E/BluetoothDevice(12855): BT not enabled. Cannot get remote device Uuids
06-28 20:57:22.571 E/BluetoothDevice(12855): BT not enabled. Cannot get remote device Uuids
06-28 20:57:12.970 E/WindowManager( 1588): App trying to use insecure INPUT_FEATURE_NO_INPUT_CHANNEL flag. Ignoring
06-28 20:57:23.333 E/BluetoothDevice(12855): BT not enabled. Cannot get remote device Uuids
06-28 20:57:23.338 E/BluetoothDevice(12855): BT not enabled. Cannot get remote device Uuids
06-28 20:57:24.596 E/BluetoothDevice(12855): BT not enabled. Cannot get remote device Uuids
06-28 20:57:24.597 E/BluetoothDevice(12855): BT not enabled. Cannot get remote device Uuids
06-28 20:57:24.747 E/ANDR-PERF-MPCTL(  771): poll() has timed out for /sys/module/msm_performance/events/cpu_hotplug
06-28 20:57:24.747 E/ANDR-PERF-MPCTL(  771): Block on poll()
06-28 20:57:25.356 E/BluetoothDevice(12855): BT not enabled. Cannot get remote device Uuids
06-28 20:57:25.356 E/BluetoothDevice(12855): BT not enabled. Cannot get remote device Uuids
06-28 20:57:26.114 E/BluetoothDevice(12855): BT not enabled. Cannot get remote device Uuids
06-28 20:57:26.115 E/BluetoothDevice(12855): BT not enabled. Cannot get remote device Uuids
06-28 20:57:26.878 E/BluetoothDevice(12855): BT not enabled. Cannot get remote device Uuids
06-28 20:57:26.879 E/BluetoothDevice(12855): BT not enabled. Cannot get remote device Uuids
06-28 20:57:27.640 E/BluetoothDevice(12855): BT not enabled. Cannot get remote device Uuids
06-28 20:57:27.641 E/BluetoothDevice(12855): BT not enabled. Cannot get remote device Uuids
06-28 20:57:27.750 E/ANDR-PERF-MPCTL(  771): poll() has timed out for /sys/module/msm_performance/events/cpu_hotplug
06-28 20:57:27.750 E/ANDR-PERF-MPCTL(  771): Block on poll()
06-28 20:57:28.396 E/BluetoothDevice(12855): BT not enabled. Cannot get remote device Uuids
06-28 20:57:28.397 E/BluetoothDevice(12855): BT not enabled. Cannot get remote device Uuids
06-28 20:57:29.932 E/BluetoothDevice(12855): BT not enabled. Cannot get remote device Uuids
06-28 20:57:29.933 E/BluetoothDevice(12855): BT not enabled. Cannot get remote device Uuids
06-28 20:57:30.753 E/ANDR-PERF-MPCTL(  771): poll() has timed out for /sys/module/msm_performance/events/cpu_hotplug
06-28 20:57:30.753 E/ANDR-PERF-MPCTL(  771): Block on poll()
06-28 20:57:31.965 E/BluetoothDevice(12855): BT not enabled. Cannot get remote device Uuids
06-28 20:57:31.965 E/BluetoothDevice(12855): BT not enabled. Cannot get remote device Uuids
06-28 20:57:32.731 E/BluetoothDevice(12855): BT not enabled. Cannot get remote device Uuids
06-28 20:57:32.732 E/BluetoothDevice(12855): BT not enabled. Cannot get remote device Uuids
06-28 20:57:33.493 E/BluetoothDevice(12855): BT not enabled. Cannot get remote device Uuids
06-28 20:57:33.494 E/BluetoothDevice(12855): BT not enabled. Cannot get remote device Uuids
06-28 20:57:33.756 E/ANDR-PERF-MPCTL(  771): poll() has timed out for /sys/module/msm_performance/events/cpu_hotplug
06-28 20:57:33.757 E/ANDR-PERF-MPCTL(  771): Block on poll()
06-28 20:57:35.043 E/BluetoothDevice(12855): BT not enabled. Cannot get remote device Uuids
06-28 20:57:35.044 E/BluetoothDevice(12855): BT not enabled. Cannot get remote device Uuids
06-28 20:57:36.760 E/ANDR-PERF-MPCTL(  771): poll() has timed out for /sys/module/msm_performance/events/cpu_hotplug
06-28 20:57:36.760 E/ANDR-PERF-MPCTL(  771): Block on poll()
06-28 20:57:37.062 E/BluetoothDevice(12855): BT not enabled. Cannot get remote device Uuids
06-28 20:57:37.063 E/BluetoothDevice(12855): BT not enabled. Cannot get remote device Uuids
06-28 20:57:37.826 E/BluetoothDevice(12855): BT not enabled. Cannot get remote device Uuids
06-28 20:57:37.826 E/BluetoothDevice(12855): BT not enabled. Cannot get remote device Uuids
06-28 20:57:38.588 E/BluetoothDevice(12855): BT not enabled. Cannot get remote device Uuids
06-28 20:57:38.588 E/BluetoothDevice(12855): BT not enabled. Cannot get remote device Uuids
06-28 20:57:39.339 E/BluetoothDevice(12855): BT not enabled. Cannot get remote device Uuids
06-28 20:57:39.339 E/BluetoothDevice(12855): BT not enabled. Cannot get remote device Uuids
06-28 20:57:39.763 E/ANDR-PERF-MPCTL(  771): poll() has timed out for /sys/module/msm_performance/events/cpu_hotplug
06-28 20:57:39.763 E/ANDR-PERF-MPCTL(  771): Block on poll()
06-28 20:57:40.879 E/BluetoothDevice(12855): BT not enabled. Cannot get remote device Uuids
06-28 20:57:40.880 E/BluetoothDevice(12855): BT not enabled. Cannot get remote device Uuids
06-28 20:57:42.764 E/ANDR-PERF-MPCTL(  771): poll() has timed out for /sys/module/msm_performance/events/cpu_hotplug
06-28 20:57:42.764 E/ANDR-PERF-MPCTL(  771): Block on poll()
06-28 20:57:42.913 E/BluetoothDevice(12855): BT not enabled. Cannot get remote device Uuids
06-28 20:57:42.914 E/BluetoothDevice(12855): BT not enabled. Cannot get remote device Uuids
06-28 20:57:43.669 E/BluetoothDevice(12855): BT not enabled. Cannot get remote device Uuids
06-28 20:57:43.670 E/BluetoothDevice(12855): BT not enabled. Cannot get remote device Uuids
06-28 20:57:45.216 E/BluetoothDevice(12855): BT not enabled. Cannot get remote device Uuids
06-28 20:57:45.216 E/BluetoothDevice(12855): BT not enabled. Cannot get remote device Uuids
06-28 20:57:45.767 E/ANDR-PERF-MPCTL(  771): poll() has timed out for /sys/module/msm_performance/events/cpu_hotplug
06-28 20:57:45.767 E/ANDR-PERF-MPCTL(  771): Block on poll()
06-28 20:57:45.962 E/BluetoothDevice(12855): BT not enabled. Cannot get remote device Uuids
06-28 20:57:45.962 E/BluetoothDevice(12855): BT not enabled. Cannot get remote device Uuids
06-28 20:57:47.244 E/BluetoothDevice(12855): BT not enabled. Cannot get remote device Uuids
06-28 20:57:47.245 E/BluetoothDevice(12855): BT not enabled. Cannot get remote device Uuids
06-28 20:57:48.754 E/BluetoothDevice(12855): BT not enabled. Cannot get remote device Uuids
06-28 20:57:48.755 E/BluetoothDevice(12855): BT not enabled. Cannot get remote device Uuids
06-28 20:57:48.770 E/ANDR-PERF-MPCTL(  771): poll() has timed out for /sys/module/msm_performance/events/cpu_hotplug
06-28 20:57:48.770 E/ANDR-PERF-MPCTL(  771): Block on poll()
06-28 20:57:49.520 E/BluetoothDevice(12855): BT not enabled. Cannot get remote device Uuids
06-28 20:57:49.520 E/BluetoothDevice(12855): BT not enabled. Cannot get remote device Uuids
06-28 20:57:50.283 E/BluetoothDevice(12855): BT not enabled. Cannot get remote device Uuids
06-28 20:57:50.283 E/BluetoothDevice(12855): BT not enabled. Cannot get remote device Uuids
06-28 20:57:51.051 E/BluetoothDevice(12855): BT not enabled. Cannot get remote device Uuids
06-28 20:57:51.051 E/BluetoothDevice(12855): BT not enabled. Cannot get remote device Uuids
06-28 20:57:51.770 E/ANDR-PERF-MPCTL(  771): poll() has timed out for /sys/module/msm_performance/events/cpu_hotplug
06-28 20:57:51.771 E/ANDR-PERF-MPCTL(  771): Block on poll()
06-28 20:57:53.835 E/BluetoothDevice(12855): BT not enabled. Cannot get remote device Uuids
06-28 20:57:53.836 E/BluetoothDevice(12855): BT not enabled. Cannot get remote device Uuids
06-28 20:57:54.601 E/BluetoothDevice(12855): BT not enabled. Cannot get remote device Uuids
06-28 20:57:54.602 E/BluetoothDevice(12855): BT not enabled. Cannot get remote device Uuids
06-28 20:57:54.773 E/ANDR-PERF-MPCTL(  771): poll() has timed out for /sys/module/msm_performance/events/cpu_hotplug
06-28 20:57:54.773 E/ANDR-PERF-MPCTL(  771): Block on poll()
06-28 20:57:55.368 E/BluetoothDevice(12855): BT not enabled. Cannot get remote device Uuids
06-28 20:57:55.368 E/BluetoothDevice(12855): BT not enabled. Cannot get remote device Uuids
06-28 20:57:56.146 E/BluetoothDevice(12855): BT not enabled. Cannot get remote device Uuids
06-28 20:57:56.146 E/BluetoothDevice(12855): BT not enabled. Cannot get remote device Uuids
06-28 20:57:57.776 E/ANDR-PERF-MPCTL(  771): poll() has timed out for /sys/module/msm_performance/events/cpu_hotplug
06-28 20:57:57.776 E/ANDR-PERF-MPCTL(  771): Block on poll()
06-28 20:57:58.186 E/BluetoothDevice(12855): BT not enabled. Cannot get remote device Uuids
06-28 20:57:58.187 E/BluetoothDevice(12855): BT not enabled. Cannot get remote device Uuids
06-28 20:58:00.450 E/BluetoothDevice(12855): BT not enabled. Cannot get remote device Uuids
06-28 20:58:00.450 E/BluetoothDevice(12855): BT not enabled. Cannot get remote device Uuids
06-28 20:58:00.780 E/ANDR-PERF-MPCTL(  771): poll() has timed out for /sys/module/msm_performance/events/cpu_hotplug
06-28 20:58:00.780 E/ANDR-PERF-MPCTL(  771): Block on poll()
06-28 20:58:01.220 E/BluetoothDevice(12855): BT not enabled. Cannot get remote device Uuids
06-28 20:58:01.221 E/BluetoothDevice(12855): BT not enabled. Cannot get remote device Uuids
06-28 20:58:01.979 E/BluetoothDevice(12855): BT not enabled. Cannot get remote device Uuids
06-28 20:58:01.979 E/BluetoothDevice(12855): BT not enabled. Cannot get remote device Uuids
06-28 20:58:03.616 E/WindowManager( 1588): App trying to use insecure INPUT_FEATURE_NO_INPUT_CHANNEL flag. Ignoring
06-28 20:58:03.783 E/ANDR-PERF-MPCTL(  771): poll() has timed out for /sys/module/msm_performance/events/cpu_hotplug
06-28 20:58:03.783 E/ANDR-PERF-MPCTL(  771): Block on poll()
06-28 20:58:04.782 E/BluetoothDevice(12855): BT not enabled. Cannot get remote device Uuids
06-28 20:58:04.783 E/BluetoothDevice(12855): BT not enabled. Cannot get remote device Uuids
06-28 20:58:05.534 E/BluetoothDevice(12855): BT not enabled. Cannot get remote device Uuids
06-28 20:58:05.534 E/BluetoothDevice(12855): BT not enabled. Cannot get remote device Uuids
06-28 20:58:06.313 E/BluetoothDevice(12855): BT not enabled. Cannot get remote device Uuids
06-28 20:58:06.314 E/BluetoothDevice(12855): BT not enabled. Cannot get remote device Uuids
06-28 20:58:06.783 E/ANDR-PERF-MPCTL(  771): poll() has timed out for /sys/module/msm_performance/events/cpu_hotplug
06-28 20:58:06.783 E/ANDR-PERF-MPCTL(  771): Block on poll()
06-28 20:58:07.068 E/BluetoothDevice(12855): BT not enabled. Cannot get remote device Uuids
06-28 20:58:07.069 E/BluetoothDevice(12855): BT not enabled. Cannot get remote device Uuids
06-28 20:58:07.649 E/le.laketowntur(18544): No package ID 46 found for ID 0x464a1c3c.
06-28 20:58:07.827 E/BluetoothDevice(12855): BT not enabled. Cannot get remote device Uuids
06-28 20:58:07.828 E/BluetoothDevice(12855): BT not enabled. Cannot get remote device Uuids
06-28 20:58:09.786 E/ANDR-PERF-MPCTL(  771): poll() has timed out for /sys/module/msm_performance/events/cpu_hotplug
06-28 20:58:09.787 E/ANDR-PERF-MPCTL(  771): Block on poll()
06-28 20:58:10.105 E/BluetoothDevice(12855): BT not enabled. Cannot get remote device Uuids
06-28 20:58:10.106 E/BluetoothDevice(12855): BT not enabled. Cannot get remote device Uuids
06-28 20:58:10.637 E/BluetoothDevice(12855): BT not enabled. Cannot get remote device Uuids
06-28 20:58:10.639 E/BluetoothDevice(12855): BT not enabled. Cannot get remote device Uuids
06-28 20:58:10.677 E/le.laketowntur(18544): No package ID 46 found for ID 0x464a1c3c.
06-28 20:58:11.381 E/BluetoothDevice(12855): BT not enabled. Cannot get remote device Uuids
06-28 20:58:11.381 E/BluetoothDevice(12855): BT not enabled. Cannot get remote device Uuids
06-28 20:58:12.132 E/BluetoothDevice(12855): BT not enabled. Cannot get remote device Uuids
06-28 20:58:12.132 E/BluetoothDevice(12855): BT not enabled. Cannot get remote device Uuids
06-28 20:58:12.790 E/ANDR-PERF-MPCTL(  771): poll() has timed out for /sys/module/msm_performance/events/cpu_hotplug
06-28 20:58:12.790 E/ANDR-PERF-MPCTL(  771): Block on poll()
06-28 20:58:12.898 E/BluetoothDevice(12855): BT not enabled. Cannot get remote device Uuids
06-28 20:58:12.899 E/BluetoothDevice(12855): BT not enabled. Cannot get remote device Uuids
06-28 20:58:13.238 E/le.laketowntur(18544): No package ID 46 found for ID 0x464a1c3c.
06-28 20:58:13.870 E/le.laketowntur(18544): No package ID 46 found for ID 0x464a1c3c.
06-28 20:58:14.429 E/BluetoothDevice(12855): BT not enabled. Cannot get remote device Uuids
06-28 20:58:14.429 E/BluetoothDevice(12855): BT not enabled. Cannot get remote device Uuids
06-28 20:58:15.151 E/le.laketowntur(18544): No package ID 46 found for ID 0x464a1c3c.
06-28 20:58:15.791 E/ANDR-PERF-MPCTL(  771): poll() has timed out for /sys/module/msm_performance/events/cpu_hotplug
06-28 20:58:15.791 E/ANDR-PERF-MPCTL(  771): Block on poll()
06-28 20:58:17.216 E/BluetoothDevice(12855): BT not enabled. Cannot get remote device Uuids
06-28 20:58:17.217 E/BluetoothDevice(12855): BT not enabled. Cannot get remote device Uuids
06-28 20:58:17.629 E/le.laketowntur(18544): No package ID 46 found for ID 0x464a1c3c.
06-28 20:58:18.794 E/ANDR-PERF-MPCTL(  771): poll() has timed out for /sys/module/msm_performance/events/cpu_hotplug
06-28 20:58:18.794 E/ANDR-PERF-MPCTL(  771): Block on poll()
06-28 20:58:19.487 E/BluetoothDevice(12855): BT not enabled. Cannot get remote device Uuids
06-28 20:58:19.488 E/BluetoothDevice(12855): BT not enabled. Cannot get remote device Uuids
06-28 20:58:21.021 E/BluetoothDevice(12855): BT not enabled. Cannot get remote device Uuids
06-28 20:58:21.021 E/BluetoothDevice(12855): BT not enabled. Cannot get remote device Uuids
06-28 20:58:21.798 E/ANDR-PERF-MPCTL(  771): poll() has timed out for /sys/module/msm_performance/events/cpu_hotplug
06-28 20:58:21.798 E/ANDR-PERF-MPCTL(  771): Block on poll()
06-28 20:58:23.055 E/BluetoothDevice(12855): BT not enabled. Cannot get remote device Uuids
06-28 20:58:23.056 E/BluetoothDevice(12855): BT not enabled. Cannot get remote device Uuids
06-28 20:58:23.817 E/BluetoothDevice(12855): BT not enabled. Cannot get remote device Uuids
06-28 20:58:23.818 E/BluetoothDevice(12855): BT not enabled. Cannot get remote device Uuids
06-28 20:58:24.589 E/BluetoothDevice(12855): BT not enabled. Cannot get remote device Uuids
06-28 20:58:24.590 E/BluetoothDevice(12855): BT not enabled. Cannot get remote device Uuids
06-28 20:58:24.801 E/ANDR-PERF-MPCTL(  771): poll() has timed out for /sys/module/msm_performance/events/cpu_hotplug
06-28 20:58:24.801 E/ANDR-PERF-MPCTL(  771): Block on poll()
06-28 20:58:25.351 E/BluetoothDevice(12855): BT not enabled. Cannot get remote device Uuids
06-28 20:58:25.351 E/BluetoothDevice(12855): BT not enabled. Cannot get remote device Uuids
06-28 20:58:27.447 E/memtrack(18981): Couldn't load memtrack module
06-28 20:58:27.804 E/ANDR-PERF-MPCTL(  771): poll() has timed out for /sys/module/msm_performance/events/cpu_hotplug
06-28 20:58:27.804 E/ANDR-PERF-MPCTL(  771): Block on poll()
06-28 20:58:28.163 E/BluetoothDevice(12855): BT not enabled. Cannot get remote device Uuids
06-28 20:58:28.164 E/BluetoothDevice(12855): BT not enabled. Cannot get remote device Uuids
06-28 20:58:30.462 E/BluetoothDevice(12855): BT not enabled. Cannot get remote device Uuids
06-28 20:58:30.463 E/BluetoothDevice(12855): BT not enabled. Cannot get remote device Uuids
06-28 20:58:30.807 E/ANDR-PERF-MPCTL(  771): poll() has timed out for /sys/module/msm_performance/events/cpu_hotplug
06-28 20:58:30.807 E/ANDR-PERF-MPCTL(  771): Block on poll()
06-28 20:58:33.810 E/ANDR-PERF-MPCTL(  771): poll() has timed out for /sys/module/msm_performance/events/cpu_hotplug
06-28 20:58:33.810 E/ANDR-PERF-MPCTL(  771): Block on poll()
06-28 20:58:36.284 E/BluetoothDevice(12855): BT not enabled. Cannot get remote device Uuids
06-28 20:58:36.284 E/BluetoothDevice(12855): BT not enabled. Cannot get remote device Uuids
06-28 20:58:36.813 E/ANDR-PERF-MPCTL(  771): poll() has timed out for /sys/module/msm_performance/events/cpu_hotplug
06-28 20:58:36.813 E/ANDR-PERF-MPCTL(  771): Block on poll()
06-28 20:58:38.410 E/le.laketowntur(18544): No package ID 46 found for ID 0x464a1c3c.
06-28 20:58:39.814 E/ANDR-PERF-MPCTL(  771): poll() has timed out for /sys/module/msm_performance/events/cpu_hotplug
06-28 20:58:39.814 E/ANDR-PERF-MPCTL(  771): Block on poll()
06-28 20:58:39.862 E/le.laketowntur(18544): No package ID 46 found for ID 0x464a1c3c.
06-28 20:58:40.612 E/BluetoothDevice(12855): BT not enabled. Cannot get remote device Uuids
06-28 20:58:40.614 E/BluetoothDevice(12855): BT not enabled. Cannot get remote device Uuids
06-28 20:58:41.372 E/BluetoothDevice(12855): BT not enabled. Cannot get remote device Uuids
06-28 20:58:41.373 E/BluetoothDevice(12855): BT not enabled. Cannot get remote device Uuids
06-28 20:58:41.909 E/AndroidRuntime(18544): FATAL EXCEPTION: main
06-28 20:58:41.909 E/AndroidRuntime(18544): Process: com.example.laketownturf, PID: 18544
06-28 20:58:41.909 E/AndroidRuntime(18544): com.google.firebase.firestore.FirebaseFirestoreException: PERMISSION_DENIED: Missing or insufficient permissions.
06-28 20:58:41.909 E/AndroidRuntime(18544): 	at com.google.firebase.firestore.util.Util.exceptionFromStatus(Util.java:113)
06-28 20:58:41.909 E/AndroidRuntime(18544): 	at com.google.firebase.firestore.core.EventManager.onError(EventManager.java:247)
06-28 20:58:41.909 E/AndroidRuntime(18544): 	at com.google.firebase.firestore.core.SyncEngine.removeAndCleanupTarget(SyncEngine.java:642)
06-28 20:58:41.909 E/AndroidRuntime(18544): 	at com.google.firebase.firestore.core.SyncEngine.handleRejectedListen(SyncEngine.java:478)
06-28 20:58:41.909 E/AndroidRuntime(18544): 	at com.google.firebase.firestore.core.MemoryComponentProvider$RemoteStoreCallback.handleRejectedListen(MemoryComponentProvider.java:125)
06-28 20:58:41.909 E/AndroidRuntime(18544): 	at com.google.firebase.firestore.remote.RemoteStore.processTargetError(RemoteStore.java:596)
06-28 20:58:41.909 E/AndroidRuntime(18544): 	at com.google.firebase.firestore.remote.RemoteStore.handleWatchChange(RemoteStore.java:479)
06-28 20:58:41.909 E/AndroidRuntime(18544): 	at com.google.firebase.firestore.remote.RemoteStore.access$100(RemoteStore.java:60)
06-28 20:58:41.909 E/AndroidRuntime(18544): 	at com.google.firebase.firestore.remote.RemoteStore$1.onWatchChange(RemoteStore.java:188)
06-28 20:58:41.909 E/AndroidRuntime(18544): 	at com.google.firebase.firestore.remote.WatchStream.onNext(WatchStream.java:114)
06-28 20:58:41.909 E/AndroidRuntime(18544): 	at com.google.firebase.firestore.remote.WatchStream.onNext(WatchStream.java:38)
06-28 20:58:41.909 E/AndroidRuntime(18544): 	at com.google.firebase.firestore.remote.AbstractStream$StreamObserver.lambda$onNext$1$com-google-firebase-firestore-remote-AbstractStream$StreamObserver(AbstractStream.java:126)
06-28 20:58:41.909 E/AndroidRuntime(18544): 	at com.google.firebase.firestore.remote.AbstractStream$StreamObserver$$ExternalSyntheticLambda0.run(D8$$SyntheticClass:0)
06-28 20:58:41.909 E/AndroidRuntime(18544): 	at com.google.firebase.firestore.remote.AbstractStream$CloseGuardedRunner.run(AbstractStream.java:67)
06-28 20:58:41.909 E/AndroidRuntime(18544): 	at com.google.firebase.firestore.remote.AbstractStream$StreamObserver.onNext(AbstractStream.java:113)
06-28 20:58:41.909 E/AndroidRuntime(18544): 	at com.google.firebase.firestore.remote.FirestoreChannel$1.onMessage(FirestoreChannel.java:162)
06-28 20:58:41.909 E/AndroidRuntime(18544): 	at io.grpc.internal.ClientCallImpl$ClientStreamListenerImpl$1MessagesAvailable.runInternal(ClientCallImpl.java:667)
06-28 20:58:41.909 E/AndroidRuntime(18544): 	at io.grpc.internal.ClientCallImpl$ClientStreamListenerImpl$1MessagesAvailable.runInContext(ClientCallImpl.java:654)
06-28 20:58:41.909 E/AndroidRuntime(18544): 	at io.grpc.internal.ContextRunnable.run(ContextRunnable.java:37)
06-28 20:58:41.909 E/AndroidRuntime(18544): 	at io.grpc.internal.SerializingExecutor.run(SerializingExecutor.java:133)
06-28 20:58:41.909 E/AndroidRuntime(18544): 	at java.util.concurrent.Executors$RunnableAdapter.call(Executors.java:462)
06-28 20:58:41.909 E/AndroidRuntime(18544): 	at java.util.concurrent.FutureTask.run(FutureTask.java:266)
06-28 20:58:41.909 E/AndroidRuntime(18544): 	at java.util.concurrent.ScheduledThreadPoolExecutor$ScheduledFutureTask.run(ScheduledThreadPoolExecutor.java:301)
06-28 20:58:41.909 E/AndroidRuntime(18544): 	at java.util.concurrent.ThreadPoolExecutor.runWorker(ThreadPoolExecutor.java:1167)
06-28 20:58:41.909 E/AndroidRuntime(18544): 	at java.util.concurrent.ThreadPoolExecutor$Worker.run(ThreadPoolExecutor.java:641)
06-28 20:58:41.909 E/AndroidRuntime(18544): 	at com.google.firebase.firestore.util.AsyncQueue$SynchronizedShutdownAwareExecutor$DelayedStartFactory.run(AsyncQueue.java:235)
06-28 20:58:41.909 E/AndroidRuntime(18544): 	at java.lang.Thread.run(Thread.java:919)
06-28 20:58:41.909 E/AndroidRuntime(18544): 	Suppressed: kotlinx.coroutines.internal.DiagnosticCoroutineContextException: [StandaloneCoroutine{Cancelling}@13ddaca, Dispatchers.Main.immediate]
06-28 20:58:41.909 E/AndroidRuntime(18544): Caused by: io.grpc.StatusException: PERMISSION_DENIED: Missing or insufficient permissions.
06-28 20:58:41.909 E/AndroidRuntime(18544): 	at io.grpc.Status.asException(Status.java:541)
06-28 20:58:41.909 E/AndroidRuntime(18544): 	at com.google.firebase.firestore.util.Util.exceptionFromStatus(Util.java:111)
06-28 20:58:41.909 E/AndroidRuntime(18544): 	... 26 more
06-28 20:58:41.930 E/lowmemorykiller(  789): Error writing /proc/18544/oom_score_adj; errno=22
06-28 20:58:41.938 E/STBMonitorReceiver(16594): dropboxTag:data_app_crash; dropboxTime:1782660521923
06-28 20:58:41.954 E/STBIntentService(16594): Service Started.. 
06-28 20:58:42.004 E/prUploadServic(19255): Not starting debugger since process cannot load the jdwp agent.
06-28 20:58:42.140 E/BluetoothDevice(12855): BT not enabled. Cannot get remote device Uuids
06-28 20:58:42.141 E/BluetoothDevice(12855): BT not enabled. Cannot get remote device Uuids
06-28 20:58:42.247 E/ANDR-IOP( 1037): IIop:: Iop HAL Service is not available.
06-28 20:58:42.351 E/Perf    (19255): Fail to get file list com.evenwell.AprUploadService
06-28 20:58:42.352 E/Perf    (19255): getFolderSize() : Exception_1 = java.lang.NullPointerException: Attempt to get length of null array
06-28 20:58:42.352 E/Perf    (19255): Fail to get file list com.evenwell.AprUploadService
06-28 20:58:42.352 E/Perf    (19255): getFolderSize() : Exception_1 = java.lang.NullPointerException: Attempt to get length of null array
06-28 20:58:42.378 E/StabilityMonitor(16594): [APRReport] get APRReport from Serialized file
06-28 20:58:42.523 E/STBMonitorQueue(16594): APP had been restarted, restore queue:shortQue
06-28 20:58:42.526 E/STBMonitorQueue(16594): Can't get short que backup restore file...
06-28 20:58:42.527 E/STBMonitorQueue(16594): restore data:/data/system/dropbox/data_app_crash@1782659859478;1;1.0;com.example.laketownturf into shortQue queue...
06-28 20:58:42.527 E/STBMonitorQueue(16594): restore data:/data/system/dropbox/system_app_anr@1782659930158;N/A;N/A;android.process.media into shortQue queue...
06-28 20:58:42.530 E/STBIntentService(16594): Add /data/system/dropbox/data_app_crash@1782660521923 into short queue...
06-28 20:58:42.530 E/STBIntentService(16594): /data/system/dropbox/data_app_crash@1782660521923not exist! Backup dropbox file fails...
06-28 20:58:42.538 E/STBIntentService(16594): alarm had already been set...
06-28 20:58:42.540 E/STBIntentService(16594): Service Destroyed.. 
06-28 20:58:42.817 E/ANDR-PERF-MPCTL(  771): poll() has timed out for /sys/module/msm_performance/events/cpu_hotplug
06-28 20:58:42.817 E/ANDR-PERF-MPCTL(  771): Block on poll()
06-28 20:58:44.172 E/BluetoothDevice(12855): BT not enabled. Cannot get remote device Uuids
06-28 20:58:44.172 E/BluetoothDevice(12855): BT not enabled. Cannot get remote device Uuids
06-28 20:58:45.820 E/ANDR-PERF-MPCTL(  771): poll() has timed out for /sys/module/msm_performance/events/cpu_hotplug
06-28 20:58:45.820 E/ANDR-PERF-MPCTL(  771): Block on poll()
06-28 20:58:46.464 E/BluetoothDevice(12855): BT not enabled. Cannot get remote device Uuids
06-28 20:58:46.464 E/BluetoothDevice(12855): BT not enabled. Cannot get remote device Uuids
06-28 20:58:47.223 E/BluetoothDevice(12855): BT not enabled. Cannot get remote device Uuids
06-28 20:58:47.224 E/BluetoothDevice(12855): BT not enabled. Cannot get remote device Uuids
06-28 20:58:47.992 E/BluetoothDevice(12855): BT not enabled. Cannot get remote device Uuids
06-28 20:58:47.993 E/BluetoothDevice(12855): BT not enabled. Cannot get remote device Uuids
06-28 20:58:48.823 E/ANDR-PERF-MPCTL(  771): poll() has timed out for /sys/module/msm_performance/events/cpu_hotplug
06-28 20:58:48.823 E/ANDR-PERF-MPCTL(  771): Block on poll()
06-28 20:58:50.021 E/BluetoothDevice(12855): BT not enabled. Cannot get remote device Uuids
06-28 20:58:50.022 E/BluetoothDevice(12855): BT not enabled. Cannot get remote device Uuids
06-28 20:58:50.791 E/BluetoothDevice(12855): BT not enabled. Cannot get remote device Uuids
06-28 20:58:50.792 E/BluetoothDevice(12855): BT not enabled. Cannot get remote device Uuids
06-28 20:58:51.547 E/BluetoothDevice(12855): BT not enabled. Cannot get remote device Uuids
06-28 20:58:51.547 E/BluetoothDevice(12855): BT not enabled. Cannot get remote device Uuids
06-28 20:58:51.826 E/ANDR-PERF-MPCTL(  771): poll() has timed out for /sys/module/msm_performance/events/cpu_hotplug
06-28 20:58:51.826 E/ANDR-PERF-MPCTL(  771): Block on poll()
06-28 20:58:53.076 E/BluetoothDevice(12855): BT not enabled. Cannot get remote device Uuids
06-28 20:58:53.077 E/BluetoothDevice(12855): BT not enabled. Cannot get remote device Uuids
06-28 20:58:53.852 E/BluetoothDevice(12855): BT not enabled. Cannot get remote device Uuids
06-28 20:58:53.853 E/BluetoothDevice(12855): BT not enabled. Cannot get remote device Uuids
06-28 20:58:54.361 E/BluetoothDevice(12855): BT not enabled. Cannot get remote device Uuids
06-28 20:58:54.362 E/BluetoothDevice(12855): BT not enabled. Cannot get remote device Uuids
06-28 20:58:54.830 E/ANDR-PERF-MPCTL(  771): poll() has timed out for /sys/module/msm_performance/events/cpu_hotplug
06-28 20:58:54.830 E/ANDR-PERF-MPCTL(  771): Block on poll()
06-28 20:58:56.652 E/BluetoothDevice(12855): BT not enabled. Cannot get remote device Uuids
06-28 20:58:56.653 E/BluetoothDevice(12855): BT not enabled. Cannot get remote device Uuids
06-28 20:58:57.833 E/ANDR-PERF-MPCTL(  771): poll() has timed out for /sys/module/msm_performance/events/cpu_hotplug
06-28 20:58:57.833 E/ANDR-PERF-MPCTL(  771): Block on poll()
06-28 20:58:58.183 E/BluetoothDevice(12855): BT not enabled. Cannot get remote device Uuids
06-28 20:58:58.184 E/BluetoothDevice(12855): BT not enabled. Cannot get remote device Uuids
06-28 20:59:00.032 E/BatteryExternalStatsWorker( 1588): no controller energy info supplied for bluetooth
06-28 20:59:00.232 E/BluetoothDevice(12855): BT not enabled. Cannot get remote device Uuids
06-28 20:59:00.232 E/BluetoothDevice(12855): BT not enabled. Cannot get remote device Uuids
06-28 20:59:00.836 E/ANDR-PERF-MPCTL(  771): poll() has timed out for /sys/module/msm_performance/events/cpu_hotplug
06-28 20:59:00.836 E/ANDR-PERF-MPCTL(  771): Block on poll()
06-28 20:59:01.770 E/BluetoothDevice(12855): BT not enabled. Cannot get remote device Uuids
06-28 20:59:01.770 E/BluetoothDevice(12855): BT not enabled. Cannot get remote device Uuids
06-28 20:59:02.527 E/BluetoothDevice(12855): BT not enabled. Cannot get remote device Uuids
06-28 20:59:02.528 E/BluetoothDevice(12855): BT not enabled. Cannot get remote device Uuids
06-28 20:59:03.289 E/BluetoothDevice(12855): BT not enabled. Cannot get remote device Uuids
06-28 20:59:03.290 E/BluetoothDevice(12855): BT not enabled. Cannot get remote device Uuids
06-28 20:59:03.836 E/ANDR-PERF-MPCTL(  771): poll() has timed out for /sys/module/msm_performance/events/cpu_hotplug
06-28 20:59:03.837 E/ANDR-PERF-MPCTL(  771): Block on poll()
06-28 20:59:06.837 E/ANDR-PERF-MPCTL(  771): poll() has timed out for /sys/module/msm_performance/events/cpu_hotplug
06-28 20:59:06.837 E/ANDR-PERF-MPCTL(  771): Block on poll()
06-28 20:59:09.837 E/ANDR-PERF-MPCTL(  771): poll() has timed out for /sys/module/msm_performance/events/cpu_hotplug
06-28 20:59:09.837 E/ANDR-PERF-MPCTL(  771): Block on poll()
06-28 20:59:12.720 E/BluetoothDevice(12855): BT not enabled. Cannot get remote device Uuids
06-28 20:59:12.721 E/BluetoothDevice(12855): BT not enabled. Cannot get remote device Uuids
06-28 20:59:12.840 E/ANDR-PERF-MPCTL(  771): poll() has timed out for /sys/module/msm_performance/events/cpu_hotplug
06-28 20:59:12.840 E/ANDR-PERF-MPCTL(  771): Block on poll()
06-28 20:59:13.470 E/BluetoothDevice(12855): BT not enabled. Cannot get remote device Uuids
06-28 20:59:13.470 E/BluetoothDevice(12855): BT not enabled. Cannot get remote device Uuids
06-28 20:59:14.242 E/BluetoothDevice(12855): BT not enabled. Cannot get remote device Uuids
06-28 20:59:14.243 E/BluetoothDevice(12855): BT not enabled. Cannot get remote device Uuids
06-28 20:59:15.001 E/BluetoothDevice(12855): BT not enabled. Cannot get remote device Uuids
06-28 20:59:15.002 E/BluetoothDevice(12855): BT not enabled. Cannot get remote device Uuids
06-28 20:59:15.760 E/BluetoothDevice(12855): BT not enabled. Cannot get remote device Uuids
06-28 20:59:15.761 E/BluetoothDevice(12855): BT not enabled. Cannot get remote device Uuids
06-28 20:59:15.844 E/ANDR-PERF-MPCTL(  771): poll() has timed out for /sys/module/msm_performance/events/cpu_hotplug
06-28 20:59:15.844 E/ANDR-PERF-MPCTL(  771): Block on poll()
06-28 20:59:16.286 E/BluetoothDevice(12855): BT not enabled. Cannot get remote device Uuids
06-28 20:59:16.287 E/BluetoothDevice(12855): BT not enabled. Cannot get remote device Uuids
06-28 20:59:17.801 E/BluetoothDevice(12855): BT not enabled. Cannot get remote device Uuids
06-28 20:59:17.801 E/BluetoothDevice(12855): BT not enabled. Cannot get remote device Uuids
06-28 20:59:18.561 E/BluetoothDevice(12855): BT not enabled. Cannot get remote device Uuids
06-28 20:59:18.562 E/BluetoothDevice(12855): BT not enabled. Cannot get remote device Uuids
06-28 20:59:18.847 E/ANDR-PERF-MPCTL(  771): poll() has timed out for /sys/module/msm_performance/events/cpu_hotplug
06-28 20:59:18.847 E/ANDR-PERF-MPCTL(  771): Block on poll()
06-28 20:59:19.326 E/BluetoothDevice(12855): BT not enabled. Cannot get remote device Uuids
06-28 20:59:19.327 E/BluetoothDevice(12855): BT not enabled. Cannot get remote device Uuids
06-28 20:59:20.089 E/BluetoothDevice(12855): BT not enabled. Cannot get remote device Uuids
06-28 20:59:20.090 E/BluetoothDevice(12855): BT not enabled. Cannot get remote device Uuids
06-28 20:59:20.860 E/BluetoothDevice(12855): BT not enabled. Cannot get remote device Uuids
06-28 20:59:20.861 E/BluetoothDevice(12855): BT not enabled. Cannot get remote device Uuids
06-28 20:59:21.544 E/memtrack(18859): Couldn't load memtrack module
06-28 20:59:21.850 E/ANDR-PERF-MPCTL(  771): poll() has timed out for /sys/module/msm_performance/events/cpu_hotplug
06-28 20:59:21.850 E/ANDR-PERF-MPCTL(  771): Block on poll()
06-28 20:59:24.407 E/BluetoothDevice(12855): BT not enabled. Cannot get remote device Uuids
06-28 20:59:24.408 E/BluetoothDevice(12855): BT not enabled. Cannot get remote device Uuids
06-28 20:59:24.853 E/ANDR-PERF-MPCTL(  771): poll() has timed out for /sys/module/msm_performance/events/cpu_hotplug
06-28 20:59:24.853 E/ANDR-PERF-MPCTL(  771): Block on poll()
06-28 20:59:25.186 E/BluetoothDevice(12855): BT not enabled. Cannot get remote device Uuids
06-28 20:59:25.188 E/BluetoothDevice(12855): BT not enabled. Cannot get remote device Uuids
06-28 20:59:25.935 E/BluetoothDevice(12855): BT not enabled. Cannot get remote device Uuids
06-28 20:59:25.935 E/BluetoothDevice(12855): BT not enabled. Cannot get remote device Uuids
06-28 20:59:27.856 E/ANDR-PERF-MPCTL(  771): poll() has timed out for /sys/module/msm_performance/events/cpu_hotplug
06-28 20:59:27.856 E/ANDR-PERF-MPCTL(  771): Block on poll()
06-28 20:59:29.487 E/BluetoothDevice(12855): BT not enabled. Cannot get remote device Uuids
06-28 20:59:29.488 E/BluetoothDevice(12855): BT not enabled. Cannot get remote device Uuids
06-28 20:59:30.246 E/BluetoothDevice(12855): BT not enabled. Cannot get remote device Uuids
06-28 20:59:30.247 E/BluetoothDevice(12855): BT not enabled. Cannot get remote device Uuids
06-28 20:59:30.860 E/ANDR-PERF-MPCTL(  771): poll() has timed out for /sys/module/msm_performance/events/cpu_hotplug
06-28 20:59:30.860 E/ANDR-PERF-MPCTL(  771): Block on poll()
06-28 20:59:31.021 E/BluetoothDevice(12855): BT not enabled. Cannot get remote device Uuids
06-28 20:59:31.022 E/BluetoothDevice(12855): BT not enabled. Cannot get remote device Uuids
06-28 20:59:31.791 E/BluetoothDevice(12855): BT not enabled. Cannot get remote device Uuids
06-28 20:59:31.791 E/BluetoothDevice(12855): BT not enabled. Cannot get remote device Uuids
06-28 20:59:33.863 E/ANDR-PERF-MPCTL(  771): poll() has timed out for /sys/module/msm_performance/events/cpu_hotplug
06-28 20:59:33.863 E/ANDR-PERF-MPCTL(  771): Block on poll()
06-28 20:59:35.349 E/BluetoothDevice(12855): BT not enabled. Cannot get remote device Uuids
06-28 20:59:35.349 E/BluetoothDevice(12855): BT not enabled. Cannot get remote device Uuids
06-28 20:59:36.120 E/BluetoothDevice(12855): BT not enabled. Cannot get remote device Uuids
06-28 20:59:36.121 E/BluetoothDevice(12855): BT not enabled. Cannot get remote device Uuids
06-28 20:59:36.865 E/ANDR-PERF-MPCTL(  771): poll() has timed out for /sys/module/msm_performance/events/cpu_hotplug
06-28 20:59:36.865 E/ANDR-PERF-MPCTL(  771): Block on poll()
06-28 20:59:36.889 E/BluetoothDevice(12855): BT not enabled. Cannot get remote device Uuids
06-28 20:59:36.889 E/BluetoothDevice(12855): BT not enabled. Cannot get remote device Uuids
06-28 20:59:37.643 E/BluetoothDevice(12855): BT not enabled. Cannot get remote device Uuids
06-28 20:59:37.643 E/BluetoothDevice(12855): BT not enabled. Cannot get remote device Uuids
06-28 20:59:39.868 E/ANDR-PERF-MPCTL(  771): poll() has timed out for /sys/module/msm_performance/events/cpu_hotplug
06-28 20:59:39.868 E/ANDR-PERF-MPCTL(  771): Block on poll()
06-28 20:59:41.968 E/BluetoothDevice(12855): BT not enabled. Cannot get remote device Uuids
06-28 20:59:41.968 E/BluetoothDevice(12855): BT not enabled. Cannot get remote device Uuids
06-28 20:59:42.871 E/ANDR-PERF-MPCTL(  771): poll() has timed out for /sys/module/msm_performance/events/cpu_hotplug
06-28 20:59:42.871 E/ANDR-PERF-MPCTL(  771): Block on poll()
06-28 20:59:44.253 E/BluetoothDevice(12855): BT not enabled. Cannot get remote device Uuids
06-28 20:59:44.254 E/BluetoothDevice(12855): BT not enabled. Cannot get remote device Uuids
06-28 20:59:45.875 E/ANDR-PERF-MPCTL(  771): poll() has timed out for /sys/module/msm_performance/events/cpu_hotplug
06-28 20:59:45.875 E/ANDR-PERF-MPCTL(  771): Block on poll()
06-28 20:59:46.291 E/BluetoothDevice(12855): BT not enabled. Cannot get remote device Uuids
06-28 20:59:46.292 E/BluetoothDevice(12855): BT not enabled. Cannot get remote device Uuids
06-28 20:59:48.587 E/BluetoothDevice(12855): BT not enabled. Cannot get remote device Uuids
06-28 20:59:48.587 E/BluetoothDevice(12855): BT not enabled. Cannot get remote device Uuids
06-28 20:59:48.878 E/ANDR-PERF-MPCTL(  771): poll() has timed out for /sys/module/msm_performance/events/cpu_hotplug
06-28 20:59:48.878 E/ANDR-PERF-MPCTL(  771): Block on poll()
06-28 20:59:51.881 E/ANDR-PERF-MPCTL(  771): poll() has timed out for /sys/module/msm_performance/events/cpu_hotplug
06-28 20:59:51.881 E/ANDR-PERF-MPCTL(  771): Block on poll()
06-28 20:59:52.921 E/BluetoothDevice(12855): BT not enabled. Cannot get remote device Uuids
06-28 20:59:52.922 E/BluetoothDevice(12855): BT not enabled. Cannot get remote device Uuids
06-28 20:59:53.674 E/BluetoothDevice(12855): BT not enabled. Cannot get remote device Uuids
06-28 20:59:53.675 E/BluetoothDevice(12855): BT not enabled. Cannot get remote device Uuids
06-28 20:59:54.882 E/ANDR-PERF-MPCTL(  771): poll() has timed out for /sys/module/msm_performance/events/cpu_hotplug
06-28 20:59:54.882 E/ANDR-PERF-MPCTL(  771): Block on poll()
06-28 20:59:57.247 E/BluetoothDevice(12855): BT not enabled. Cannot get remote device Uuids
06-28 20:59:57.247 E/BluetoothDevice(12855): BT not enabled. Cannot get remote device Uuids
06-28 20:59:57.883 E/ANDR-PERF-MPCTL(  771): poll() has timed out for /sys/module/msm_performance/events/cpu_hotplug
06-28 20:59:57.883 E/ANDR-PERF-MPCTL(  771): Block on poll()
06-28 20:59:58.010 E/BluetoothDevice(12855): BT not enabled. Cannot get remote device Uuids
06-28 20:59:58.011 E/BluetoothDevice(12855): BT not enabled. Cannot get remote device Uuids
06-28 20:59:59.538 E/BluetoothDevice(12855): BT not enabled. Cannot get remote device Uuids
06-28 20:59:59.538 E/BluetoothDevice(12855): BT not enabled. Cannot get remote device Uuids
06-28 21:00:00.055 E/droid.deskcloc(19320): Not starting debugger since process cannot load the jdwp agent.
06-28 21:00:00.508 E/ANDR-IOP( 1037): IIop:: Iop HAL Service is not available.
06-28 21:00:00.548 E/Perf    (19320): Fail to get file list com.google.android.deskclock
06-28 21:00:00.548 E/Perf    (19320): getFolderSize() : Exception_1 = java.lang.NullPointerException: Attempt to get length of null array
06-28 21:00:00.548 E/Perf    (19320): Fail to get file list com.google.android.deskclock
06-28 21:00:00.548 E/Perf    (19320): getFolderSize() : Exception_1 = java.lang.NullPointerException: Attempt to get length of null array
06-28 21:00:00.549 E/Perf    (19320): Fail to get file list oat
06-28 21:00:00.549 E/Perf    (19320): getFolderSize() : Exception_1 = java.lang.NullPointerException: Attempt to get length of null array
06-28 21:00:00.608 E/.apps.wellbein(19349): Not starting debugger since process cannot load the jdwp agent.
06-28 21:00:00.885 E/ANDR-PERF-MPCTL(  771): poll() has timed out for /sys/module/msm_performance/events/cpu_hotplug
06-28 21:00:00.885 E/ANDR-PERF-MPCTL(  771): Block on poll()
06-28 21:00:01.033 E/libprocessgroup(19349): set_timerslack_ns write failed: Operation not permitted
06-28 21:00:01.069 E/ANDR-IOP( 1037): IIop:: Iop HAL Service is not available.
06-28 21:00:01.172 E/Perf    (19349): Fail to get file list com.google.android.apps.wellbeing
06-28 21:00:01.173 E/Perf    (19349): getFolderSize() : Exception_1 = java.lang.NullPointerException: Attempt to get length of null array
06-28 21:00:01.173 E/Perf    (19349): Fail to get file list com.google.android.apps.wellbeing
06-28 21:00:01.173 E/Perf    (19349): getFolderSize() : Exception_1 = java.lang.NullPointerException: Attempt to get length of null array
06-28 21:00:01.174 E/Perf    (19349): Fail to get file list oat
06-28 21:00:01.174 E/Perf    (19349): getFolderSize() : Exception_1 = java.lang.NullPointerException: Attempt to get length of null array
06-28 21:00:01.578 E/BluetoothDevice(12855): BT not enabled. Cannot get remote device Uuids
06-28 21:00:01.580 E/BluetoothDevice(12855): BT not enabled. Cannot get remote device Uuids
06-28 21:00:02.345 E/BluetoothDevice(12855): BT not enabled. Cannot get remote device Uuids
06-28 21:00:02.345 E/BluetoothDevice(12855): BT not enabled. Cannot get remote device Uuids
06-28 21:00:03.105 E/BluetoothDevice(12855): BT not enabled. Cannot get remote device Uuids
06-28 21:00:03.106 E/BluetoothDevice(12855): BT not enabled. Cannot get remote device Uuids
06-28 21:00:03.888 E/ANDR-PERF-MPCTL(  771): poll() has timed out for /sys/module/msm_performance/events/cpu_hotplug
06-28 21:00:03.888 E/ANDR-PERF-MPCTL(  771): Block on poll()
06-28 21:00:04.638 E/BluetoothDevice(12855): BT not enabled. Cannot get remote device Uuids
06-28 21:00:04.639 E/BluetoothDevice(12855): BT not enabled. Cannot get remote device Uuids
06-28 21:00:06.891 E/ANDR-PERF-MPCTL(  771): poll() has timed out for /sys/module/msm_performance/events/cpu_hotplug
06-28 21:00:06.891 E/ANDR-PERF-MPCTL(  771): Block on poll()
06-28 21:00:08.193 E/BluetoothDevice(12855): BT not enabled. Cannot get remote device Uuids
06-28 21:00:08.193 E/BluetoothDevice(12855): BT not enabled. Cannot get remote device Uuids
06-28 21:00:09.720 E/BluetoothDevice(12855): BT not enabled. Cannot get remote device Uuids
06-28 21:00:09.721 E/BluetoothDevice(12855): BT not enabled. Cannot get remote device Uuids
06-28 21:00:09.894 E/ANDR-PERF-MPCTL(  771): poll() has timed out for /sys/module/msm_performance/events/cpu_hotplug
06-28 21:00:09.894 E/ANDR-PERF-MPCTL(  771): Block on poll()
06-28 21:00:12.244 E/PhoneInterfaceManager( 2903): [PhoneIntfMgr] getCarrierPackageNamesForIntent: No UICC
06-28 21:00:12.897 E/ANDR-PERF-MPCTL(  771): poll() has timed out for /sys/module/msm_performance/events/cpu_hotplug
06-28 21:00:12.898 E/ANDR-PERF-MPCTL(  771): Block on poll()
06-28 21:00:13.188 E/AbstractLogEventBuilder( 9947): The provided ProductIdOrigin 3 is not one of the process-level expected values: 1 or 2
06-28 21:00:13.273 E/BluetoothDevice(12855): BT not enabled. Cannot get remote device Uuids
06-28 21:00:13.273 E/BluetoothDevice(12855): BT not enabled. Cannot get remote device Uuids
06-28 21:00:13.299 E/AbstractLogEventBuilder( 9947): The provided ProductIdOrigin 3 is not one of the process-level expected values: 1 or 2
06-28 21:00:13.661 E/AbstractLogEventBuilder( 9947): The provided ProductIdOrigin 3 is not one of the process-level expected values: 1 or 2
06-28 21:00:13.710 E/entsScanServic(19443): Not starting debugger since process cannot load the jdwp agent.
06-28 21:00:13.865 E/AbstractLogEventBuilder( 9947): The provided ProductIdOrigin 3 is not one of the process-level expected values: 1 or 2
06-28 21:00:14.798 E/BluetoothDevice(12855): BT not enabled. Cannot get remote device Uuids
06-28 21:00:14.799 E/BluetoothDevice(12855): BT not enabled. Cannot get remote device Uuids
06-28 21:00:15.579 E/BluetoothDevice(12855): BT not enabled. Cannot get remote device Uuids
06-28 21:00:15.579 E/BluetoothDevice(12855): BT not enabled. Cannot get remote device Uuids
06-28 21:00:15.606 E/STBMonitorReceiver(16594): dropboxTag:keymaster; dropboxTime:1782660613581
06-28 21:00:15.898 E/ANDR-PERF-MPCTL(  771): poll() has timed out for /sys/module/msm_performance/events/cpu_hotplug
06-28 21:00:15.898 E/ANDR-PERF-MPCTL(  771): Block on poll()
06-28 21:00:16.865 E/AbstractLogEventBuilder( 9947): The provided ProductIdOrigin 3 is not one of the process-level expected values: 1 or 2
06-28 21:00:17.605 E/BluetoothDevice(12855): BT not enabled. Cannot get remote device Uuids
06-28 21:00:17.605 E/BluetoothDevice(12855): BT not enabled. Cannot get remote device Uuids
06-28 21:00:18.363 E/BluetoothDevice(12855): BT not enabled. Cannot get remote device Uuids
06-28 21:00:18.363 E/BluetoothDevice(12855): BT not enabled. Cannot get remote device Uuids
06-28 21:00:18.901 E/ANDR-PERF-MPCTL(  771): poll() has timed out for /sys/module/msm_performance/events/cpu_hotplug
06-28 21:00:18.901 E/ANDR-PERF-MPCTL(  771): Block on poll()
06-28 21:00:19.121 E/BluetoothDevice(12855): BT not enabled. Cannot get remote device Uuids
06-28 21:00:19.121 E/BluetoothDevice(12855): BT not enabled. Cannot get remote device Uuids
06-28 21:00:19.855 E/bozz    ( 9947): Input Future failed with Error
06-28 21:00:19.855 E/bozz    ( 9947): java.lang.OutOfMemoryError: Failed to allocate a 155189256 byte allocation with 25165824 free bytes and 92MB until OOM, target footprint 196620784, growth limit 268435456
06-28 21:00:19.855 E/bozz    ( 9947): 	at java.util.Arrays.copyOf(Arrays.java:3257)
06-28 21:00:19.855 E/bozz    ( 9947): 	at java.lang.AbstractStringBuilder.ensureCapacityInternal(AbstractStringBuilder.java:124)
06-28 21:00:19.855 E/bozz    ( 9947): 	at java.lang.AbstractStringBuilder.append(AbstractStringBuilder.java:448)
06-28 21:00:19.855 E/bozz    ( 9947): 	at java.lang.StringBuilder.append(StringBuilder.java:137)
06-28 21:00:19.855 E/bozz    ( 9947): 	at java.util.Arrays.deepToString(Arrays.java:4578)
06-28 21:00:19.855 E/bozz    ( 9947): 	at java.util.Arrays.deepToString(Arrays.java:4597)
06-28 21:00:19.855 E/bozz    ( 9947): 	at java.util.Arrays.deepToString(Arrays.java:4550)
06-28 21:00:19.855 E/bozz    ( 9947): 	at bdtv.a(PG:281)
06-28 21:00:19.855 E/bozz    ( 9947): 	at wex.apply(PG:745)
06-28 21:00:19.855 E/bozz    ( 9947): 	at bozv.d(PG:3)
06-28 21:00:19.855 E/bozz    ( 9947): 	at bozw.run(PG:47)
06-28 21:00:19.855 E/bozz    ( 9947): 	at vf.execute(PG:8)
06-28 21:00:19.855 E/bozz    ( 9947): 	at bomj.aF(PG:1)
06-28 21:00:19.855 E/bozz    ( 9947): 	at bpcd.execute(PG:5)
06-28 21:00:19.855 E/bozz    ( 9947): 	at bozk.f(PG:1)
06-28 21:00:19.855 E/bozz    ( 9947): 	at bozk.k(PG:95)
06-28 21:00:19.855 E/bozz    ( 9947): 	at bozk.o(PG:15)
06-28 21:00:19.855 E/bozz    ( 9947): 	at bpap.g(PG:49)
06-28 21:00:19.855 E/bozz    ( 9947): 	at bozz.f(PG:45)
06-28 21:00:19.855 E/bozz    ( 9947): 	at bozz.v(PG:18)
06-28 21:00:19.855 E/bozz    ( 9947): 	at bozx.run(PG:7)
06-28 21:00:19.855 E/bozz    ( 9947): 	at bpau.execute(PG:1)
06-28 21:00:19.855 E/bozz    ( 9947): 	at bozk.f(PG:1)
06-28 21:00:19.855 E/bozz    ( 9947): 	at bozk.k(PG:95)
06-28 21:00:19.855 E/bozz    ( 9947): 	at bozk.o(PG:15)
06-28 21:00:19.855 E/bozz    ( 9947): 	at bozv.e(PG:1)
06-28 21:00:19.855 E/bozz    ( 9947): 	at bozw.run(PG:53)
06-28 21:00:19.855 E/bozz    ( 9947): 	at vf.execute(PG:8)
06-28 21:00:19.855 E/bozz    ( 9947): 	at bomj.aF(PG:1)
06-28 21:00:19.855 E/bozz    ( 9947): 	at bpcd.execute(PG:5)
06-28 21:00:19.855 E/bozz    ( 9947): 	at bozk.f(PG:1)
06-28 21:00:19.855 E/bozz    ( 9947): 	at bozk.k(PG:95)
06-28 21:00:19.855 E/bozz    ( 9947): 	at bozk.o(PG:15)
06-28 21:00:19.855 E/bozz    ( 9947): 	at bpap.g(PG:49)
06-28 21:00:19.855 E/bozz    ( 9947): 	at bozz.f(PG:45)
06-28 21:00:19.855 E/bozz    ( 9947): 	at bozz.v(PG:18)
06-28 21:00:19.855 E/bozz    ( 9947): 	at bozx.run(PG:7)
06-28 21:00:19.855 E/bozz    ( 9947): 	at bpau.execute(PG:1)
06-28 21:00:19.855 E/bozz    ( 9947): 	at bozk.f(PG:1)
06-28 21:00:19.855 E/bozz    ( 9947): 	at bozk.k(PG:95)
06-28 21:00:19.855 E/bozz    ( 9947): 	at bozk.o(PG:15)
06-28 21:00:19.855 E/bozz    ( 9947): 	at bozv.e(PG:1)
06-28 21:00:19.855 E/bozz    ( 9947): 	at bozw.run(PG:53)
06-28 21:00:19.855 E/bozz    ( 9947): 	at vf.execute(PG:8)
06-28 21:00:19.855 E/bozz    ( 9947): 	at bomj.aF(PG:1)
06-28 21:00:19.855 E/bozz    ( 9947): 	at bpcd.execute(PG:5)
06-28 21:00:19.855 E/bozz    ( 9947): 	at bozk.f(PG:1)
06-28 21:00:19.855 E/bozz    ( 9947): 	at bozk.k(PG:95)
06-28 21:00:19.855 E/bozz    ( 9947): 	at bozk.o(PG:15)
06-28 21:00:19.855 E/bozz    ( 9947): 	at bpap.g(PG:49)
06-28 21:00:19.855 E/bozz    ( 9947): 	at bozz.f(PG:45)
06-28 21:00:19.855 E/bozz    ( 9947): 	at bozz.v(PG:18)
06-28 21:00:19.855 E/bozz    ( 9947): 	at bozx.run(PG:7)
06-28 21:00:19.855 E/bozz    ( 9947): 	at bpau.execute(PG:1)
06-28 21:00:19.855 E/bozz    ( 9947): 	at bozk.f(PG:1)
06-28 21:00:19.855 E/bozz    ( 9947): 	at bozk.k(PG:95)
06-28 21:00:19.855 E/bozz    ( 9947): 	at bozk.o(PG:15)
06-28 21:00:19.855 E/bozz    ( 9947): 	at bozv.e(PG:1)
06-28 21:00:19.855 E/bozz    ( 9947): 	at bozw.run(PG:53)
06-28 21:00:19.855 E/bozz    ( 9947): 	at vf.execute(PG:8)
06-28 21:00:19.855 E/bozz    ( 9947): 	at bomj.aF(PG:1)
06-28 21:00:19.855 E/bozz    ( 9947): 	at bpcd.execute(PG:5)
06-28 21:00:19.855 E/bozz    ( 9947): 	at bozk.f(PG:1)
06-28 21:00:19.855 E/bozz    ( 9947): 	at bozk.k(PG:95)
06-28 21:00:19.855 E/bozz    ( 9947): 	at bozk.o(PG:15)
06-28 21:00:19.855 E/bozz    ( 9947): 	at bozv.e(PG:1)
06-28 21:00:19.855 E/bozz    ( 9947): 	at bozw.run(PG:53)
06-28 21:00:19.855 E/bozz    ( 9947): 	at vf.execute(PG:8)
06-28 21:00:19.855 E/bozz    ( 9947): 	at bomj.aF(PG:1)
06-28 21:00:19.855 E/bozz    ( 9947): 	at bpcd.execute(PG:5)
06-28 21:00:19.855 E/bozz    ( 9947): 	at bozk.f(PG:1)
06-28 21:00:19.855 E/bozz    ( 9947): 	at bozk.k(PG:95)
06-28 21:00:19.855 E/bozz    ( 9947): 	at bozk.o(PG:15)
06-28 21:00:19.855 E/bozz    ( 9947): 	at bduf.a(PG:38)
06-28 21:00:19.855 E/bozz    ( 9947): 	at bdta.a(PG:26)
06-28 21:00:19.855 E/bozz    ( 9947): 	at bhxz.e(PG:332)
06-28 21:00:19.855 E/bozz    ( 9947): 	at bdnn.g(PG:378)
06-28 21:00:19.855 E/bozz    ( 9947): 	at bdnj.b(PG:143)
06-28 21:00:19.855 E/bozz    ( 9947): 	at cdnl.rY(PG:5)
06-28 21:00:19.855 E/bozz    ( 9947): 	at cduy.run(PG:109)
06-28 21:00:19.855 E/bozz    ( 9947): 	at java.util.concurrent.ThreadPoolExecutor.runWorker(ThreadPoolExecutor.java:1167)
06-28 21:00:19.855 E/bozz    ( 9947): 	at java.util.concurrent.ThreadPoolExecutor$Worker.run(ThreadPoolExecutor.java:641)
06-28 21:00:19.855 E/bozz    ( 9947): 	at whm.run(PG:673)
06-28 21:00:19.855 E/bozz    ( 9947): 	at java.lang.Thread.run(Thread.java:919)
06-28 21:00:19.862 E/AbstractLogEventBuilder( 9947): The provided ProductIdOrigin 3 is not one of the process-level expected values: 1 or 2
06-28 21:00:19.866 E/Finsky  ( 9947): [38426] Package name null is not an installed package
06-28 21:00:19.870 E/AbstractLogEventBuilder( 9947): The provided ProductIdOrigin 3 is not one of the process-level expected values: 1 or 2
06-28 21:00:19.909 E/BluetoothDevice(12855): BT not enabled. Cannot get remote device Uuids
06-28 21:00:19.918 E/BluetoothDevice(12855): BT not enabled. Cannot get remote device Uuids
06-28 21:00:19.923 E/AbstractLogEventBuilder( 9947): The provided ProductIdOrigin 3 is not one of the process-level expected values: 1 or 2
06-28 21:00:20.505 E/Finsky  ( 9947): [37271] [Counters] attempted to use a non-positive increment for: 4752
06-28 21:00:20.505 E/Finsky  ( 9947): [37271] [Counters] attempted to use a non-positive increment for: 4753
06-28 21:00:20.548 E/LocationAccessPolicy( 2903): Allowing com.evenwell.pushagent fine because it doesn't target API 29 yet. Please fix this app. Called from getAllCellInfo
06-28 21:00:20.563 E/Finsky  ( 9947): [37273] [Counters] attempted to use a non-positive increment for: 4752
06-28 21:00:20.566 E/Finsky  ( 9947): [37273] [Counters] attempted to use a non-positive increment for: 4753
06-28 21:00:20.627 E/LocationAccessPolicy( 2903): Allowing com.evenwell.pushagent fine because it doesn't target API 29 yet. Please fix this app. Called from getAllCellInfo
06-28 21:00:20.668 E/Finsky  ( 9947): [37273] [Counters] attempted to use a non-positive increment for: 4752
06-28 21:00:20.669 E/Finsky  ( 9947): [37273] [Counters] attempted to use a non-positive increment for: 4752
06-28 21:00:20.676 E/Finsky  ( 9947): [37273] [Counters] attempted to use a non-positive increment for: 4753
06-28 21:00:20.676 E/Finsky  ( 9947): [37273] [Counters] attempted to use a non-positive increment for: 4753
06-28 21:00:20.678 E/BluetoothDevice(12855): BT not enabled. Cannot get remote device Uuids
06-28 21:00:20.693 E/BluetoothDevice(12855): BT not enabled. Cannot get remote device Uuids
06-28 21:00:20.754 E/PhoneInterfaceManager( 2903): [PhoneIntfMgr] getCarrierPackageNamesForIntent: No UICC
06-28 21:00:20.784 E/PhoneInterfaceManager( 2903): [PhoneIntfMgr] getCarrierPackageNamesForIntent: No UICC
06-28 21:00:20.939 E/        ( 1030): Couldn't opendir /data/app/vmdl1403816705.tmp: No such file or directory
06-28 21:00:20.939 E/installd( 1030): Failed to delete /data/app/vmdl1403816705.tmp: No such file or directory
06-28 21:00:21.083 E/PhoneInterfaceManager( 2903): [PhoneIntfMgr] getCarrierPackageNamesForIntent: No UICC
06-28 21:00:21.342 E/le.laketowntur(19581): Unknown bits set in runtime_flags: 0x8000
06-28 21:00:21.412 E/BluetoothDevice(12855): BT not enabled. Cannot get remote device Uuids
06-28 21:00:21.413 E/BluetoothDevice(12855): BT not enabled. Cannot get remote device Uuids
06-28 21:00:21.904 E/ANDR-PERF-MPCTL(  771): poll() has timed out for /sys/module/msm_performance/events/cpu_hotplug
06-28 21:00:21.905 E/ANDR-PERF-MPCTL(  771): Block on poll()
06-28 21:00:23.063 E/LoadedApk( 1588): Unable to instantiate appComponentFactory
06-28 21:00:23.063 E/LoadedApk( 1588): java.lang.ClassNotFoundException: Didn't find class "androidx.core.app.CoreComponentFactory" on path: DexPathList[[],nativeLibraryDirectories=[/data/app/com.android.chrome-FaOO10luA_wkwfH8-TH-fA==/lib/arm64, /data/app/com.android.chrome-FaOO10luA_wkwfH8-TH-fA==/base.apk!/lib/arm64-v8a, /data/app/com.google.android.trichromelibrary_782711433-rDXKUS8-83AVIr5gpmRe4w==/base.apk!/lib/arm64-v8a, /system/lib64, /system/product/lib64]]
06-28 21:00:23.063 E/LoadedApk( 1588): 	at dalvik.system.BaseDexClassLoader.findClass(BaseDexClassLoader.java:196)
06-28 21:00:23.063 E/LoadedApk( 1588): 	at java.lang.ClassLoader.loadClass(ClassLoader.java:379)
06-28 21:00:23.063 E/LoadedApk( 1588): 	at java.lang.ClassLoader.loadClass(ClassLoader.java:312)
06-28 21:00:23.063 E/LoadedApk( 1588): 	at android.app.LoadedApk.createAppFactory(LoadedApk.java:256)
06-28 21:00:23.063 E/LoadedApk( 1588): 	at android.app.LoadedApk.updateApplicationInfo(LoadedApk.java:370)
06-28 21:00:23.063 E/LoadedApk( 1588): 	at android.app.ActivityThread.handleDispatchPackageBroadcast(ActivityThread.java:5952)
06-28 21:00:23.063 E/LoadedApk( 1588): 	at android.app.ActivityThread$H.handleMessage(ActivityThread.java:1942)
06-28 21:00:23.063 E/LoadedApk( 1588): 	at android.os.Handler.dispatchMessage(Handler.java:107)
06-28 21:00:23.063 E/LoadedApk( 1588): 	at android.os.Looper.loop(Looper.java:214)
06-28 21:00:23.063 E/LoadedApk( 1588): 	at com.android.server.SystemServer.run(SystemServer.java:564)
06-28 21:00:23.063 E/LoadedApk( 1588): 	at com.android.server.SystemServer.main(SystemServer.java:360)
06-28 21:00:23.063 E/LoadedApk( 1588): 	at java.lang.reflect.Method.invoke(Native Method)
06-28 21:00:23.063 E/LoadedApk( 1588): 	at com.android.internal.os.RuntimeInit$MethodAndArgsCaller.run(RuntimeInit.java:492)
06-28 21:00:23.063 E/LoadedApk( 1588): 	at com.android.internal.os.ZygoteInit.main(ZygoteInit.java:913)
06-28 21:00:23.069 E/LoadedApk( 1588): Unable to instantiate appComponentFactory
06-28 21:00:23.069 E/LoadedApk( 1588): java.lang.ClassNotFoundException: Didn't find class "androidx.core.app.CoreComponentFactory" on path: DexPathList[[],nativeLibraryDirectories=[/data/app/com.android.chrome-FaOO10luA_wkwfH8-TH-fA==/lib/arm64, /data/app/com.android.chrome-FaOO10luA_wkwfH8-TH-fA==/base.apk!/lib/arm64-v8a, /data/app/com.google.android.trichromelibrary_782711433-rDXKUS8-83AVIr5gpmRe4w==/base.apk!/lib/arm64-v8a, /system/lib64, /system/product/lib64]]
06-28 21:00:23.069 E/LoadedApk( 1588): 	at dalvik.system.BaseDexClassLoader.findClass(BaseDexClassLoader.java:196)
06-28 21:00:23.069 E/LoadedApk( 1588): 	at java.lang.ClassLoader.loadClass(ClassLoader.java:379)
06-28 21:00:23.069 E/LoadedApk( 1588): 	at java.lang.ClassLoader.loadClass(ClassLoader.java:312)
06-28 21:00:23.069 E/LoadedApk( 1588): 	at android.app.LoadedApk.createAppFactory(LoadedApk.java:256)
06-28 21:00:23.069 E/LoadedApk( 1588): 	at android.app.LoadedApk.updateApplicationInfo(LoadedApk.java:370)
06-28 21:00:23.069 E/LoadedApk( 1588): 	at android.app.ActivityThread.handleDispatchPackageBroadcast(ActivityThread.java:5952)
06-28 21:00:23.069 E/LoadedApk( 1588): 	at android.app.ActivityThread$H.handleMessage(ActivityThread.java:1942)
06-28 21:00:23.069 E/LoadedApk( 1588): 	at android.os.Handler.dispatchMessage(Handler.java:107)
06-28 21:00:23.069 E/LoadedApk( 1588): 	at android.os.Looper.loop(Looper.java:214)
06-28 21:00:23.069 E/LoadedApk( 1588): 	at com.android.server.SystemServer.run(SystemServer.java:564)
06-28 21:00:23.069 E/LoadedApk( 1588): 	at com.android.server.SystemServer.main(SystemServer.java:360)
06-28 21:00:23.069 E/LoadedApk( 1588): 	at java.lang.reflect.Method.invoke(Native Method)
06-28 21:00:23.069 E/LoadedApk( 1588): 	at com.android.internal.os.RuntimeInit$MethodAndArgsCaller.run(RuntimeInit.java:492)
06-28 21:00:23.069 E/LoadedApk( 1588): 	at com.android.internal.os.ZygoteInit.main(ZygoteInit.java:913)
06-28 21:00:24.908 E/ANDR-PERF-MPCTL(  771): poll() has timed out for /sys/module/msm_performance/events/cpu_hotplug
06-28 21:00:24.908 E/ANDR-PERF-MPCTL(  771): Block on poll()
06-28 21:00:25.727 E/BluetoothDevice(12855): BT not enabled. Cannot get remote device Uuids
06-28 21:00:25.728 E/BluetoothDevice(12855): BT not enabled. Cannot get remote device Uuids
06-28 21:00:25.733 E/ANDR-IOP( 1037): IIop:: Iop HAL Service is not available.
06-28 21:00:25.737 E/Perf    (19581): Fail to get file list com.example.laketownturf
06-28 21:00:25.738 E/Perf    (19581): getFolderSize() : Exception_1 = java.lang.NullPointerException: Attempt to get length of null array
06-28 21:00:25.738 E/Perf    (19581): Fail to get file list com.example.laketownturf
06-28 21:00:25.738 E/Perf    (19581): getFolderSize() : Exception_1 = java.lang.NullPointerException: Attempt to get length of null array
06-28 21:00:25.888 E/WindowManager( 1588): App trying to use insecure INPUT_FEATURE_NO_INPUT_CHANNEL flag. Ignoring
06-28 21:00:26.499 E/BluetoothDevice(12855): BT not enabled. Cannot get remote device Uuids
06-28 21:00:26.500 E/BluetoothDevice(12855): BT not enabled. Cannot get remote device Uuids
06-28 21:00:26.887 E/GoogleApiManager(19581): Failed to get service from broker. 
06-28 21:00:26.887 E/GoogleApiManager(19581): java.lang.SecurityException: Unknown calling package name 'com.google.android.gms'.
06-28 21:00:26.887 E/GoogleApiManager(19581): 	at android.os.Parcel.createException(Parcel.java:2071)
06-28 21:00:26.887 E/GoogleApiManager(19581): 	at android.os.Parcel.readException(Parcel.java:2039)
06-28 21:00:26.887 E/GoogleApiManager(19581): 	at android.os.Parcel.readException(Parcel.java:1987)
06-28 21:00:26.887 E/GoogleApiManager(19581): 	at bifo.a(:com.google.android.gms@262334013@26.23.34 (100400-933906539):36)
06-28 21:00:26.887 E/GoogleApiManager(19581): 	at bidk.y(:com.google.android.gms@262334013@26.23.34 (100400-933906539):150)
06-28 21:00:26.887 E/GoogleApiManager(19581): 	at bhjl.run(:com.google.android.gms@262334013@26.23.34 (100400-933906539):42)
06-28 21:00:26.887 E/GoogleApiManager(19581): 	at android.os.Handler.handleCallback(Handler.java:883)
06-28 21:00:26.887 E/GoogleApiManager(19581): 	at android.os.Handler.dispatchMessage(Handler.java:100)
06-28 21:00:26.887 E/GoogleApiManager(19581): 	at cxwp.my(:com.google.android.gms@262334013@26.23.34 (100400-933906539):1)
06-28 21:00:26.887 E/GoogleApiManager(19581): 	at cxwp.dispatchMessage(:com.google.android.gms@262334013@26.23.34 (100400-933906539):5)
06-28 21:00:26.887 E/GoogleApiManager(19581): 	at android.os.Looper.loop(Looper.java:214)
06-28 21:00:26.887 E/GoogleApiManager(19581): 	at android.os.HandlerThread.run(HandlerThread.java:67)
06-28 21:00:27.269 E/BluetoothDevice(12855): BT not enabled. Cannot get remote device Uuids
06-28 21:00:27.271 E/BluetoothDevice(12855): BT not enabled. Cannot get remote device Uuids
06-28 21:00:27.911 E/ANDR-PERF-MPCTL(  771): poll() has timed out for /sys/module/msm_performance/events/cpu_hotplug
06-28 21:00:27.911 E/ANDR-PERF-MPCTL(  771): Block on poll()
06-28 21:00:28.047 E/BluetoothDevice(12855): BT not enabled. Cannot get remote device Uuids
06-28 21:00:28.047 E/BluetoothDevice(12855): BT not enabled. Cannot get remote device Uuids
06-28 21:00:30.846 E/BluetoothDevice(12855): BT not enabled. Cannot get remote device Uuids
06-28 21:00:30.846 E/BluetoothDevice(12855): BT not enabled. Cannot get remote device Uuids
06-28 21:00:30.913 E/ANDR-PERF-MPCTL(  771): poll() has timed out for /sys/module/msm_performance/events/cpu_hotplug
06-28 21:00:30.913 E/ANDR-PERF-MPCTL(  771): Block on poll()
06-28 21:00:31.007 E/msys    (18106): E[N WCIHTTPImplNetworkSession]WCIHTTPTaskImplCreateRegular(556)=>[I] http/task/regular/create/start
06-28 21:00:31.007 E/msys    (18106): E[N WCIHTTPImplNetworkSession]WCIHTTPTaskImplCreateRegular(591)=>[I] http/task/regular/create/execute
06-28 21:00:31.011 E/msys    (18106): E[N WCIHTTPImplNetworkSession]WCIHTTPTaskImplCreateRegular(614)=>[I] http/task/regular/create/success
06-28 21:00:31.607 E/BluetoothDevice(12855): BT not enabled. Cannot get remote device Uuids
06-28 21:00:31.607 E/BluetoothDevice(12855): BT not enabled. Cannot get remote device Uuids
06-28 21:00:32.357 E/BluetoothDevice(12855): BT not enabled. Cannot get remote device Uuids
06-28 21:00:32.357 E/BluetoothDevice(12855): BT not enabled. Cannot get remote device Uuids
06-28 21:00:33.916 E/ANDR-PERF-MPCTL(  771): poll() has timed out for /sys/module/msm_performance/events/cpu_hotplug
06-28 21:00:33.916 E/ANDR-PERF-MPCTL(  771): Block on poll()
06-28 21:00:35.928 E/BluetoothDevice(12855): BT not enabled. Cannot get remote device Uuids
06-28 21:00:35.929 E/BluetoothDevice(12855): BT not enabled. Cannot get remote device Uuids
06-28 21:00:36.706 E/BluetoothDevice(12855): BT not enabled. Cannot get remote device Uuids
06-28 21:00:36.706 E/BluetoothDevice(12855): BT not enabled. Cannot get remote device Uuids
06-28 21:00:36.890 E/GoogleApiManager(19581): Failed to get service from broker. 
06-28 21:00:36.890 E/GoogleApiManager(19581): java.lang.SecurityException: Unknown calling package name 'com.google.android.gms'.
06-28 21:00:36.890 E/GoogleApiManager(19581): 	at android.os.Parcel.createException(Parcel.java:2071)
06-28 21:00:36.890 E/GoogleApiManager(19581): 	at android.os.Parcel.readException(Parcel.java:2039)
06-28 21:00:36.890 E/GoogleApiManager(19581): 	at android.os.Parcel.readException(Parcel.java:1987)
06-28 21:00:36.890 E/GoogleApiManager(19581): 	at bifo.a(:com.google.android.gms@262334013@26.23.34 (100400-933906539):36)
06-28 21:00:36.890 E/GoogleApiManager(19581): 	at bidk.y(:com.google.android.gms@262334013@26.23.34 (100400-933906539):150)
06-28 21:00:36.890 E/GoogleApiManager(19581): 	at bhjl.run(:com.google.android.gms@262334013@26.23.34 (100400-933906539):42)
06-28 21:00:36.890 E/GoogleApiManager(19581): 	at android.os.Handler.handleCallback(Handler.java:883)
06-28 21:00:36.890 E/GoogleApiManager(19581): 	at android.os.Handler.dispatchMessage(Handler.java:100)
06-28 21:00:36.890 E/GoogleApiManager(19581): 	at cxwp.my(:com.google.android.gms@262334013@26.23.34 (100400-933906539):1)
06-28 21:00:36.890 E/GoogleApiManager(19581): 	at cxwp.dispatchMessage(:com.google.android.gms@262334013@26.23.34 (100400-933906539):5)
06-28 21:00:36.890 E/GoogleApiManager(19581): 	at android.os.Looper.loop(Looper.java:214)
06-28 21:00:36.890 E/GoogleApiManager(19581): 	at android.os.HandlerThread.run(HandlerThread.java:67)
06-28 21:00:36.919 E/ANDR-PERF-MPCTL(  771): poll() has timed out for /sys/module/msm_performance/events/cpu_hotplug
06-28 21:00:36.919 E/ANDR-PERF-MPCTL(  771): Block on poll()
06-28 21:00:37.456 E/BluetoothDevice(12855): BT not enabled. Cannot get remote device Uuids
06-28 21:00:37.457 E/BluetoothDevice(12855): BT not enabled. Cannot get remote device Uuids
06-28 21:00:38.981 E/BluetoothDevice(12855): BT not enabled. Cannot get remote device Uuids
06-28 21:00:38.981 E/BluetoothDevice(12855): BT not enabled. Cannot get remote device Uuids
06-28 21:00:39.919 E/ANDR-PERF-MPCTL(  771): poll() has timed out for /sys/module/msm_performance/events/cpu_hotplug
06-28 21:00:39.920 E/ANDR-PERF-MPCTL(  771): Block on poll()
06-28 21:00:41.024 E/BluetoothDevice(12855): BT not enabled. Cannot get remote device Uuids
06-28 21:00:41.025 E/BluetoothDevice(12855): BT not enabled. Cannot get remote device Uuids
06-28 21:00:41.785 E/BluetoothDevice(12855): BT not enabled. Cannot get remote device Uuids
06-28 21:00:41.785 E/BluetoothDevice(12855): BT not enabled. Cannot get remote device Uuids
06-28 21:00:42.537 E/BluetoothDevice(12855): BT not enabled. Cannot get remote device Uuids
06-28 21:00:42.538 E/BluetoothDevice(12855): BT not enabled. Cannot get remote device Uuids
06-28 21:00:42.923 E/ANDR-PERF-MPCTL(  771): poll() has timed out for /sys/module/msm_performance/events/cpu_hotplug
06-28 21:00:42.923 E/ANDR-PERF-MPCTL(  771): Block on poll()
06-28 21:00:43.293 E/BluetoothDevice(12855): BT not enabled. Cannot get remote device Uuids
06-28 21:00:43.293 E/BluetoothDevice(12855): BT not enabled. Cannot get remote device Uuids
06-28 21:00:44.056 E/BluetoothDevice(12855): BT not enabled. Cannot get remote device Uuids
06-28 21:00:44.057 E/BluetoothDevice(12855): BT not enabled. Cannot get remote device Uuids
06-28 21:00:45.923 E/ANDR-PERF-MPCTL(  771): poll() has timed out for /sys/module/msm_performance/events/cpu_hotplug
06-28 21:00:45.923 E/ANDR-PERF-MPCTL(  771): Block on poll()
06-28 21:00:46.078 E/BluetoothDevice(12855): BT not enabled. Cannot get remote device Uuids
06-28 21:00:46.079 E/BluetoothDevice(12855): BT not enabled. Cannot get remote device Uuids
06-28 21:00:47.392 E/WindowManager( 1588): App trying to use insecure INPUT_FEATURE_NO_INPUT_CHANNEL flag. Ignoring
06-28 21:00:47.618 E/BluetoothDevice(12855): BT not enabled. Cannot get remote device Uuids
06-28 21:00:47.620 E/BluetoothDevice(12855): BT not enabled. Cannot get remote device Uuids
06-28 21:00:48.419 E/BluetoothDevice(12855): BT not enabled. Cannot get remote device Uuids
06-28 21:00:48.420 E/BluetoothDevice(12855): BT not enabled. Cannot get remote device Uuids
06-28 21:00:48.926 E/ANDR-PERF-MPCTL(  771): poll() has timed out for /sys/module/msm_performance/events/cpu_hotplug
06-28 21:00:48.926 E/ANDR-PERF-MPCTL(  771): Block on poll()
06-28 21:00:49.167 E/BluetoothDevice(12855): BT not enabled. Cannot get remote device Uuids
06-28 21:00:49.170 E/BluetoothDevice(12855): BT not enabled. Cannot get remote device Uuids
06-28 21:00:49.252 E/gerking.androi(19760): Not starting debugger since process cannot load the jdwp agent.
06-28 21:00:49.285 E/are2compete.ap(19781): Not starting debugger since process cannot load the jdwp agent.
06-28 21:00:49.353 E/WindowManager( 1588): App trying to use insecure INPUT_FEATURE_NO_INPUT_CHANNEL flag. Ignoring
06-28 21:00:49.366 E/WindowManager( 1588): App trying to use insecure INPUT_FEATURE_NO_INPUT_CHANNEL flag. Ignoring
06-28 21:00:49.958 E/ANDR-IOP( 1037): IIop:: Iop HAL Service is not available.
06-28 21:00:50.420 E/ANDR-IOP( 1037): IIop:: Iop HAL Service is not available.
06-28 21:00:50.502 E/Perf    (19760): Fail to get file list in.burgerking.android
06-28 21:00:50.503 E/Perf    (19760): getFolderSize() : Exception_1 = java.lang.NullPointerException: Attempt to get length of null array
06-28 21:00:50.503 E/Perf    (19760): Fail to get file list oat
06-28 21:00:50.503 E/Perf    (19760): getFolderSize() : Exception_1 = java.lang.NullPointerException: Attempt to get length of null array
06-28 21:00:51.108 E/Perf    (19781): Fail to get file list com.dare2compete.app
06-28 21:00:51.109 E/Perf    (19781): getFolderSize() : Exception_1 = java.lang.NullPointerException: Attempt to get length of null array
06-28 21:00:51.109 E/Perf    (19781): Fail to get file list oat
06-28 21:00:51.110 E/Perf    (19781): getFolderSize() : Exception_1 = java.lang.NullPointerException: Attempt to get length of null array
06-28 21:00:51.252 E/PhoneInterfaceManager( 2903): [PhoneIntfMgr] getCarrierPackageNamesForIntent: No UICC
06-28 21:00:51.929 E/ANDR-PERF-MPCTL(  771): poll() has timed out for /sys/module/msm_performance/events/cpu_hotplug
06-28 21:00:51.930 E/ANDR-PERF-MPCTL(  771): Block on poll()
06-28 21:00:51.947 E/BluetoothDevice(12855): BT not enabled. Cannot get remote device Uuids
06-28 21:00:51.947 E/BluetoothDevice(12855): BT not enabled. Cannot get remote device Uuids
06-28 21:00:52.514 E/SELinux (  575): avc:  denied  { find } for interface=vendor.qti.hardware.servicetracker::IServicetracker sid=u:r:system_server:s0 pid=1588 scontext=u:r:system_server:s0 tcontext=u:object_r:default_android_hwservice:s0 tclass=hwservice_manager permissive=0
06-28 21:00:52.516 E/SELinux (  575): avc:  denied  { find } for interface=vendor.qti.hardware.servicetracker::IServicetracker sid=u:r:system_server:s0 pid=1588 scontext=u:r:system_server:s0 tcontext=u:object_r:default_android_hwservice:s0 tclass=hwservice_manager permissive=0
06-28 21:00:52.722 E/BluetoothDevice(12855): BT not enabled. Cannot get remote device Uuids
06-28 21:00:52.729 E/BluetoothDevice(12855): BT not enabled. Cannot get remote device Uuids
06-28 21:00:53.712 E/SELinux (  575): avc:  denied  { find } for interface=vendor.qti.hardware.servicetracker::IServicetracker sid=u:r:system_server:s0 pid=1588 scontext=u:r:system_server:s0 tcontext=u:object_r:default_android_hwservice:s0 tclass=hwservice_manager permissive=0
06-28 21:00:53.976 E/SELinux (  575): avc:  denied  { find } for interface=vendor.qti.hardware.servicetracker::IServicetracker sid=u:r:system_server:s0 pid=1588 scontext=u:r:system_server:s0 tcontext=u:object_r:default_android_hwservice:s0 tclass=hwservice_manager permissive=0
06-28 21:00:53.979 E/SELinux (  575): avc:  denied  { find } for interface=vendor.qti.hardware.servicetracker::IServicetracker sid=u:r:system_server:s0 pid=1588 scontext=u:r:system_server:s0 tcontext=u:object_r:default_android_hwservice:s0 tclass=hwservice_manager permissive=0
06-28 21:00:54.241 E/BluetoothDevice(12855): BT not enabled. Cannot get remote device Uuids
06-28 21:00:54.242 E/BluetoothDevice(12855): BT not enabled. Cannot get remote device Uuids
06-28 21:00:54.930 E/ANDR-PERF-MPCTL(  771): poll() has timed out for /sys/module/msm_performance/events/cpu_hotplug
06-28 21:00:54.930 E/ANDR-PERF-MPCTL(  771): Block on poll()
06-28 21:00:55.004 E/BluetoothDevice(12855): BT not enabled. Cannot get remote device Uuids
06-28 21:00:55.007 E/BluetoothDevice(12855): BT not enabled. Cannot get remote device Uuids
06-28 21:00:55.302 E/SELinux (  575): avc:  denied  { find } for interface=vendor.qti.hardware.servicetracker::IServicetracker sid=u:r:system_server:s0 pid=1588 scontext=u:r:system_server:s0 tcontext=u:object_r:default_android_hwservice:s0 tclass=hwservice_manager permissive=0
06-28 21:00:55.305 E/SELinux (  575): avc:  denied  { find } for interface=vendor.qti.hardware.servicetracker::IServicetracker sid=u:r:system_server:s0 pid=1588 scontext=u:r:system_server:s0 tcontext=u:object_r:default_android_hwservice:s0 tclass=hwservice_manager permissive=0
06-28 21:00:55.350 E/SELinux (  575): avc:  denied  { find } for interface=vendor.qti.hardware.servicetracker::IServicetracker sid=u:r:system_server:s0 pid=1588 scontext=u:r:system_server:s0 tcontext=u:object_r:default_android_hwservice:s0 tclass=hwservice_manager permissive=0
06-28 21:00:55.356 E/SELinux (  575): avc:  denied  { find } for interface=vendor.qti.hardware.servicetracker::IServicetracker sid=u:r:system_server:s0 pid=1588 scontext=u:r:system_server:s0 tcontext=u:object_r:default_android_hwservice:s0 tclass=hwservice_manager permissive=0
06-28 21:00:55.400 E/SELinux (  575): avc:  denied  { find } for interface=vendor.qti.hardware.servicetracker::IServicetracker sid=u:r:system_server:s0 pid=1588 scontext=u:r:system_server:s0 tcontext=u:object_r:default_android_hwservice:s0 tclass=hwservice_manager permissive=0
06-28 21:00:55.768 E/BluetoothDevice(12855): BT not enabled. Cannot get remote device Uuids
06-28 21:00:55.769 E/BluetoothDevice(12855): BT not enabled. Cannot get remote device Uuids
06-28 21:00:56.269 E/BluetoothDevice(12855): BT not enabled. Cannot get remote device Uuids
06-28 21:00:56.270 E/BluetoothDevice(12855): BT not enabled. Cannot get remote device Uuids
06-28 21:00:57.789 E/BluetoothDevice(12855): BT not enabled. Cannot get remote device Uuids
06-28 21:00:57.789 E/BluetoothDevice(12855): BT not enabled. Cannot get remote device Uuids
06-28 21:00:57.933 E/ANDR-PERF-MPCTL(  771): poll() has timed out for /sys/module/msm_performance/events/cpu_hotplug
06-28 21:00:57.933 E/ANDR-PERF-MPCTL(  771): Block on poll()
06-28 21:00:58.232 E/SELinux (  575): avc:  denied  { find } for interface=vendor.qti.hardware.servicetracker::IServicetracker sid=u:r:system_server:s0 pid=1588 scontext=u:r:system_server:s0 tcontext=u:object_r:default_android_hwservice:s0 tclass=hwservice_manager permissive=0
06-28 21:00:58.240 E/SELinux (  575): avc:  denied  { find } for interface=vendor.qti.hardware.servicetracker::IServicetracker sid=u:r:system_server:s0 pid=1588 scontext=u:r:system_server:s0 tcontext=u:object_r:default_android_hwservice:s0 tclass=hwservice_manager permissive=0
06-28 21:00:58.562 E/BluetoothDevice(12855): BT not enabled. Cannot get remote device Uuids
06-28 21:00:58.562 E/BluetoothDevice(12855): BT not enabled. Cannot get remote device Uuids
06-28 21:00:59.221 E/WindowManager( 1588): App trying to use insecure INPUT_FEATURE_NO_INPUT_CHANNEL flag. Ignoring
06-28 21:00:59.310 E/BluetoothDevice(12855): BT not enabled. Cannot get remote device Uuids
06-28 21:00:59.310 E/BluetoothDevice(12855): BT not enabled. Cannot get remote device Uuids
06-28 21:01:00.067 E/BluetoothDevice(12855): BT not enabled. Cannot get remote device Uuids
06-28 21:01:00.068 E/BluetoothDevice(12855): BT not enabled. Cannot get remote device Uuids
06-28 21:01:00.832 E/BluetoothDevice(12855): BT not enabled. Cannot get remote device Uuids
06-28 21:01:00.832 E/BluetoothDevice(12855): BT not enabled. Cannot get remote device Uuids
06-28 21:01:00.840 E/SELinux (  575): avc:  denied  { find } for interface=vendor.qti.hardware.servicetracker::IServicetracker sid=u:r:system_server:s0 pid=1588 scontext=u:r:system_server:s0 tcontext=u:object_r:default_android_hwservice:s0 tclass=hwservice_manager permissive=0
06-28 21:01:00.905 E/SELinux (  575): avc:  denied  { find } for interface=vendor.qti.hardware.servicetracker::IServicetracker sid=u:r:system_server:s0 pid=1588 scontext=u:r:system_server:s0 tcontext=u:object_r:default_android_hwservice:s0 tclass=hwservice_manager permissive=0
06-28 21:01:00.906 E/SELinux (  575): avc:  denied  { find } for interface=vendor.qti.hardware.servicetracker::IServicetracker sid=u:r:system_server:s0 pid=1588 scontext=u:r:system_server:s0 tcontext=u:object_r:default_android_hwservice:s0 tclass=hwservice_manager permissive=0
06-28 21:01:00.937 E/ANDR-PERF-MPCTL(  771): poll() has timed out for /sys/module/msm_performance/events/cpu_hotplug
06-28 21:01:00.937 E/ANDR-PERF-MPCTL(  771): Block on poll()
06-28 21:01:01.592 E/BluetoothDevice(12855): BT not enabled. Cannot get remote device Uuids
06-28 21:01:01.593 E/BluetoothDevice(12855): BT not enabled. Cannot get remote device Uuids
06-28 21:01:02.785 E/SELinux (  575): avc:  denied  { find } for interface=vendor.qti.hardware.servicetracker::IServicetracker sid=u:r:system_server:s0 pid=1588 scontext=u:r:system_server:s0 tcontext=u:object_r:default_android_hwservice:s0 tclass=hwservice_manager permissive=0
06-28 21:01:03.630 E/BluetoothDevice(12855): BT not enabled. Cannot get remote device Uuids
06-28 21:01:03.630 E/BluetoothDevice(12855): BT not enabled. Cannot get remote device Uuids
06-28 21:01:03.938 E/ANDR-PERF-MPCTL(  771): poll() has timed out for /sys/module/msm_performance/events/cpu_hotplug
06-28 21:01:03.938 E/ANDR-PERF-MPCTL(  771): Block on poll()
06-28 21:01:04.399 E/BluetoothDevice(12855): BT not enabled. Cannot get remote device Uuids
06-28 21:01:04.400 E/BluetoothDevice(12855): BT not enabled. Cannot get remote device Uuids
06-28 21:01:05.153 E/BluetoothDevice(12855): BT not enabled. Cannot get remote device Uuids
06-28 21:01:05.153 E/BluetoothDevice(12855): BT not enabled. Cannot get remote device Uuids
06-28 21:01:05.303 E/SELinux (  575): avc:  denied  { find } for interface=vendor.qti.hardware.servicetracker::IServicetracker sid=u:r:system_server:s0 pid=1588 scontext=u:r:system_server:s0 tcontext=u:object_r:default_android_hwservice:s0 tclass=hwservice_manager permissive=0
06-28 21:01:05.484 E/SELinux (  575): avc:  denied  { find } for interface=vendor.qti.hardware.servicetracker::IServicetracker sid=u:r:system_server:s0 pid=1588 scontext=u:r:system_server:s0 tcontext=u:object_r:default_android_hwservice:s0 tclass=hwservice_manager permissive=0
06-28 21:01:05.930 E/BluetoothDevice(12855): BT not enabled. Cannot get remote device Uuids
06-28 21:01:05.930 E/BluetoothDevice(12855): BT not enabled. Cannot get remote device Uuids
06-28 21:01:06.281 E/SELinux (  575): avc:  denied  { find } for interface=vendor.qti.hardware.servicetracker::IServicetracker sid=u:r:system_server:s0 pid=1588 scontext=u:r:system_server:s0 tcontext=u:object_r:default_android_hwservice:s0 tclass=hwservice_manager permissive=0
06-28 21:01:06.682 E/BluetoothDevice(12855): BT not enabled. Cannot get remote device Uuids
06-28 21:01:06.683 E/BluetoothDevice(12855): BT not enabled. Cannot get remote device Uuids
06-28 21:01:06.941 E/ANDR-PERF-MPCTL(  771): poll() has timed out for /sys/module/msm_performance/events/cpu_hotplug
06-28 21:01:06.942 E/ANDR-PERF-MPCTL(  771): Block on poll()
06-28 21:01:08.740 E/SELinux (  575): avc:  denied  { find } for interface=vendor.qti.hardware.servicetracker::IServicetracker sid=u:r:system_server:s0 pid=1588 scontext=u:r:system_server:s0 tcontext=u:object_r:default_android_hwservice:s0 tclass=hwservice_manager permissive=0
06-28 21:01:08.990 E/SELinux (  575): avc:  denied  { find } for interface=vendor.qti.hardware.servicetracker::IServicetracker sid=u:r:system_server:s0 pid=1588 scontext=u:r:system_server:s0 tcontext=u:object_r:default_android_hwservice:s0 tclass=hwservice_manager permissive=0
06-28 21:01:08.995 E/SELinux (  575): avc:  denied  { find } for interface=vendor.qti.hardware.servicetracker::IServicetracker sid=u:r:system_server:s0 pid=1588 scontext=u:r:system_server:s0 tcontext=u:object_r:default_android_hwservice:s0 tclass=hwservice_manager permissive=0
06-28 21:01:08.996 E/SELinux (  575): avc:  denied  { find } for interface=vendor.qti.hardware.servicetracker::IServicetracker sid=u:r:system_server:s0 pid=1588 scontext=u:r:system_server:s0 tcontext=u:object_r:default_android_hwservice:s0 tclass=hwservice_manager permissive=0
06-28 21:01:09.000 E/SELinux (  575): avc:  denied  { find } for interface=vendor.qti.hardware.servicetracker::IServicetracker sid=u:r:system_server:s0 pid=1588 scontext=u:r:system_server:s0 tcontext=u:object_r:default_android_hwservice:s0 tclass=hwservice_manager permissive=0
06-28 21:01:09.533 E/SELinux (  575): avc:  denied  { find } for interface=vendor.qti.hardware.servicetracker::IServicetracker sid=u:r:system_server:s0 pid=1588 scontext=u:r:system_server:s0 tcontext=u:object_r:default_android_hwservice:s0 tclass=hwservice_manager permissive=0
06-28 21:01:09.945 E/ANDR-PERF-MPCTL(  771): poll() has timed out for /sys/module/msm_performance/events/cpu_hotplug
06-28 21:01:09.945 E/ANDR-PERF-MPCTL(  771): Block on poll()
06-28 21:01:12.511 E/BluetoothDevice(12855): BT not enabled. Cannot get remote device Uuids
06-28 21:01:12.512 E/BluetoothDevice(12855): BT not enabled. Cannot get remote device Uuids
06-28 21:01:12.948 E/ANDR-PERF-MPCTL(  771): poll() has timed out for /sys/module/msm_performance/events/cpu_hotplug
06-28 21:01:12.948 E/ANDR-PERF-MPCTL(  771): Block on poll()
06-28 21:01:13.281 E/BluetoothDevice(12855): BT not enabled. Cannot get remote device Uuids
06-28 21:01:13.281 E/BluetoothDevice(12855): BT not enabled. Cannot get remote device Uuids
06-28 21:01:14.045 E/BluetoothDevice(12855): BT not enabled. Cannot get remote device Uuids
06-28 21:01:14.045 E/BluetoothDevice(12855): BT not enabled. Cannot get remote device Uuids
06-28 21:01:15.951 E/ANDR-PERF-MPCTL(  771): poll() has timed out for /sys/module/msm_performance/events/cpu_hotplug
06-28 21:01:15.951 E/ANDR-PERF-MPCTL(  771): Block on poll()
06-28 21:01:16.075 E/BluetoothDevice(12855): BT not enabled. Cannot get remote device Uuids
06-28 21:01:16.076 E/BluetoothDevice(12855): BT not enabled. Cannot get remote device Uuids
06-28 21:01:16.845 E/BluetoothDevice(12855): BT not enabled. Cannot get remote device Uuids
06-28 21:01:16.846 E/BluetoothDevice(12855): BT not enabled. Cannot get remote device Uuids
06-28 21:01:17.611 E/BluetoothDevice(12855): BT not enabled. Cannot get remote device Uuids
06-28 21:01:17.611 E/BluetoothDevice(12855): BT not enabled. Cannot get remote device Uuids
06-28 21:01:18.372 E/BluetoothDevice(12855): BT not enabled. Cannot get remote device Uuids
06-28 21:01:18.373 E/BluetoothDevice(12855): BT not enabled. Cannot get remote device Uuids
06-28 21:01:18.954 E/ANDR-PERF-MPCTL(  771): poll() has timed out for /sys/module/msm_performance/events/cpu_hotplug
06-28 21:01:18.954 E/ANDR-PERF-MPCTL(  771): Block on poll()
06-28 21:01:20.650 E/SELinux (  575): avc:  denied  { find } for interface=vendor.qti.hardware.servicetracker::IServicetracker sid=u:r:system_server:s0 pid=1588 scontext=u:r:system_server:s0 tcontext=u:object_r:default_android_hwservice:s0 tclass=hwservice_manager permissive=0
06-28 21:01:20.823 E/SELinux (  575): avc:  denied  { find } for interface=vendor.qti.hardware.servicetracker::IServicetracker sid=u:r:system_server:s0 pid=1588 scontext=u:r:system_server:s0 tcontext=u:object_r:default_android_hwservice:s0 tclass=hwservice_manager permissive=0
06-28 21:01:21.194 E/BluetoothDevice(12855): BT not enabled. Cannot get remote device Uuids
06-28 21:01:21.195 E/BluetoothDevice(12855): BT not enabled. Cannot get remote device Uuids
06-28 21:01:21.945 E/BluetoothDevice(12855): BT not enabled. Cannot get remote device Uuids
06-28 21:01:21.945 E/BluetoothDevice(12855): BT not enabled. Cannot get remote device Uuids
06-28 21:01:21.957 E/ANDR-PERF-MPCTL(  771): poll() has timed out for /sys/module/msm_performance/events/cpu_hotplug
06-28 21:01:21.957 E/ANDR-PERF-MPCTL(  771): Block on poll()
06-28 21:01:22.701 E/BluetoothDevice(12855): BT not enabled. Cannot get remote device Uuids
06-28 21:01:22.703 E/BluetoothDevice(12855): BT not enabled. Cannot get remote device Uuids
06-28 21:01:22.870 E/msys    (16673): E[N mns:TigonMNS]_OnResolverSuccess(335)=>Cache refresh succeeded with system DNS resolver. IP count: 2
06-28 21:01:22.871 E/msys    (16673): E[N mns:TigonMNS]_OnResolverSuccess(335)=>Cache refresh succeeded with system DNS resolver. IP count: 2
06-28 21:01:22.900 E/msys    (16673): E[N mns:TigonMNS]_OnResolverSuccess(335)=>Cache refresh succeeded with system DNS resolver. IP count: 2
06-28 21:01:22.901 E/msys    (16673): E[N mns:TigonMNS]_OnResolverSuccess(335)=>Cache refresh succeeded with system DNS resolver. IP count: 2
06-28 21:01:23.897 E/WindowManager( 1588): App trying to use insecure INPUT_FEATURE_NO_INPUT_CHANNEL flag. Ignoring
06-28 21:01:24.961 E/ANDR-PERF-MPCTL(  771): poll() has timed out for /sys/module/msm_performance/events/cpu_hotplug
06-28 21:01:24.961 E/ANDR-PERF-MPCTL(  771): Block on poll()
06-28 21:01:25.506 E/BluetoothDevice(12855): BT not enabled. Cannot get remote device Uuids
06-28 21:01:25.507 E/BluetoothDevice(12855): BT not enabled. Cannot get remote device Uuids
06-28 21:01:27.033 E/BluetoothDevice(12855): BT not enabled. Cannot get remote device Uuids
06-28 21:01:27.033 E/BluetoothDevice(12855): BT not enabled. Cannot get remote device Uuids
06-28 21:01:27.794 E/BluetoothDevice(12855): BT not enabled. Cannot get remote device Uuids
06-28 21:01:27.795 E/BluetoothDevice(12855): BT not enabled. Cannot get remote device Uuids
06-28 21:01:27.961 E/ANDR-PERF-MPCTL(  771): poll() has timed out for /sys/module/msm_performance/events/cpu_hotplug
06-28 21:01:27.961 E/ANDR-PERF-MPCTL(  771): Block on poll()
06-28 21:01:28.561 E/BluetoothDevice(12855): BT not enabled. Cannot get remote device Uuids
06-28 21:01:28.561 E/BluetoothDevice(12855): BT not enabled. Cannot get remote device Uuids
06-28 21:01:29.324 E/BluetoothDevice(12855): BT not enabled. Cannot get remote device Uuids
06-28 21:01:29.324 E/BluetoothDevice(12855): BT not enabled. Cannot get remote device Uuids
06-28 21:01:30.962 E/ANDR-PERF-MPCTL(  771): poll() has timed out for /sys/module/msm_performance/events/cpu_hotplug
06-28 21:01:30.962 E/ANDR-PERF-MPCTL(  771): Block on poll()
06-28 21:01:31.356 E/BluetoothDevice(12855): BT not enabled. Cannot get remote device Uuids
06-28 21:01:31.356 E/BluetoothDevice(12855): BT not enabled. Cannot get remote device Uuids
06-28 21:01:32.131 E/BluetoothDevice(12855): BT not enabled. Cannot get remote device Uuids
06-28 21:01:32.132 E/BluetoothDevice(12855): BT not enabled. Cannot get remote device Uuids
06-28 21:01:32.886 E/BluetoothDevice(12855): BT not enabled. Cannot get remote device Uuids
06-28 21:01:32.887 E/BluetoothDevice(12855): BT not enabled. Cannot get remote device Uuids
06-28 21:01:32.989 E/SELinux (  575): avc:  denied  { find } for interface=vendor.qti.hardware.servicetracker::IServicetracker sid=u:r:system_server:s0 pid=1588 scontext=u:r:system_server:s0 tcontext=u:object_r:default_android_hwservice:s0 tclass=hwservice_manager permissive=0
06-28 21:01:32.993 E/SELinux (  575): avc:  denied  { find } for interface=vendor.qti.hardware.servicetracker::IServicetracker sid=u:r:system_server:s0 pid=1588 scontext=u:r:system_server:s0 tcontext=u:object_r:default_android_hwservice:s0 tclass=hwservice_manager permissive=0
06-28 21:01:33.007 E/SELinux (  575): avc:  denied  { find } for interface=vendor.qti.hardware.servicetracker::IServicetracker sid=u:r:system_server:s0 pid=1588 scontext=u:r:system_server:s0 tcontext=u:object_r:default_android_hwservice:s0 tclass=hwservice_manager permissive=0
06-28 21:01:33.013 E/SELinux (  575): avc:  denied  { find } for interface=vendor.qti.hardware.servicetracker::IServicetracker sid=u:r:system_server:s0 pid=1588 scontext=u:r:system_server:s0 tcontext=u:object_r:default_android_hwservice:s0 tclass=hwservice_manager permissive=0
06-28 21:01:33.255 E/SELinux (  575): avc:  denied  { find } for interface=vendor.qti.hardware.servicetracker::IServicetracker sid=u:r:system_server:s0 pid=1588 scontext=u:r:system_server:s0 tcontext=u:object_r:default_android_hwservice:s0 tclass=hwservice_manager permissive=0
06-28 21:01:33.454 E/le.laketowntur(19581): No package ID 46 found for ID 0x464a1c3c.
06-28 21:01:33.963 E/ANDR-PERF-MPCTL(  771): poll() has timed out for /sys/module/msm_performance/events/cpu_hotplug
06-28 21:01:33.963 E/ANDR-PERF-MPCTL(  771): Block on poll()
06-28 21:01:34.433 E/BluetoothDevice(12855): BT not enabled. Cannot get remote device Uuids
06-28 21:01:34.434 E/BluetoothDevice(12855): BT not enabled. Cannot get remote device Uuids
06-28 21:01:35.715 E/SELinux (  575): avc:  denied  { find } for interface=vendor.qti.hardware.servicetracker::IServicetracker sid=u:r:system_server:s0 pid=1588 scontext=u:r:system_server:s0 tcontext=u:object_r:default_android_hwservice:s0 tclass=hwservice_manager permissive=0
06-28 21:01:36.966 E/ANDR-PERF-MPCTL(  771): poll() has timed out for /sys/module/msm_performance/events/cpu_hotplug
06-28 21:01:36.966 E/ANDR-PERF-MPCTL(  771): Block on poll()
06-28 21:01:37.230 E/BluetoothDevice(12855): BT not enabled. Cannot get remote device Uuids
06-28 21:01:37.231 E/BluetoothDevice(12855): BT not enabled. Cannot get remote device Uuids
06-28 21:01:37.472 E/AndroidRuntime(19581): FATAL EXCEPTION: main
06-28 21:01:37.472 E/AndroidRuntime(19581): Process: com.example.laketownturf, PID: 19581
06-28 21:01:37.472 E/AndroidRuntime(19581): com.google.firebase.firestore.FirebaseFirestoreException: PERMISSION_DENIED: Missing or insufficient permissions.
06-28 21:01:37.472 E/AndroidRuntime(19581): 	at com.google.firebase.firestore.util.Util.exceptionFromStatus(Util.java:113)
06-28 21:01:37.472 E/AndroidRuntime(19581): 	at com.google.firebase.firestore.core.EventManager.onError(EventManager.java:247)
06-28 21:01:37.472 E/AndroidRuntime(19581): 	at com.google.firebase.firestore.core.SyncEngine.removeAndCleanupTarget(SyncEngine.java:642)
06-28 21:01:37.472 E/AndroidRuntime(19581): 	at com.google.firebase.firestore.core.SyncEngine.handleRejectedListen(SyncEngine.java:478)
06-28 21:01:37.472 E/AndroidRuntime(19581): 	at com.google.firebase.firestore.core.MemoryComponentProvider$RemoteStoreCallback.handleRejectedListen(MemoryComponentProvider.java:125)
06-28 21:01:37.472 E/AndroidRuntime(19581): 	at com.google.firebase.firestore.remote.RemoteStore.processTargetError(RemoteStore.java:596)
06-28 21:01:37.472 E/AndroidRuntime(19581): 	at com.google.firebase.firestore.remote.RemoteStore.handleWatchChange(RemoteStore.java:479)
06-28 21:01:37.472 E/AndroidRuntime(19581): 	at com.google.firebase.firestore.remote.RemoteStore.access$100(RemoteStore.java:60)
06-28 21:01:37.472 E/AndroidRuntime(19581): 	at com.google.firebase.firestore.remote.RemoteStore$1.onWatchChange(RemoteStore.java:188)
06-28 21:01:37.472 E/AndroidRuntime(19581): 	at com.google.firebase.firestore.remote.WatchStream.onNext(WatchStream.java:114)
06-28 21:01:37.472 E/AndroidRuntime(19581): 	at com.google.firebase.firestore.remote.WatchStream.onNext(WatchStream.java:38)
06-28 21:01:37.472 E/AndroidRuntime(19581): 	at com.google.firebase.firestore.remote.AbstractStream$StreamObserver.lambda$onNext$1$com-google-firebase-firestore-remote-AbstractStream$StreamObserver(AbstractStream.java:126)
06-28 21:01:37.472 E/AndroidRuntime(19581): 	at com.google.firebase.firestore.remote.AbstractStream$StreamObserver$$ExternalSyntheticLambda0.run(D8$$SyntheticClass:0)
06-28 21:01:37.472 E/AndroidRuntime(19581): 	at com.google.firebase.firestore.remote.AbstractStream$CloseGuardedRunner.run(AbstractStream.java:67)
06-28 21:01:37.472 E/AndroidRuntime(19581): 	at com.google.firebase.firestore.remote.AbstractStream$StreamObserver.onNext(AbstractStream.java:113)
06-28 21:01:37.472 E/AndroidRuntime(19581): 	at com.google.firebase.firestore.remote.FirestoreChannel$1.onMessage(FirestoreChannel.java:162)
06-28 21:01:37.472 E/AndroidRuntime(19581): 	at io.grpc.internal.ClientCallImpl$ClientStreamListenerImpl$1MessagesAvailable.runInternal(ClientCallImpl.java:667)
06-28 21:01:37.472 E/AndroidRuntime(19581): 	at io.grpc.internal.ClientCallImpl$ClientStreamListenerImpl$1MessagesAvailable.runInContext(ClientCallImpl.java:654)
06-28 21:01:37.472 E/AndroidRuntime(19581): 	at io.grpc.internal.ContextRunnable.run(ContextRunnable.java:37)
06-28 21:01:37.472 E/AndroidRuntime(19581): 	at io.grpc.internal.SerializingExecutor.run(SerializingExecutor.java:133)
06-28 21:01:37.472 E/AndroidRuntime(19581): 	at java.util.concurrent.Executors$RunnableAdapter.call(Executors.java:462)
06-28 21:01:37.472 E/AndroidRuntime(19581): 	at java.util.concurrent.FutureTask.run(FutureTask.java:266)
06-28 21:01:37.472 E/AndroidRuntime(19581): 	at java.util.concurrent.ScheduledThreadPoolExecutor$ScheduledFutureTask.run(ScheduledThreadPoolExecutor.java:301)
06-28 21:01:37.472 E/AndroidRuntime(19581): 	at java.util.concurrent.ThreadPoolExecutor.runWorker(ThreadPoolExecutor.java:1167)
06-28 21:01:37.472 E/AndroidRuntime(19581): 	at java.util.concurrent.ThreadPoolExecutor$Worker.run(ThreadPoolExecutor.java:641)
06-28 21:01:37.472 E/AndroidRuntime(19581): 	at com.google.firebase.firestore.util.AsyncQueue$SynchronizedShutdownAwareExecutor$DelayedStartFactory.run(AsyncQueue.java:235)
06-28 21:01:37.472 E/AndroidRuntime(19581): 	at java.lang.Thread.run(Thread.java:919)
06-28 21:01:37.472 E/AndroidRuntime(19581): 	Suppressed: kotlinx.coroutines.internal.DiagnosticCoroutineContextException: [StandaloneCoroutine{Cancelling}@ec6530c, Dispatchers.Main.immediate]
06-28 21:01:37.472 E/AndroidRuntime(19581): Caused by: io.grpc.StatusException: PERMISSION_DENIED: Missing or insufficient permissions.
06-28 21:01:37.472 E/AndroidRuntime(19581): 	at io.grpc.Status.asException(Status.java:541)
06-28 21:01:37.472 E/AndroidRuntime(19581): 	at com.google.firebase.firestore.util.Util.exceptionFromStatus(Util.java:111)
06-28 21:01:37.472 E/AndroidRuntime(19581): 	... 26 more
06-28 21:01:37.492 E/lowmemorykiller(  789): Error writing /proc/19581/oom_score_adj; errno=22
06-28 21:01:37.500 E/STBMonitorReceiver(16594): dropboxTag:data_app_crash; dropboxTime:1782660697488
06-28 21:01:37.502 E/SELinux (  575): avc:  denied  { find } for interface=vendor.qti.hardware.servicetracker::IServicetracker sid=u:r:system_server:s0 pid=1588 scontext=u:r:system_server:s0 tcontext=u:object_r:default_android_hwservice:s0 tclass=hwservice_manager permissive=0
06-28 21:01:37.507 E/SELinux (  575): avc:  denied  { find } for interface=vendor.qti.hardware.servicetracker::IServicetracker sid=u:r:system_server:s0 pid=1588 scontext=u:r:system_server:s0 tcontext=u:object_r:default_android_hwservice:s0 tclass=hwservice_manager permissive=0
06-28 21:01:37.516 E/STBIntentService(16594): Service Started.. 
06-28 21:01:37.527 E/SELinux (  575): avc:  denied  { find } for interface=vendor.qti.hardware.servicetracker::IServicetracker sid=u:r:system_server:s0 pid=1588 scontext=u:r:system_server:s0 tcontext=u:object_r:default_android_hwservice:s0 tclass=hwservice_manager permissive=0
06-28 21:01:37.533 E/StabilityMonitor(16594): [APRReport] get APRReport from memory
06-28 21:01:37.538 E/InputDispatcher( 1588): channel '5465221 com.example.laketownturf/com.example.laketownturf.MainActivity (server)' ~ Channel is unrecoverably broken and will be disposed!
06-28 21:01:37.540 E/SELinux (  575): avc:  denied  { find } for interface=vendor.qti.hardware.servicetracker::IServicetracker sid=u:r:system_server:s0 pid=1588 scontext=u:r:system_server:s0 tcontext=u:object_r:default_android_hwservice:s0 tclass=hwservice_manager permissive=0
06-28 21:01:37.548 E/SELinux (  575): avc:  denied  { find } for interface=vendor.qti.hardware.servicetracker::IServicetracker sid=u:r:system_server:s0 pid=1588 scontext=u:r:system_server:s0 tcontext=u:object_r:default_android_hwservice:s0 tclass=hwservice_manager permissive=0
06-28 21:01:37.549 E/SELinux (  575): avc:  denied  { find } for interface=vendor.qti.hardware.servicetracker::IServicetracker sid=u:r:system_server:s0 pid=1588 scontext=u:r:system_server:s0 tcontext=u:object_r:default_android_hwservice:s0 tclass=hwservice_manager permissive=0
06-28 21:01:37.590 E/ANDR-PERF-JNI( 1588): UXEngine Trigger - Returning null
06-28 21:01:37.605 E/SELinux (  575): avc:  denied  { find } for interface=vendor.qti.hardware.servicetracker::IServicetracker sid=u:r:system_server:s0 pid=1588 scontext=u:r:system_server:s0 tcontext=u:object_r:default_android_hwservice:s0 tclass=hwservice_manager permissive=0
06-28 21:01:37.608 E/SELinux (  575): avc:  denied  { find } for interface=vendor.qti.hardware.servicetracker::IServicetracker sid=u:r:system_server:s0 pid=1588 scontext=u:r:system_server:s0 tcontext=u:object_r:default_android_hwservice:s0 tclass=hwservice_manager permissive=0
06-28 21:01:37.661 E/SELinux (  575): avc:  denied  { find } for interface=vendor.qti.hardware.servicetracker::IServicetracker sid=u:r:system_server:s0 pid=1588 scontext=u:r:system_server:s0 tcontext=u:object_r:default_android_hwservice:s0 tclass=hwservice_manager permissive=0
06-28 21:01:37.688 E/SELinux (  575): avc:  denied  { find } for interface=vendor.qti.hardware.servicetracker::IServicetracker sid=u:r:system_server:s0 pid=1588 scontext=u:r:system_server:s0 tcontext=u:object_r:default_android_hwservice:s0 tclass=hwservice_manager permissive=0
06-28 21:01:37.744 E/STBIntentService(16594): Add /data/system/dropbox/data_app_crash@1782660697488 into short queue...
06-28 21:01:37.745 E/STBIntentService(16594): /data/system/dropbox/data_app_crash@1782660697488not exist! Backup dropbox file fails...
06-28 21:01:37.745 E/STBIntentService(16594): alarm had already been set...
06-28 21:01:37.746 E/SELinux (  575): avc:  denied  { find } for interface=vendor.qti.hardware.servicetracker::IServicetracker sid=u:r:system_server:s0 pid=1588 scontext=u:r:system_server:s0 tcontext=u:object_r:default_android_hwservice:s0 tclass=hwservice_manager permissive=0
06-28 21:01:37.748 E/STBIntentService(16594): Service Destroyed.. 
06-28 21:01:38.743 E/BluetoothDevice(12855): BT not enabled. Cannot get remote device Uuids
06-28 21:01:38.744 E/BluetoothDevice(12855): BT not enabled. Cannot get remote device Uuids
06-28 21:01:39.508 E/BluetoothDevice(12855): BT not enabled. Cannot get remote device Uuids
06-28 21:01:39.508 E/BluetoothDevice(12855): BT not enabled. Cannot get remote device Uuids
06-28 21:01:39.969 E/ANDR-PERF-MPCTL(  771): poll() has timed out for /sys/module/msm_performance/events/cpu_hotplug
06-28 21:01:39.970 E/ANDR-PERF-MPCTL(  771): Block on poll()
06-28 21:01:42.973 E/ANDR-PERF-MPCTL(  771): poll() has timed out for /sys/module/msm_performance/events/cpu_hotplug
06-28 21:01:42.973 E/ANDR-PERF-MPCTL(  771): Block on poll()
06-28 21:01:43.821 E/BluetoothDevice(12855): BT not enabled. Cannot get remote device Uuids
06-28 21:01:43.821 E/BluetoothDevice(12855): BT not enabled. Cannot get remote device Uuids
06-28 21:01:44.537 E/SELinux (  575): avc:  denied  { find } for interface=vendor.qti.hardware.servicetracker::IServicetracker sid=u:r:system_server:s0 pid=1588 scontext=u:r:system_server:s0 tcontext=u:object_r:default_android_hwservice:s0 tclass=hwservice_manager permissive=0
06-28 21:01:44.575 E/BluetoothDevice(12855): BT not enabled. Cannot get remote device Uuids
06-28 21:01:44.575 E/BluetoothDevice(12855): BT not enabled. Cannot get remote device Uuids
06-28 21:01:45.334 E/BluetoothDevice(12855): BT not enabled. Cannot get remote device Uuids
06-28 21:01:45.335 E/BluetoothDevice(12855): BT not enabled. Cannot get remote device Uuids
06-28 21:01:45.976 E/ANDR-PERF-MPCTL(  771): poll() has timed out for /sys/module/msm_performance/events/cpu_hotplug
06-28 21:01:45.976 E/ANDR-PERF-MPCTL(  771): Block on poll()
06-28 21:01:46.098 E/BluetoothDevice(12855): BT not enabled. Cannot get remote device Uuids
06-28 21:01:46.099 E/BluetoothDevice(12855): BT not enabled. Cannot get remote device Uuids
06-28 21:01:47.678 E/SELinux (  575): avc:  denied  { find } for interface=vendor.qti.hardware.servicetracker::IServicetracker sid=u:r:system_server:s0 pid=1588 scontext=u:r:system_server:s0 tcontext=u:object_r:default_android_hwservice:s0 tclass=hwservice_manager permissive=0
06-28 21:01:48.404 E/SELinux (  575): avc:  denied  { find } for interface=vendor.qti.hardware.servicetracker::IServicetracker sid=u:r:system_server:s0 pid=1588 scontext=u:r:system_server:s0 tcontext=u:object_r:default_android_hwservice:s0 tclass=hwservice_manager permissive=0
06-28 21:01:48.893 E/BluetoothDevice(12855): BT not enabled. Cannot get remote device Uuids
06-28 21:01:48.895 E/BluetoothDevice(12855): BT not enabled. Cannot get remote device Uuids
06-28 21:01:48.979 E/ANDR-PERF-MPCTL(  771): poll() has timed out for /sys/module/msm_performance/events/cpu_hotplug
06-28 21:01:48.979 E/ANDR-PERF-MPCTL(  771): Block on poll()
06-28 21:01:49.554 E/SELinux (  575): avc:  denied  { find } for interface=vendor.qti.hardware.servicetracker::IServicetracker sid=u:r:system_server:s0 pid=1588 scontext=u:r:system_server:s0 tcontext=u:object_r:default_android_hwservice:s0 tclass=hwservice_manager permissive=0
06-28 21:01:49.612 E/ConnectivityService( 1588): BUG: NetworkAgentInfo{ ni{[type: WIFI[], state: CONNECTED/CONNECTED, reason: (unspecified), extra: (none), failover: false, available: true, roaming: false]}  network{577}  nethandle{2481601826829}  lp{{InterfaceName: wlan0 LinkAddresses: [ 192.168.1.6/24,fe80::48be:f5ff:fe43:ea7f/64,2401:4900:1c8e:5331:709d:9b14:fb8b:b82a/64,2401:4900:1c8e:5331:48be:f5ff:fe43:ea7f/64 ] DnsAddresses: [ /fe80::1,/192.168.1.1 ] Domains: null MTU: 0 TcpBufferSizes: 524288,1048576,2097152,262144,524288,1048576 Routes: [ fe80::/64 -> :: wlan0,::/0 -> fe80::1 wlan0,2401:4900:1c8e:5331::/64 -> fe80::1 wlan0,2401:4900:1c8e:5331::/64 -> :: wlan0,192.168.1.0/24 -> 0.0.0.0 wlan0,0.0.0.0/0 -> 192.168.1.1 wlan0 ]}}  nc{[ Transports: WIFI Capabilities: NOT_METERED&INTERNET&NOT_RESTRICTED&TRUSTED&NOT_VPN&VALIDATED&NOT_ROAMING&FOREGROUND&NOT_CONGESTED&NOT_SUSPENDED LinkUpBandwidth>=1048576Kbps LinkDnBandwidth>=1048576Kbps Specifier: <WifiNetworkAgentSpecifier [WifiConfiguration=, SSID="Airtel_Y5-2026", BSSID=6c:c6:3b:ab:09:ed, mOriginalRequestorUid=-1, mOriginalRequestorPackageName=]> SignalStrength: -68 SSID: "Airtel_Y5-2026"]}  Score{58}  everValidated{true}  lastValidated{true}  created{true} lingering{false} explicitlySelected{false} acceptUnvalidated{false} everCaptivePortalDetected{false} lastCaptivePortalDetected{false} captivePortalValidationPending{false} partialConnectivity{false} acceptPartialConnectivity{false} clat{mBaseIface: null, mIface: null, mState: IDLE} } lost immutable capabilities:specifier changed: WifiNetworkAgentSpecifier [WifiConfiguration=, SSID="Airtel_Y5-2026", BSSID=6c:c6:3b:ab:09:ed, mOriginalRequestorUid=-1, mOriginalRequestorPackageName=] -> WifiNetworkAgentSpecifier [WifiConfiguration=, SSID="Airtel_Y5-2026", BSSID=6c:c6:3b:ab:09:e9, mOriginalRequestorUid=-1, mOriginalRequestorPackageName=]
06-28 21:01:50.419 E/BluetoothDevice(12855): BT not enabled. Cannot get remote device Uuids
06-28 21:01:50.420 E/BluetoothDevice(12855): BT not enabled. Cannot get remote device Uuids
06-28 21:01:51.186 E/BluetoothDevice(12855): BT not enabled. Cannot get remote device Uuids
06-28 21:01:51.186 E/BluetoothDevice(12855): BT not enabled. Cannot get remote device Uuids
06-28 21:01:51.660 E/STBMonitorReceiver(16594): dropboxTag:system_server_wtf; dropboxTime:1782660709650
06-28 21:01:51.980 E/ANDR-PERF-MPCTL(  771): poll() has timed out for /sys/module/msm_performance/events/cpu_hotplug
06-28 21:01:51.980 E/ANDR-PERF-MPCTL(  771): Block on poll()
06-28 21:01:52.634 E/SELinux (  575): avc:  denied  { find } for interface=vendor.qti.hardware.servicetracker::IServicetracker sid=u:r:system_server:s0 pid=1588 scontext=u:r:system_server:s0 tcontext=u:object_r:default_android_hwservice:s0 tclass=hwservice_manager permissive=0
06-28 21:01:53.228 E/BluetoothDevice(12855): BT not enabled. Cannot get remote device Uuids
06-28 21:01:53.229 E/BluetoothDevice(12855): BT not enabled. Cannot get remote device Uuids
06-28 21:01:53.993 E/BluetoothDevice(12855): BT not enabled. Cannot get remote device Uuids
06-28 21:01:53.994 E/BluetoothDevice(12855): BT not enabled. Cannot get remote device Uuids
06-28 21:01:54.749 E/BluetoothDevice(12855): BT not enabled. Cannot get remote device Uuids
06-28 21:01:54.749 E/BluetoothDevice(12855): BT not enabled. Cannot get remote device Uuids
06-28 21:01:54.981 E/ANDR-PERF-MPCTL(  771): poll() has timed out for /sys/module/msm_performance/events/cpu_hotplug
06-28 21:01:54.981 E/ANDR-PERF-MPCTL(  771): Block on poll()
06-28 21:01:55.510 E/BluetoothDevice(12855): BT not enabled. Cannot get remote device Uuids
06-28 21:01:55.511 E/BluetoothDevice(12855): BT not enabled. Cannot get remote device Uuids
06-28 21:01:56.269 E/BluetoothDevice(12855): BT not enabled. Cannot get remote device Uuids
06-28 21:01:56.269 E/BluetoothDevice(12855): BT not enabled. Cannot get remote device Uuids
06-28 21:01:57.041 E/BluetoothDevice(12855): BT not enabled. Cannot get remote device Uuids
06-28 21:01:57.041 E/BluetoothDevice(12855): BT not enabled. Cannot get remote device Uuids
06-28 21:01:57.984 E/ANDR-PERF-MPCTL(  771): poll() has timed out for /sys/module/msm_performance/events/cpu_hotplug
06-28 21:01:57.984 E/ANDR-PERF-MPCTL(  771): Block on poll()
06-28 21:01:58.568 E/BluetoothDevice(12855): BT not enabled. Cannot get remote device Uuids
06-28 21:01:58.568 E/BluetoothDevice(12855): BT not enabled. Cannot get remote device Uuids
06-28 21:01:59.842 E/BluetoothDevice(12855): BT not enabled. Cannot get remote device Uuids
06-28 21:01:59.842 E/BluetoothDevice(12855): BT not enabled. Cannot get remote device Uuids
06-28 21:02:00.488 E/BatteryExternalStatsWorker( 1588): no controller energy info supplied for bluetooth
06-28 21:02:00.607 E/BluetoothDevice(12855): BT not enabled. Cannot get remote device Uuids
06-28 21:02:00.607 E/BluetoothDevice(12855): BT not enabled. Cannot get remote device Uuids
06-28 21:02:00.987 E/ANDR-PERF-MPCTL(  771): poll() has timed out for /sys/module/msm_performance/events/cpu_hotplug
06-28 21:02:00.987 E/ANDR-PERF-MPCTL(  771): Block on poll()
06-28 21:02:01.365 E/BluetoothDevice(12855): BT not enabled. Cannot get remote device Uuids
06-28 21:02:01.365 E/BluetoothDevice(12855): BT not enabled. Cannot get remote device Uuids
06-28 21:02:02.130 E/BluetoothDevice(12855): BT not enabled. Cannot get remote device Uuids
06-28 21:02:02.131 E/BluetoothDevice(12855): BT not enabled. Cannot get remote device Uuids
06-28 21:02:02.714 E/SELinux (  575): avc:  denied  { find } for interface=vendor.qti.hardware.servicetracker::IServicetracker sid=u:r:system_server:s0 pid=1588 scontext=u:r:system_server:s0 tcontext=u:object_r:default_android_hwservice:s0 tclass=hwservice_manager permissive=0
06-28 21:02:02.907 E/BluetoothDevice(12855): BT not enabled. Cannot get remote device Uuids
06-28 21:02:02.908 E/BluetoothDevice(12855): BT not enabled. Cannot get remote device Uuids
06-28 21:02:03.245 E/ResolverController(  708): No valid NAT64 prefix (577, <unspecified>/0)
06-28 21:02:03.990 E/ANDR-PERF-MPCTL(  771): poll() has timed out for /sys/module/msm_performance/events/cpu_hotplug
06-28 21:02:03.991 E/ANDR-PERF-MPCTL(  771): Block on poll()
06-28 21:02:04.181 E/BluetoothDevice(12855): BT not enabled. Cannot get remote device Uuids
06-28 21:02:04.181 E/BluetoothDevice(12855): BT not enabled. Cannot get remote device Uuids
06-28 21:02:04.642 E/SELinux (  575): avc:  denied  { find } for interface=vendor.qti.hardware.servicetracker::IServicetracker sid=u:r:system_server:s0 pid=1588 scontext=u:r:system_server:s0 tcontext=u:object_r:default_android_hwservice:s0 tclass=hwservice_manager permissive=0
06-28 21:02:04.928 E/BluetoothDevice(12855): BT not enabled. Cannot get remote device Uuids
06-28 21:02:04.928 E/BluetoothDevice(12855): BT not enabled. Cannot get remote device Uuids
06-28 21:02:05.690 E/BluetoothDevice(12855): BT not enabled. Cannot get remote device Uuids
06-28 21:02:05.691 E/BluetoothDevice(12855): BT not enabled. Cannot get remote device Uuids
06-28 21:02:06.450 E/BluetoothDevice(12855): BT not enabled. Cannot get remote device Uuids
06-28 21:02:06.451 E/BluetoothDevice(12855): BT not enabled. Cannot get remote device Uuids
06-28 21:02:06.994 E/ANDR-PERF-MPCTL(  771): poll() has timed out for /sys/module/msm_performance/events/cpu_hotplug
06-28 21:02:06.994 E/ANDR-PERF-MPCTL(  771): Block on poll()
06-28 21:02:07.212 E/BluetoothDevice(12855): BT not enabled. Cannot get remote device Uuids
06-28 21:02:07.213 E/BluetoothDevice(12855): BT not enabled. Cannot get remote device Uuids
06-28 21:02:07.965 E/BluetoothDevice(12855): BT not enabled. Cannot get remote device Uuids
06-28 21:02:07.966 E/BluetoothDevice(12855): BT not enabled. Cannot get remote device Uuids
06-28 21:02:09.238 E/BluetoothDevice(12855): BT not enabled. Cannot get remote device Uuids
06-28 21:02:09.239 E/BluetoothDevice(12855): BT not enabled. Cannot get remote device Uuids
06-28 21:02:09.997 E/ANDR-PERF-MPCTL(  771): poll() has timed out for /sys/module/msm_performance/events/cpu_hotplug
06-28 21:02:09.997 E/ANDR-PERF-MPCTL(  771): Block on poll()
06-28 21:02:10.767 E/BluetoothDevice(12855): BT not enabled. Cannot get remote device Uuids
06-28 21:02:10.767 E/BluetoothDevice(12855): BT not enabled. Cannot get remote device Uuids
06-28 21:02:11.527 E/BluetoothDevice(12855): BT not enabled. Cannot get remote device Uuids
06-28 21:02:11.528 E/BluetoothDevice(12855): BT not enabled. Cannot get remote device Uuids
06-28 21:02:12.297 E/BluetoothDevice(12855): BT not enabled. Cannot get remote device Uuids
06-28 21:02:12.297 E/BluetoothDevice(12855): BT not enabled. Cannot get remote device Uuids
06-28 21:02:13.000 E/ANDR-PERF-MPCTL(  771): poll() has timed out for /sys/module/msm_performance/events/cpu_hotplug
06-28 21:02:13.000 E/ANDR-PERF-MPCTL(  771): Block on poll()
06-28 21:02:13.805 E/BluetoothDevice(12855): BT not enabled. Cannot get remote device Uuids
06-28 21:02:13.806 E/BluetoothDevice(12855): BT not enabled. Cannot get remote device Uuids
06-28 21:02:15.002 E/MtpServer(16048): request read returned -1, errno: 5
06-28 21:02:15.073 E/SELinux (  575): avc:  denied  { find } for interface=vendor.qti.hardware.servicetracker::IServicetracker sid=u:r:system_server:s0 pid=1588 scontext=u:r:system_server:s0 tcontext=u:object_r:default_android_hwservice:s0 tclass=hwservice_manager permissive=0
06-28 21:02:15.083 E/BatteryExternalStatsWorker( 1588): no controller energy info supplied for bluetooth
06-28 21:02:15.102 E/SELinux (  575): avc:  denied  { find } for interface=vendor.qti.hardware.servicetracker::IServicetracker sid=u:r:system_server:s0 pid=1588 scontext=u:r:system_server:s0 tcontext=u:object_r:default_android_hwservice:s0 tclass=hwservice_manager permissive=0
06-28 21:02:15.219 E/msys    (18106): E[N WA]_WAJMNSStreamImplOnMNSFailure(287)=>[LogLevel:I] WAJMNSStream/impl/callback/onMNSFailure/p=0x7ca79c8200 (error=MNSTCPSocketReceive(): Software caused connection abort)
06-28 21:02:15.219 E/msys    (18106): E[N WA]_WAJMNSStreamImplCreateConnectionReport(194)=>[LogLevel:I] WAJMNSStream/impl/report port=443, connectedIPVersion=6, resolvedIPAddressCount=2, dnsResolutionStartTimeMS=265961974, dnsResolutionEndTimeMS=265961974, dnsCacheHit=Yes, connectStartTimeMS=265961974, connectEndTimeMS=265962001, proxyConnectStartTimeMS=0, proxyConnectEndTimeMS=0
06-28 21:02:15.220 E/msys    (18106): E[N WA]_WAJMNSStreamImplUpdateStreamState(230)=>[LogLevel:I] WAJMNSStream/impl/state-changed/p=0x7ca79c8200 (connected=>disconnected)
06-28 21:02:15.226 E/msys    (16673): E[N MQTT]readErr(151)=>TCPStreamTransport readErr
06-28 21:02:15.226 E/msys    (16673): E[N MQTT]onReadError(657)=>Read Error: AsyncSocketException: recv() failed (peer=[2a03:2880:f09e:f:face:b00c:0:8e]:443), type = Internal error, errno = 103 (Software caused connection abort)
06-28 21:02:15.259 E/msys    (18106): E[N WA]WAJMNSStreamImplDisconnectSync(506)=>[LogLevel:W] WAJMNSStream/impl/disconnect/p=0x7ca79c8200 (bytesSent=8628)(bytesRecv=19594)
06-28 21:02:15.296 E/BatteryExternalStatsWorker( 1588): no controller energy info supplied for bluetooth
06-28 21:02:15.307 E/MQTTBypassDGWStreamGroupCallbacks.cpp(16673): onStreamGroupError TransientError domain: MNSQUICConnection code: 0 detail: Error on socket write Operation not permitted, 
06-28 21:02:15.327 E/Parcel  ( 1037): Reading a NULL string not supported here.
06-28 21:02:15.341 E/msys    (16673): E[N mns:DGWClient]_OnResolverSuccess(335)=>Cache refresh succeeded with system DNS resolver. IP count: 2
06-28 21:02:15.345 E/msys    (16673): E[N mns:DGWClient]_OnResolverSuccess(335)=>Cache refresh succeeded with system DNS resolver. IP count: 2
06-28 21:02:15.789 E/SELinux (  575): avc:  denied  { find } for interface=vendor.qti.hardware.servicetracker::IServicetracker sid=u:r:system_server:s0 pid=1588 scontext=u:r:system_server:s0 tcontext=u:object_r:default_android_hwservice:s0 tclass=hwservice_manager permissive=0
06-28 21:02:15.790 E/SELinux (  575): avc:  denied  { find } for interface=vendor.qti.hardware.servicetracker::IServicetracker sid=u:r:system_server:s0 pid=1588 scontext=u:r:system_server:s0 tcontext=u:object_r:default_android_hwservice:s0 tclass=hwservice_manager permissive=0
06-28 21:02:15.844 E/BatteryExternalStatsWorker( 1588): no controller energy info supplied for bluetooth
06-28 21:02:15.874 E/msys    (18106): E[N WA]_WAJMNSStreamImplMNSTCPStreamCreate(361)=>[LogLevel:I] WAJMNSStream/impl/tcpStreamCreate/MNSStreamRaw/p=0x7d390cd580
06-28 21:02:15.874 E/msys    (18106): E[N WA]WAJMNSStreamImplCreate(421)=>[LogLevel:I] WAJMNSStream/impl/create/p=0x7d390cd580 (mnsConn=0x7d39037b80)
06-28 21:02:15.875 E/msys    (18106): E[N WA]_WAJMNSStreamCreateMnsIpsFromIpAddressStrings(87)=>[LogLevel:I] no ip addresses provided, using DNS resolution
06-28 21:02:15.875 E/msys    (18106): E[N WA]WAJMNSStreamImplConnect(450)=>[LogLevel:I] WAJMNSStream/impl/connect/p=0x7d390cd580 (endpoint=g.whatsapp.net:443)(ipAddressCount=0)
06-28 21:02:15.875 E/msys    (18106): E[N WA]_WAJMNSStreamImplUpdateStreamState(230)=>[LogLevel:I] WAJMNSStream/impl/state-changed/p=0x7d390cd580 (initial=>connecting)
06-28 21:02:15.875 E/SELinux (  575): avc:  denied  { find } for interface=vendor.qti.hardware.servicetracker::IServicetracker sid=u:r:system_server:s0 pid=1588 scontext=u:r:system_server:s0 tcontext=u:object_r:default_android_hwservice:s0 tclass=hwservice_manager permissive=0
06-28 21:02:15.901 E/SELinux (  575): avc:  denied  { find } for interface=vendor.qti.hardware.servicetracker::IServicetracker sid=u:r:system_server:s0 pid=1588 scontext=u:r:system_server:s0 tcontext=u:object_r:default_android_hwservice:s0 tclass=hwservice_manager permissive=0
06-28 21:02:15.901 E/msys    (18106): E[N WA]_WAJMNSStreamImplOnMNSReady(259)=>[LogLevel:I] WAJMNSStream/impl/callback/onMNSReady/p=0x7d390cd580
06-28 21:02:15.901 E/msys    (18106): E[N WA]_WAJMNSStreamImplCreateConnectionReport(194)=>[LogLevel:I] WAJMNSStream/impl/report port=443, connectedIPVersion=6, resolvedIPAddressCount=2, dnsResolutionStartTimeMS=266396631, dnsResolutionEndTimeMS=266396632, dnsCacheHit=Yes, connectStartTimeMS=266396632, connectEndTimeMS=266396658, proxyConnectStartTimeMS=0, proxyConnectEndTimeMS=0
06-28 21:02:15.901 E/msys    (18106): E[N WA]_WAJMNSStreamImplUpdateStreamState(230)=>[LogLevel:I] WAJMNSStream/impl/state-changed/p=0x7d390cd580 (connecting=>connected)
06-28 21:02:15.905 E/SELinux (  575): avc:  denied  { find } for interface=vendor.qti.hardware.servicetracker::IServicetracker sid=u:r:system_server:s0 pid=1588 scontext=u:r:system_server:s0 tcontext=u:object_r:default_android_hwservice:s0 tclass=hwservice_manager permissive=0
06-28 21:02:15.909 E/SELinux (  575): avc:  denied  { find } for interface=vendor.qti.hardware.servicetracker::IServicetracker sid=u:r:system_server:s0 pid=1588 scontext=u:r:system_server:s0 tcontext=u:object_r:default_android_hwservice:s0 tclass=hwservice_manager permissive=0
06-28 21:02:15.910 E/msys    (18106): E[N mns]_OnResolverSuccess(335)=>Cache refresh succeeded with system DNS resolver. IP count: 2
06-28 21:02:15.967 E/SELinux (  575): avc:  denied  { find } for interface=vendor.qti.hardware.servicetracker::IServicetracker sid=u:r:system_server:s0 pid=1588 scontext=u:r:system_server:s0 tcontext=u:object_r:default_android_hwservice:s0 tclass=hwservice_manager permissive=0
06-28 21:02:15.971 E/SELinux (  575): avc:  denied  { find } for interface=vendor.qti.hardware.servicetracker::IServicetracker sid=u:r:system_server:s0 pid=1588 scontext=u:r:system_server:s0 tcontext=u:object_r:default_android_hwservice:s0 tclass=hwservice_manager permissive=0
06-28 21:02:15.992 E/SELinux (  575): avc:  denied  { find } for interface=vendor.qti.hardware.servicetracker::IServicetracker sid=u:r:system_server:s0 pid=1588 scontext=u:r:system_server:s0 tcontext=u:object_r:default_android_hwservice:s0 tclass=hwservice_manager permissive=0
06-28 21:02:16.001 E/studio.deploy(18342): ERROR: MessagePipeWrapper: Cannot read (EOF)
06-28 21:02:16.003 E/ANDR-PERF-MPCTL(  771): poll() has timed out for /sys/module/msm_performance/events/cpu_hotplug
06-28 21:02:16.003 E/ANDR-PERF-MPCTL(  771): Block on poll()
06-28 21:02:16.012 E/SELinux (  575): avc:  denied  { find } for interface=vendor.qti.hardware.servicetracker::IServicetracker sid=u:r:system_server:s0 pid=1588 scontext=u:r:system_server:s0 tcontext=u:object_r:default_android_hwservice:s0 tclass=hwservice_manager permissive=0
06-28 21:02:16.013 E/SELinux (  575): avc:  denied  { find } for interface=vendor.qti.hardware.servicetracker::IServicetracker sid=u:r:system_server:s0 pid=1588 scontext=u:r:system_server:s0 tcontext=u:object_r:default_android_hwservice:s0 tclass=hwservice_manager permissive=0
06-28 21:02:16.038 E/OMXNodeInstance( 7307): setConfig(0xee221d00:google.vorbis.decoder, ConfigPriority(0x6f800002)) ERROR: Undefined(0x80001001)
06-28 21:02:16.042 E/OMXNodeInstance( 7307): setConfig(0xee221d00:google.vorbis.decoder, ConfigPriority(0x6f800002)) ERROR: Undefined(0x80001001)
06-28 21:02:16.042 E/OMXNodeInstance( 7307): getConfig(0xee221d00:google.vorbis.decoder, ConfigAndroidVendorExtension(0x6f100004)) ERROR: Undefined(0x80001001)
06-28 21:02:16.078 E/AF::Track(  787): Track(9150): no more tracks available
06-28 21:02:16.086 E/msm8974_platform(  741): platform_check_backends_match: Invalid snd_device = 
06-28 21:02:16.086 E/msm8974_platform(  741): platform_check_backends_match: Invalid snd_device = 
06-28 21:02:16.086 E/TI-SmartPA(  741): can_enable_smartamp: device is not TAS
06-28 21:02:16.088 E/soundtrigger(  741): audio_extn_sound_trigger_update_stream_status: invalid input device 0x0, for event 3
06-28 21:02:16.175 E/SELinux (  575): avc:  denied  { find } for interface=vendor.qti.hardware.servicetracker::IServicetracker sid=u:r:system_server:s0 pid=1588 scontext=u:r:system_server:s0 tcontext=u:object_r:default_android_hwservice:s0 tclass=hwservice_manager permissive=0
06-28 21:02:16.592 E/BluetoothDevice(12855): BT not enabled. Cannot get remote device Uuids
06-28 21:02:16.592 E/BluetoothDevice(12855): BT not enabled. Cannot get remote device Uuids
06-28 21:02:17.350 E/BluetoothDevice(12855): BT not enabled. Cannot get remote device Uuids
06-28 21:02:17.350 E/BluetoothDevice(12855): BT not enabled. Cannot get remote device Uuids
06-28 21:02:18.032 E/MtpServer(16048): request read returned -1, errno: 5
06-28 21:02:18.112 E/BluetoothDevice(12855): BT not enabled. Cannot get remote device Uuids
06-28 21:02:18.112 E/BluetoothDevice(12855): BT not enabled. Cannot get remote device Uuids
06-28 21:02:18.879 E/BluetoothDevice(12855): BT not enabled. Cannot get remote device Uuids
06-28 21:02:18.879 E/BluetoothDevice(12855): BT not enabled. Cannot get remote device Uuids
06-28 21:02:18.933 E/MtpServer(16048): request read returned -1, errno: 5
06-28 21:02:19.000 E/BatteryExternalStatsWorker( 1588): no controller energy info supplied for bluetooth
06-28 21:02:19.004 E/ANDR-PERF-MPCTL(  771): poll() has timed out for /sys/module/msm_performance/events/cpu_hotplug
06-28 21:02:19.004 E/ANDR-PERF-MPCTL(  771): Block on poll()
06-28 21:02:19.025 E/msys    (18106): E[N WA]_WAJMNSStreamImplOnMNSFailure(287)=>[LogLevel:I] WAJMNSStream/impl/callback/onMNSFailure/p=0x7d390cd580 (error=MNSTCPSocketReceive(): Software caused connection abort)
06-28 21:02:19.025 E/msys    (18106): E[N WA]_WAJMNSStreamImplCreateConnectionReport(194)=>[LogLevel:I] WAJMNSStream/impl/report port=443, connectedIPVersion=6, resolvedIPAddressCount=2, dnsResolutionStartTimeMS=266396631, dnsResolutionEndTimeMS=266396632, dnsCacheHit=Yes, connectStartTimeMS=266396632, connectEndTimeMS=266396658, proxyConnectStartTimeMS=0, proxyConnectEndTimeMS=0
06-28 21:02:19.025 E/msys    (18106): E[N WA]_WAJMNSStreamImplUpdateStreamState(230)=>[LogLevel:I] WAJMNSStream/impl/state-changed/p=0x7d390cd580 (connected=>disconnected)
06-28 21:02:19.027 E/msys    (18106): E[N WA]WAJMNSStreamImplDisconnectSync(506)=>[LogLevel:W] WAJMNSStream/impl/disconnect/p=0x7d390cd580 (bytesSent=2288)(bytesRecv=1987)
06-28 21:02:19.056 E/msys    (16673): E[N mns:DGWClient]_OnResolverSuccess(335)=>Cache refresh succeeded with system DNS resolver. IP count: 2
06-28 21:02:19.063 E/msys    (16673): E[N mns:DGWClient]_OnResolverSuccess(335)=>Cache refresh succeeded with system DNS resolver. IP count: 2
06-28 21:02:19.791 E/BatteryExternalStatsWorker( 1588): no controller energy info supplied for bluetooth
06-28 21:02:19.827 E/msys    (18106): E[N WA]_WAJMNSStreamImplMNSTCPStreamCreate(361)=>[LogLevel:I] WAJMNSStream/impl/tcpStreamCreate/MNSStreamRaw/p=0x7c6e4fe480
06-28 21:02:19.827 E/msys    (18106): E[N WA]WAJMNSStreamImplCreate(421)=>[LogLevel:I] WAJMNSStream/impl/create/p=0x7c6e4fe480 (mnsConn=0x7cbbf05040)
06-28 21:02:19.827 E/msys    (18106): E[N WA]_WAJMNSStreamCreateMnsIpsFromIpAddressStrings(87)=>[LogLevel:I] no ip addresses provided, using DNS resolution
06-28 21:02:19.827 E/msys    (18106): E[N WA]WAJMNSStreamImplConnect(450)=>[LogLevel:I] WAJMNSStream/impl/connect/p=0x7c6e4fe480 (endpoint=g.whatsapp.net:5222)(ipAddressCount=0)
06-28 21:02:19.827 E/msys    (18106): E[N WA]_WAJMNSStreamImplUpdateStreamState(230)=>[LogLevel:I] WAJMNSStream/impl/state-changed/p=0x7c6e4fe480 (initial=>connecting)
06-28 21:02:19.836 E/msys    (18106): E[N mns]_OnResolverSuccess(335)=>Cache refresh succeeded with system DNS resolver. IP count: 2
06-28 21:02:19.855 E/msys    (18106): E[N WA]_WAJMNSStreamImplOnMNSReady(259)=>[LogLevel:I] WAJMNSStream/impl/callback/onMNSReady/p=0x7c6e4fe480
06-28 21:02:19.855 E/msys    (18106): E[N WA]_WAJMNSStreamImplCreateConnectionReport(194)=>[LogLevel:I] WAJMNSStream/impl/report port=5222, connectedIPVersion=6, resolvedIPAddressCount=2, dnsResolutionStartTimeMS=266400584, dnsResolutionEndTimeMS=266400584, dnsCacheHit=Yes, connectStartTimeMS=266400584, connectEndTimeMS=266400611, proxyConnectStartTimeMS=0, proxyConnectEndTimeMS=0
06-28 21:02:19.855 E/msys    (18106): E[N WA]_WAJMNSStreamImplUpdateStreamState(230)=>[LogLevel:I] WAJMNSStream/impl/state-changed/p=0x7c6e4fe480 (connecting=>connected)
06-28 21:02:19.858 E/OMXNodeInstance( 7307): setConfig(0xee2203e0:google.vorbis.decoder, ConfigPriority(0x6f800002)) ERROR: Undefined(0x80001001)
06-28 21:02:19.859 E/OMXNodeInstance( 7307): setConfig(0xee2203e0:google.vorbis.decoder, ConfigPriority(0x6f800002)) ERROR: Undefined(0x80001001)
06-28 21:02:19.859 E/OMXNodeInstance( 7307): getConfig(0xee2203e0:google.vorbis.decoder, ConfigAndroidVendorExtension(0x6f100004)) ERROR: Undefined(0x80001001)
06-28 21:02:19.882 E/AF::Track(  787): Track(9151): no more tracks available
06-28 21:02:19.961 E/SELinux (  575): avc:  denied  { find } for interface=vendor.qti.hardware.servicetracker::IServicetracker sid=u:r:system_server:s0 pid=1588 scontext=u:r:system_server:s0 tcontext=u:object_r:default_android_hwservice:s0 tclass=hwservice_manager permissive=0
06-28 21:02:19.996 E/AdbDebuggingManager( 1588): Caught an exception opening the socket: java.io.IOException: Connection refused
06-28 21:02:20.242 E/msys    (16673): E[N mns:DGWClient]_OnResolverSuccess(335)=>Cache refresh succeeded with system DNS resolver. IP count: 2
06-28 21:02:20.926 E/BluetoothDevice(12855): BT not enabled. Cannot get remote device Uuids
06-28 21:02:20.926 E/BluetoothDevice(12855): BT not enabled. Cannot get remote device Uuids
06-28 21:02:21.690 E/BluetoothDevice(12855): BT not enabled. Cannot get remote device Uuids
06-28 21:02:21.691 E/BluetoothDevice(12855): BT not enabled. Cannot get remote device Uuids
06-28 21:02:22.005 E/ANDR-PERF-MPCTL(  771): poll() has timed out for /sys/module/msm_performance/events/cpu_hotplug
06-28 21:02:22.005 E/ANDR-PERF-MPCTL(  771): Block on poll()
06-28 21:02:22.461 E/BluetoothDevice(12855): BT not enabled. Cannot get remote device Uuids
06-28 21:02:22.461 E/BluetoothDevice(12855): BT not enabled. Cannot get remote device Uuids
06-28 21:02:23.222 E/BluetoothDevice(12855): BT not enabled. Cannot get remote device Uuids
06-28 21:02:23.222 E/BluetoothDevice(12855): BT not enabled. Cannot get remote device Uuids
06-28 21:02:23.320 E/BatteryExternalStatsWorker( 1588): no controller energy info supplied for bluetooth
06-28 21:02:23.343 E/msys    (18106): E[N WA]_WAJMNSStreamImplOnMNSFailure(287)=>[LogLevel:I] WAJMNSStream/impl/callback/onMNSFailure/p=0x7c6e4fe480 (error=MNSTCPSocketReceive(): Software caused connection abort)
06-28 21:02:23.344 E/msys    (18106): E[N WA]_WAJMNSStreamImplCreateConnectionReport(194)=>[LogLevel:I] WAJMNSStream/impl/report port=5222, connectedIPVersion=6, resolvedIPAddressCount=2, dnsResolutionStartTimeMS=266400584, dnsResolutionEndTimeMS=266400584, dnsCacheHit=Yes, connectStartTimeMS=266400584, connectEndTimeMS=266400611, proxyConnectStartTimeMS=0, proxyConnectEndTimeMS=0
06-28 21:02:23.344 E/msys    (18106): E[N WA]_WAJMNSStreamImplUpdateStreamState(230)=>[LogLevel:I] WAJMNSStream/impl/state-changed/p=0x7c6e4fe480 (connected=>disconnected)
06-28 21:02:23.353 E/msys    (18106): E[N WA]WAJMNSStreamImplDisconnectSync(506)=>[LogLevel:W] WAJMNSStream/impl/disconnect/p=0x7c6e4fe480 (bytesSent=1562)(bytesRecv=1915)
06-28 21:02:23.754 E/AdbDebuggingManager( 1588): Caught an exception opening the socket: java.io.IOException: Connection refused
06-28 21:02:23.775 E/ANDR-PERF-JNI( 1588): UXEngine Trigger - Returning null
06-28 21:02:23.787 E/SELinux (  575): avc:  denied  { find } for interface=vendor.qti.hardware.servicetracker::IServicetracker sid=u:r:system_server:s0 pid=1588 scontext=u:r:system_server:s0 tcontext=u:object_r:default_android_hwservice:s0 tclass=hwservice_manager permissive=0
06-28 21:02:23.804 E/Parcel  ( 1037): Reading a NULL string not supported here.
06-28 21:02:23.917 E/msys    (16673): E[N mns:DGWClient]_OnResolverSuccess(335)=>Cache refresh succeeded with system DNS resolver. IP count: 2
06-28 21:02:23.919 E/msys    (16673): E[N mns:DGWClient]_OnResolverSuccess(335)=>Cache refresh succeeded with system DNS resolver. IP count: 2
06-28 21:02:23.968 E/BluetoothDevice(12855): BT not enabled. Cannot get remote device Uuids
06-28 21:02:23.969 E/BluetoothDevice(12855): BT not enabled. Cannot get remote device Uuids
06-28 21:02:24.097 E/BatteryExternalStatsWorker( 1588): no controller energy info supplied for bluetooth
06-28 21:02:24.163 E/msys    (18106): E[N WA]_WAJMNSStreamImplMNSTCPStreamCreate(361)=>[LogLevel:I] WAJMNSStream/impl/tcpStreamCreate/MNSStreamRaw/p=0x7d39129d80
06-28 21:02:24.163 E/msys    (18106): E[N WA]WAJMNSStreamImplCreate(421)=>[LogLevel:I] WAJMNSStream/impl/create/p=0x7d39129d80 (mnsConn=0x7cbbf05840)
06-28 21:02:24.163 E/msys    (18106): E[N WA]_WAJMNSStreamCreateMnsIpsFromIpAddressStrings(87)=>[LogLevel:I] no ip addresses provided, using DNS resolution
06-28 21:02:24.163 E/msys    (18106): E[N WA]WAJMNSStreamImplConnect(450)=>[LogLevel:I] WAJMNSStream/impl/connect/p=0x7d39129d80 (endpoint=g.whatsapp.net:5222)(ipAddressCount=0)
06-28 21:02:24.163 E/msys    (18106): E[N WA]_WAJMNSStreamImplUpdateStreamState(230)=>[LogLevel:I] WAJMNSStream/impl/state-changed/p=0x7d39129d80 (initial=>connecting)
06-28 21:02:24.173 E/msys    (18106): E[N mns]_OnResolverSuccess(335)=>Cache refresh succeeded with system DNS resolver. IP count: 2
06-28 21:02:24.192 E/msys    (18106): E[N WA]_WAJMNSStreamImplOnMNSReady(259)=>[LogLevel:I] WAJMNSStream/impl/callback/onMNSReady/p=0x7d39129d80
06-28 21:02:24.192 E/msys    (18106): E[N WA]_WAJMNSStreamImplCreateConnectionReport(194)=>[LogLevel:I] WAJMNSStream/impl/report port=5222, connectedIPVersion=6, resolvedIPAddressCount=2, dnsResolutionStartTimeMS=266404920, dnsResolutionEndTimeMS=266404920, dnsCacheHit=Yes, connectStartTimeMS=266404920, connectEndTimeMS=266404948, proxyConnectStartTimeMS=0, proxyConnectEndTimeMS=0
06-28 21:02:24.192 E/msys    (18106): E[N WA]_WAJMNSStreamImplUpdateStreamState(230)=>[LogLevel:I] WAJMNSStream/impl/state-changed/p=0x7d39129d80 (connecting=>connected)
06-28 21:02:24.196 E/OMXNodeInstance( 7307): setConfig(0xee2211c0:google.vorbis.decoder, ConfigPriority(0x6f800002)) ERROR: Undefined(0x80001001)
06-28 21:02:24.197 E/OMXNodeInstance( 7307): setConfig(0xee2211c0:google.vorbis.decoder, ConfigPriority(0x6f800002)) ERROR: Undefined(0x80001001)
06-28 21:02:24.198 E/OMXNodeInstance( 7307): getConfig(0xee2211c0:google.vorbis.decoder, ConfigAndroidVendorExtension(0x6f100004)) ERROR: Undefined(0x80001001)
06-28 21:02:24.217 E/SELinux (  575): avc:  denied  { find } for interface=vendor.qti.hardware.servicetracker::IServicetracker sid=u:r:system_server:s0 pid=1588 scontext=u:r:system_server:s0 tcontext=u:object_r:default_android_hwservice:s0 tclass=hwservice_manager permissive=0
06-28 21:02:24.220 E/SELinux (  575): avc:  denied  { find } for interface=vendor.qti.hardware.servicetracker::IServicetracker sid=u:r:system_server:s0 pid=1588 scontext=u:r:system_server:s0 tcontext=u:object_r:default_android_hwservice:s0 tclass=hwservice_manager permissive=0
06-28 21:02:24.248 E/AF::Track(  787): Track(9152): no more tracks available
06-28 21:02:24.260 E/SELinux (  575): avc:  denied  { find } for interface=vendor.qti.hardware.servicetracker::IServicetracker sid=u:r:system_server:s0 pid=1588 scontext=u:r:system_server:s0 tcontext=u:object_r:default_android_hwservice:s0 tclass=hwservice_manager permissive=0
06-28 21:02:24.262 E/SELinux (  575): avc:  denied  { find } for interface=vendor.qti.hardware.servicetracker::IServicetracker sid=u:r:system_server:s0 pid=1588 scontext=u:r:system_server:s0 tcontext=u:object_r:default_android_hwservice:s0 tclass=hwservice_manager permissive=0
06-28 21:02:24.409 E/SELinux (  575): avc:  denied  { find } for interface=vendor.qti.hardware.servicetracker::IServicetracker sid=u:r:system_server:s0 pid=1588 scontext=u:r:system_server:s0 tcontext=u:object_r:default_android_hwservice:s0 tclass=hwservice_manager permissive=0
06-28 21:02:24.734 E/BluetoothDevice(12855): BT not enabled. Cannot get remote device Uuids
06-28 21:02:24.735 E/BluetoothDevice(12855): BT not enabled. Cannot get remote device Uuids
06-28 21:02:25.008 E/ANDR-PERF-MPCTL(  771): poll() has timed out for /sys/module/msm_performance/events/cpu_hotplug
06-28 21:02:25.008 E/ANDR-PERF-MPCTL(  771): Block on poll()
06-28 21:02:25.174 E/msys    (16673): E[N mns:DGWClient]_OnResolverSuccess(335)=>Cache refresh succeeded with system DNS resolver. IP count: 2
06-28 21:02:25.495 E/BluetoothDevice(12855): BT not enabled. Cannot get remote device Uuids
06-28 21:02:25.495 E/BluetoothDevice(12855): BT not enabled. Cannot get remote device Uuids
06-28 21:02:26.006 E/ANDR-PERF-JNI( 1588): UXEngine Trigger - Returning null
06-28 21:02:26.028 E/AdbDebuggingManager( 1588): Caught an exception opening the socket: java.io.IOException: Connection refused
06-28 21:02:26.066 E/SELinux (  575): avc:  denied  { find } for interface=vendor.qti.hardware.servicetracker::IServicetracker sid=u:r:system_server:s0 pid=1588 scontext=u:r:system_server:s0 tcontext=u:object_r:default_android_hwservice:s0 tclass=hwservice_manager permissive=0
06-28 21:02:26.762 E/BluetoothDevice(12855): BT not enabled. Cannot get remote device Uuids
06-28 21:02:26.763 E/BluetoothDevice(12855): BT not enabled. Cannot get remote device Uuids
06-28 21:02:27.532 E/BluetoothDevice(12855): BT not enabled. Cannot get remote device Uuids
06-28 21:02:27.532 E/BluetoothDevice(12855): BT not enabled. Cannot get remote device Uuids
06-28 21:02:28.011 E/ANDR-PERF-MPCTL(  771): poll() has timed out for /sys/module/msm_performance/events/cpu_hotplug
06-28 21:02:28.011 E/ANDR-PERF-MPCTL(  771): Block on poll()
06-28 21:02:28.874 E/soundtrigger(  741): audio_extn_sound_trigger_update_stream_status: invalid input device 0x0, for event 2
06-28 21:02:28.875 E/TI-SmartPA(  741): can_enable_smartamp: device is not TAS
06-28 21:02:29.062 E/BluetoothDevice(12855): BT not enabled. Cannot get remote device Uuids
06-28 21:02:29.062 E/BluetoothDevice(12855): BT not enabled. Cannot get remote device Uuids
06-28 21:02:30.389 E/BatteryExternalStatsWorker( 1588): no controller energy info supplied for bluetooth
06-28 21:02:30.580 E/BluetoothDevice(12855): BT not enabled. Cannot get remote device Uuids
06-28 21:02:30.581 E/BluetoothDevice(12855): BT not enabled. Cannot get remote device Uuids
06-28 21:02:31.013 E/ANDR-PERF-MPCTL(  771): poll() has timed out for /sys/module/msm_performance/events/cpu_hotplug
06-28 21:02:31.013 E/ANDR-PERF-MPCTL(  771): Block on poll()
06-28 21:02:31.143 E/SELinux (  575): avc:  denied  { find } for interface=vendor.qti.hardware.servicetracker::IServicetracker sid=u:r:system_server:s0 pid=1588 scontext=u:r:system_server:s0 tcontext=u:object_r:default_android_hwservice:s0 tclass=hwservice_manager permissive=0
06-28 21:02:31.154 E/SELinux (  575): avc:  denied  { find } for interface=vendor.qti.hardware.servicetracker::IServicetracker sid=u:r:system_server:s0 pid=1588 scontext=u:r:system_server:s0 tcontext=u:object_r:default_android_hwservice:s0 tclass=hwservice_manager permissive=0
06-28 21:02:31.349 E/BluetoothDevice(12855): BT not enabled. Cannot get remote device Uuids
06-28 21:02:31.350 E/BluetoothDevice(12855): BT not enabled. Cannot get remote device Uuids
06-28 21:02:33.914 E/SELinux (  575): avc:  denied  { find } for interface=vendor.qti.hardware.servicetracker::IServicetracker sid=u:r:system_server:s0 pid=1588 scontext=u:r:system_server:s0 tcontext=u:object_r:default_android_hwservice:s0 tclass=hwservice_manager permissive=0
06-28 21:02:33.919 E/BatteryExternalStatsWorker( 1588): no controller energy info supplied for bluetooth
06-28 21:02:34.001 E/msys    (18106): E[N WA]_WAJMNSStreamImplOnMNSFailure(287)=>[LogLevel:I] WAJMNSStream/impl/callback/onMNSFailure/p=0x7d39129d80 (error=MNSTCPSocketReceive(): Software caused connection abort)
06-28 21:02:34.002 E/msys    (18106): E[N WA]_WAJMNSStreamImplCreateConnectionReport(194)=>[LogLevel:I] WAJMNSStream/impl/report port=5222, connectedIPVersion=6, resolvedIPAddressCount=2, dnsResolutionStartTimeMS=266404920, dnsResolutionEndTimeMS=266404920, dnsCacheHit=Yes, connectStartTimeMS=266404920, connectEndTimeMS=266404948, proxyConnectStartTimeMS=0, proxyConnectEndTimeMS=0
06-28 21:02:34.002 E/msys    (18106): E[N WA]_WAJMNSStreamImplUpdateStreamState(230)=>[LogLevel:I] WAJMNSStream/impl/state-changed/p=0x7d39129d80 (connected=>disconnected)
06-28 21:02:34.011 E/msys    (18106): E[N WA]WAJMNSStreamImplDisconnectSync(506)=>[LogLevel:W] WAJMNSStream/impl/disconnect/p=0x7d39129d80 (bytesSent=1609)(bytesRecv=2113)
06-28 21:02:34.015 E/ANDR-PERF-MPCTL(  771): poll() has timed out for /sys/module/msm_performance/events/cpu_hotplug
06-28 21:02:34.015 E/ANDR-PERF-MPCTL(  771): Block on poll()
06-28 21:02:34.040 E/msys    (18106): E[N WA]_WAJMNSStreamImplMNSTCPStreamCreate(361)=>[LogLevel:I] WAJMNSStream/impl/tcpStreamCreate/MNSStreamRaw/p=0x7d390cda80
06-28 21:02:34.040 E/msys    (18106): E[N WA]WAJMNSStreamImplCreate(421)=>[LogLevel:I] WAJMNSStream/impl/create/p=0x7d390cda80 (mnsConn=0x7cbbf05880)
06-28 21:02:34.040 E/msys    (18106): E[N WA]_WAJMNSStreamCreateMnsIpsFromIpAddressStrings(87)=>[LogLevel:I] no ip addresses provided, using DNS resolution
06-28 21:02:34.040 E/msys    (18106): E[N WA]WAJMNSStreamImplConnect(450)=>[LogLevel:I] WAJMNSStream/impl/connect/p=0x7d390cda80 (endpoint=g.whatsapp.net:443)(ipAddressCount=0)
06-28 21:02:34.040 E/msys    (18106): E[N WA]_WAJMNSStreamImplUpdateStreamState(230)=>[LogLevel:I] WAJMNSStream/impl/state-changed/p=0x7d390cda80 (initial=>connecting)
06-28 21:02:34.045 E/msys    (16673): E[N mns:DGWClient]_OnResolverSuccess(335)=>Cache refresh succeeded with system DNS resolver. IP count: 2
06-28 21:02:34.059 E/msys    (18106): E[N mns]_OnResolverSuccess(335)=>Cache refresh succeeded with system DNS resolver. IP count: 2
06-28 21:02:34.061 E/msys    (16673): E[N mns:DGWClient]_OnResolverSuccess(335)=>Cache refresh succeeded with system DNS resolver. IP count: 2
06-28 21:02:34.150 E/BluetoothDevice(12855): BT not enabled. Cannot get remote device Uuids
06-28 21:02:34.150 E/BluetoothDevice(12855): BT not enabled. Cannot get remote device Uuids
06-28 21:02:34.164 E/MtpServer(16048): request read returned -1, errno: 5
06-28 21:02:34.170 E/adbd    (20271): failed to send interruption signal to worker: No such process
06-28 21:02:34.178 E/android.hardware.usb@1.0-service(  761): uevent received SUBSYSTEM=dual_role_usb
06-28 21:02:35.180 E/SELinux (  575): avc:  denied  { find } for interface=vendor.qti.hardware.servicetracker::IServicetracker sid=u:r:system_server:s0 pid=1588 scontext=u:r:system_server:s0 tcontext=u:object_r:default_android_hwservice:s0 tclass=hwservice_manager permissive=0
06-28 21:02:35.215 E/AdbDebuggingManager( 1588): Caught an exception opening the socket: java.io.IOException: Connection refused
06-28 21:02:35.274 E/android.hardware.usb@1.0-service(  761): uevent received SUBSYSTEM=dual_role_usb
06-28 21:02:35.310 E/BatteryExternalStatsWorker( 1588): no controller energy info supplied for bluetooth
06-28 21:02:35.370 E/SELinux (  575): avc:  denied  { find } for interface=vendor.qti.hardware.servicetracker::IServicetracker sid=u:r:system_server:s0 pid=1588 scontext=u:r:system_server:s0 tcontext=u:object_r:default_android_hwservice:s0 tclass=hwservice_manager permissive=0
06-28 21:02:35.392 E/OMXNodeInstance( 7307): setConfig(0xee21fea0:google.vorbis.decoder, ConfigPriority(0x6f800002)) ERROR: Undefined(0x80001001)
06-28 21:02:35.392 E/OMXNodeInstance( 7307): setConfig(0xee21fea0:google.vorbis.decoder, ConfigPriority(0x6f800002)) ERROR: Undefined(0x80001001)
06-28 21:02:35.393 E/OMXNodeInstance( 7307): getConfig(0xee21fea0:google.vorbis.decoder, ConfigAndroidVendorExtension(0x6f100004)) ERROR: Undefined(0x80001001)
06-28 21:02:35.449 E/AF::Track(  787): Track(9153): no more tracks available
06-28 21:02:35.460 E/msm8974_platform(  741): platform_check_backends_match: Invalid snd_device = 
06-28 21:02:35.460 E/msm8974_platform(  741): platform_check_backends_match: Invalid snd_device = 
06-28 21:02:35.460 E/TI-SmartPA(  741): can_enable_smartamp: device is not TAS
06-28 21:02:35.461 E/soundtrigger(  741): audio_extn_sound_trigger_update_stream_status: invalid input device 0x0, for event 3
06-28 21:02:35.495 E/SELinux (  575): avc:  denied  { find } for interface=vendor.qti.hardware.servicetracker::IServicetracker sid=u:r:system_server:s0 pid=1588 scontext=u:r:system_server:s0 tcontext=u:object_r:default_android_hwservice:s0 tclass=hwservice_manager permissive=0
06-28 21:02:35.499 E/SELinux (  575): avc:  denied  { find } for interface=vendor.qti.hardware.servicetracker::IServicetracker sid=u:r:system_server:s0 pid=1588 scontext=u:r:system_server:s0 tcontext=u:object_r:default_android_hwservice:s0 tclass=hwservice_manager permissive=0
06-28 21:02:35.561 E/SELinux (  575): avc:  denied  { find } for interface=vendor.qti.hardware.servicetracker::IServicetracker sid=u:r:system_server:s0 pid=1588 scontext=u:r:system_server:s0 tcontext=u:object_r:default_android_hwservice:s0 tclass=hwservice_manager permissive=0
06-28 21:02:35.563 E/SELinux (  575): avc:  denied  { find } for interface=vendor.qti.hardware.servicetracker::IServicetracker sid=u:r:system_server:s0 pid=1588 scontext=u:r:system_server:s0 tcontext=u:object_r:default_android_hwservice:s0 tclass=hwservice_manager permissive=0
06-28 21:02:35.825 E/wpa_supplicant(22744): eap_proxy: eap_proxy_notify_config
06-28 21:02:35.825 E/wpa_supplicant(22744): eap_proxy: eap_proxy_allowed_method
06-28 21:02:36.440 E/BluetoothDevice(12855): BT not enabled. Cannot get remote device Uuids
06-28 21:02:36.440 E/BluetoothDevice(12855): BT not enabled. Cannot get remote device Uuids
06-28 21:02:36.460 E/android.hardware.usb@1.0-service(  761): uevent received SUBSYSTEM=dual_role_usb
06-28 21:02:36.947 E/BluetoothDevice(12855): BT not enabled. Cannot get remote device Uuids
06-28 21:02:36.947 E/BluetoothDevice(12855): BT not enabled. Cannot get remote device Uuids
06-28 21:02:37.018 E/ANDR-PERF-MPCTL(  771): poll() has timed out for /sys/module/msm_performance/events/cpu_hotplug
06-28 21:02:37.018 E/ANDR-PERF-MPCTL(  771): Block on poll()
06-28 21:02:37.647 E/android.hardware.usb@1.0-service(  761): uevent received SUBSYSTEM=dual_role_usb
06-28 21:02:37.720 E/BluetoothDevice(12855): BT not enabled. Cannot get remote device Uuids
06-28 21:02:37.720 E/BluetoothDevice(12855): BT not enabled. Cannot get remote device Uuids
06-28 21:02:38.172 E/SELinux (  575): avc:  denied  { find } for interface=vendor.qti.hardware.servicetracker::IServicetracker sid=u:r:system_server:s0 pid=1588 scontext=u:r:system_server:s0 tcontext=u:object_r:default_android_hwservice:s0 tclass=hwservice_manager permissive=0
06-28 21:02:38.174 E/SELinux (  575): avc:  denied  { find } for interface=vendor.qti.hardware.servicetracker::IServicetracker sid=u:r:system_server:s0 pid=1588 scontext=u:r:system_server:s0 tcontext=u:object_r:default_android_hwservice:s0 tclass=hwservice_manager permissive=0
06-28 21:02:38.219 E/SELinux (  575): avc:  denied  { find } for interface=vendor.qti.hardware.servicetracker::IServicetracker sid=u:r:system_server:s0 pid=1588 scontext=u:r:system_server:s0 tcontext=u:object_r:default_android_hwservice:s0 tclass=hwservice_manager permissive=0
06-28 21:02:38.220 E/SELinux (  575): avc:  denied  { find } for interface=vendor.qti.hardware.servicetracker::IServicetracker sid=u:r:system_server:s0 pid=1588 scontext=u:r:system_server:s0 tcontext=u:object_r:default_android_hwservice:s0 tclass=hwservice_manager permissive=0
06-28 21:02:38.447 E/AdbDebuggingManager( 1588): Caught an exception opening the socket: java.io.IOException: Connection refused
06-28 21:02:38.478 E/ANDR-PERF-JNI( 1588): UXEngine Trigger - Returning null
06-28 21:02:38.492 E/BluetoothDevice(12855): BT not enabled. Cannot get remote device Uuids
06-28 21:02:38.495 E/BluetoothDevice(12855): BT not enabled. Cannot get remote device Uuids
06-28 21:02:38.506 E/SELinux (  575): avc:  denied  { find } for interface=vendor.qti.hardware.servicetracker::IServicetracker sid=u:r:system_server:s0 pid=1588 scontext=u:r:system_server:s0 tcontext=u:object_r:default_android_hwservice:s0 tclass=hwservice_manager permissive=0
06-28 21:02:38.523 E/Parcel  ( 1037): Reading a NULL string not supported here.
06-28 21:02:38.833 E/android.hardware.usb@1.0-service(  761): uevent received SUBSYSTEM=dual_role_usb
06-28 21:02:38.952 E/msys    (16673): E[N mns:DGWClient]_OnResolverSuccess(335)=>Cache refresh succeeded with system DNS resolver. IP count: 2
06-28 21:02:39.248 E/BluetoothDevice(12855): BT not enabled. Cannot get remote device Uuids
06-28 21:02:39.248 E/BluetoothDevice(12855): BT not enabled. Cannot get remote device Uuids
06-28 21:02:39.996 E/BluetoothDevice(12855): BT not enabled. Cannot get remote device Uuids
06-28 21:02:39.996 E/BluetoothDevice(12855): BT not enabled. Cannot get remote device Uuids
06-28 21:02:40.021 E/ANDR-PERF-MPCTL(  771): poll() has timed out for /sys/module/msm_performance/events/cpu_hotplug
06-28 21:02:40.021 E/ANDR-PERF-MPCTL(  771): Block on poll()
06-28 21:02:40.099 E/wpa_supplicant(22744): nl80211: Failed to open /proc/sys/net/ipv4/conf/wlan0/drop_unicast_in_l2_multicast: No such file or directory
06-28 21:02:40.099 E/wpa_supplicant(22744): nl80211: Failed to set IPv4 unicast in multicast filter
06-28 21:02:40.099 E/wpa_supplicant(22744): eap_proxy: eap_proxy_notify_config
06-28 21:02:40.113 E/WifiVendorHal( 1588): stopRssiMonitoring(l.2042) failed {.code = ERROR_NOT_AVAILABLE, .description = }
06-28 21:02:40.154 E/msys    (18106): E[N WA]_WAJMNSStreamImplOnMNSFailure(287)=>[LogLevel:I] WAJMNSStream/impl/callback/onMNSFailure/p=0x7d390cda80 (error=SO_ERROR: Software caused connection abort)
06-28 21:02:40.154 E/msys    (18106): E[N WA]_WAJMNSStreamImplCreateConnectionReport(194)=>[LogLevel:I] WAJMNSStream/impl/report port=443, connectedIPVersion=0, resolvedIPAddressCount=2, dnsResolutionStartTimeMS=266414797, dnsResolutionEndTimeMS=266414797, dnsCacheHit=Yes, connectStartTimeMS=266414797, connectEndTimeMS=266420911, proxyConnectStartTimeMS=0, proxyConnectEndTimeMS=0
06-28 21:02:40.154 E/msys    (18106): E[N WA]_WAJMNSStreamImplUpdateStreamState(230)=>[LogLevel:I] WAJMNSStream/impl/state-changed/p=0x7d390cda80 (connecting=>disconnected)
06-28 21:02:40.168 E/soundtrigger(  741): audio_extn_sound_trigger_update_stream_status: invalid input device 0x0, for event 2
06-28 21:02:40.168 E/TI-SmartPA(  741): can_enable_smartamp: device is not TAS
06-28 21:02:40.174 E/FirebaseMessaging(19781): Failed to get FIS auth token
06-28 21:02:40.174 E/FirebaseMessaging(19781): java.util.concurrent.ExecutionException: com.google.firebase.installations.FirebaseInstallationsException: Firebase Installations Service is unavailable. Please try again later.
06-28 21:02:40.174 E/FirebaseMessaging(19781): 	at com.google.android.gms.tasks.Tasks.zza(com.google.android.gms:play-services-tasks@@18.1.0:5)
06-28 21:02:40.174 E/FirebaseMessaging(19781): 	at com.google.android.gms.tasks.Tasks.await(com.google.android.gms:play-services-tasks@@18.1.0:9)
06-28 21:02:40.174 E/FirebaseMessaging(19781): 	at com.google.firebase.messaging.GmsRpc.setDefaultAttributesToBundle(GmsRpc.java:280)
06-28 21:02:40.174 E/FirebaseMessaging(19781): 	at com.google.firebase.messaging.GmsRpc.startRpc(GmsRpc.java:242)
06-28 21:02:40.174 E/FirebaseMessaging(19781): 	at com.google.firebase.messaging.GmsRpc.getToken(GmsRpc.java:192)
06-28 21:02:40.174 E/FirebaseMessaging(19781): 	at com.google.firebase.messaging.FirebaseMessaging.lambda$blockingGetToken$14$com-google-firebase-messaging-FirebaseMessaging(FirebaseMessaging.java:650)
06-28 21:02:40.174 E/FirebaseMessaging(19781): 	at com.google.firebase.messaging.FirebaseMessaging$$ExternalSyntheticLambda14.start(D8$$SyntheticClass:0)
06-28 21:02:40.174 E/FirebaseMessaging(19781): 	at com.google.firebase.messaging.RequestDeduplicator.getOrStartGetTokenRequest(RequestDeduplicator.java:67)
06-28 21:02:40.174 E/FirebaseMessaging(19781): 	at com.google.firebase.messaging.FirebaseMessaging.blockingGetToken(FirebaseMessaging.java:646)
06-28 21:02:40.174 E/FirebaseMessaging(19781): 	at com.google.firebase.messaging.SyncTask.maybeRefreshToken(SyncTask.java:123)
06-28 21:02:40.174 E/FirebaseMessaging(19781): 	at com.google.firebase.messaging.SyncTask.run(SyncTask.java:93)
06-28 21:02:40.174 E/FirebaseMessaging(19781): 	at java.util.concurrent.Executors$RunnableAdapter.call(Executors.java:462)
06-28 21:02:40.174 E/FirebaseMessaging(19781): 	at java.util.concurrent.FutureTask.run(FutureTask.java:266)
06-28 21:02:40.174 E/FirebaseMessaging(19781): 	at java.util.concurrent.ScheduledThreadPoolExecutor$ScheduledFutureTask.run(ScheduledThreadPoolExecutor.java:301)
06-28 21:02:40.174 E/FirebaseMessaging(19781): 	at java.util.concurrent.ThreadPoolExecutor.runWorker(ThreadPoolExecutor.java:1167)
06-28 21:02:40.174 E/FirebaseMessaging(19781): 	at java.util.concurrent.ThreadPoolExecutor$Worker.run(ThreadPoolExecutor.java:641)
06-28 21:02:40.174 E/FirebaseMessaging(19781): 	at com.google.android.gms.common.util.concurrent.zza.run(com.google.android.gms:play-services-basement@@18.5.0:2)
06-28 21:02:40.174 E/FirebaseMessaging(19781): 	at java.lang.Thread.run(Thread.java:919)
06-28 21:02:40.174 E/FirebaseMessaging(19781): Caused by: com.google.firebase.installations.FirebaseInstallationsException: Firebase Installations Service is unavailable. Please try again later.
06-28 21:02:40.174 E/FirebaseMessaging(19781): 	at com.google.firebase.installations.remote.FirebaseInstallationServiceClient.createFirebaseInstallation(FirebaseInstallationServiceClient.java:209)
06-28 21:02:40.174 E/FirebaseMessaging(19781): 	at com.google.firebase.installations.FirebaseInstallations.registerFidWithServer(FirebaseInstallations.java:533)
06-28 21:02:40.174 E/FirebaseMessaging(19781): 	at com.google.firebase.installations.FirebaseInstallations.doNetworkCallIfNecessary(FirebaseInstallations.java:387)
06-28 21:02:40.174 E/FirebaseMessaging(19781): 	at com.google.firebase.installations.FirebaseInstallations.lambda$doRegistrationOrRefresh$3$com-google-firebase-installations-FirebaseInstallations(FirebaseInstallations.java:372)
06-28 21:02:40.174 E/FirebaseMessaging(19781): 	at com.google.firebase.installations.FirebaseInstallations$$ExternalSyntheticLambda1.run(D8$$SyntheticClass:0)
06-28 21:02:40.174 E/FirebaseMessaging(19781): 	at com.google.firebase.concurrent.SequentialExecutor$1.run(SequentialExecutor.java:117)
06-28 21:02:40.174 E/FirebaseMessaging(19781): 	at com.google.firebase.concurrent.SequentialExecutor$QueueWorker.workOnQueue(SequentialExecutor.java:229)
06-28 21:02:40.174 E/FirebaseMessaging(19781): 	at com.google.firebase.concurrent.SequentialExecutor$QueueWorker.run(SequentialExecutor.java:174)
06-28 21:02:40.174 E/FirebaseMessaging(19781): 	at java.util.concurrent.ThreadPoolExecutor.runWorker(ThreadPoolExecutor.java:1167)
06-28 21:02:40.174 E/FirebaseMessaging(19781): 	at java.util.concurrent.ThreadPoolExecutor$Worker.run(ThreadPoolExecutor.java:641)
06-28 21:02:40.174 E/FirebaseMessaging(19781): 	at com.google.firebase.concurrent.CustomThreadFactory.lambda$newThread$0$com-google-firebase-concurrent-CustomThreadFactory(CustomThreadFactory.java:47)
06-28 21:02:40.174 E/FirebaseMessaging(19781): 	at com.google.firebase.concurrent.CustomThreadFactory$$ExternalSyntheticLambda0.run(D8$$SyntheticClass:0)
06-28 21:02:40.174 E/FirebaseMessaging(19781): 	... 1 more
06-28 21:02:40.189 E/SELinux (  575): avc:  denied  { find } for interface=vendor.qti.hardware.servicetracker::IServicetracker sid=u:r:system_server:s0 pid=1588 scontext=u:r:system_server:s0 tcontext=u:object_r:default_android_hwservice:s0 tclass=hwservice_manager permissive=0
06-28 21:02:40.193 E/SELinux (  575): avc:  denied  { find } for interface=vendor.qti.hardware.servicetracker::IServicetracker sid=u:r:system_server:s0 pid=1588 scontext=u:r:system_server:s0 tcontext=u:object_r:default_android_hwservice:s0 tclass=hwservice_manager permissive=0
06-28 21:02:40.213 E/Nat464Xlat( 1588): getConfig: For config := persist.vendor.net.doxlat returned value := true
06-28 21:02:40.243 E/msys    (18106): E[N WA]_WAJMNSStreamImplMNSTCPStreamCreate(361)=>[LogLevel:I] WAJMNSStream/impl/tcpStreamCreate/MNSStreamRaw/p=0x7d390cdc00
06-28 21:02:40.243 E/msys    (18106): E[N WA]WAJMNSStreamImplCreate(421)=>[LogLevel:I] WAJMNSStream/impl/create/p=0x7d390cdc00 (mnsConn=0x7cbbf05e80)
06-28 21:02:40.243 E/msys    (18106): E[N WA]_WAJMNSStreamCreateMnsIpsFromIpAddressStrings(87)=>[LogLevel:I] no ip addresses provided, using DNS resolution
06-28 21:02:40.243 E/msys    (18106): E[N WA]WAJMNSStreamImplConnect(450)=>[LogLevel:I] WAJMNSStream/impl/connect/p=0x7d390cdc00 (endpoint=g.whatsapp.net:80)(ipAddressCount=0)
06-28 21:02:40.243 E/msys    (18106): E[N WA]_WAJMNSStreamImplUpdateStreamState(230)=>[LogLevel:I] WAJMNSStream/impl/state-changed/p=0x7d390cdc00 (initial=>connecting)
06-28 21:02:40.244 E/NotificationCenter( 6233): NotificationCenter.registerListenerInternal():378 Listener nph@e208f82 is already registered for notification class nov
06-28 21:02:40.255 E/msys    (18106): E[N WA]_WAJMNSStreamImplOnMNSFailure(287)=>[LogLevel:I] WAJMNSStream/impl/callback/onMNSFailure/p=0x7d390cdc00 (error=connect(): Network is unreachable)
06-28 21:02:40.255 E/msys    (18106): E[N WA]_WAJMNSStreamImplCreateConnectionReport(194)=>[LogLevel:I] WAJMNSStream/impl/report port=80, connectedIPVersion=0, resolvedIPAddressCount=2, dnsResolutionStartTimeMS=266421000, dnsResolutionEndTimeMS=266421001, dnsCacheHit=Yes, connectStartTimeMS=266421001, connectEndTimeMS=266421012, proxyConnectStartTimeMS=0, proxyConnectEndTimeMS=0
06-28 21:02:40.255 E/msys    (18106): E[N WA]_WAJMNSStreamImplUpdateStreamState(230)=>[LogLevel:I] WAJMNSStream/impl/state-changed/p=0x7d390cdc00 (connecting=>disconnected)
06-28 21:02:40.268 E/msys    (18106): E[N WA]_WAJMNSStreamImplMNSTCPStreamCreate(361)=>[LogLevel:I] WAJMNSStream/impl/tcpStreamCreate/MNSStreamRaw/p=0x7d390cdc80
06-28 21:02:40.269 E/msys    (18106): E[N WA]WAJMNSStreamImplCreate(421)=>[LogLevel:I] WAJMNSStream/impl/create/p=0x7d390cdc80 (mnsConn=0x7cbbf1c540)
06-28 21:02:40.269 E/msys    (18106): E[N WA]_WAJMNSStreamCreateMnsIpsFromIpAddressStrings(87)=>[LogLevel:I] no ip addresses provided, using DNS resolution
06-28 21:02:40.269 E/msys    (18106): E[N WA]WAJMNSStreamImplConnect(450)=>[LogLevel:I] WAJMNSStream/impl/connect/p=0x7d390cdc80 (endpoint=g-fallback.whatsapp.net:443)(ipAddressCount=0)
06-28 21:02:40.269 E/msys    (18106): E[N WA]_WAJMNSStreamImplUpdateStreamState(230)=>[LogLevel:I] WAJMNSStream/impl/state-changed/p=0x7d390cdc80 (initial=>connecting)
06-28 21:02:40.279 E/msys    (18106): E[N WA]_WAJMNSStreamImplOnMNSFailure(287)=>[LogLevel:I] WAJMNSStream/impl/callback/onMNSFailure/p=0x7d390cdc80 (error=connect(): Network is unreachable)
06-28 21:02:40.279 E/msys    (18106): E[N WA]_WAJMNSStreamImplCreateConnectionReport(194)=>[LogLevel:I] WAJMNSStream/impl/report port=443, connectedIPVersion=0, resolvedIPAddressCount=2, dnsResolutionStartTimeMS=266421026, dnsResolutionEndTimeMS=266421026, dnsCacheHit=Yes, connectStartTimeMS=266421026, connectEndTimeMS=266421035, proxyConnectStartTimeMS=0, proxyConnectEndTimeMS=0
06-28 21:02:40.279 E/msys    (18106): E[N WA]_WAJMNSStreamImplUpdateStreamState(230)=>[LogLevel:I] WAJMNSStream/impl/state-changed/p=0x7d390cdc80 (connecting=>disconnected)
06-28 21:02:40.286 E/msys    (18106): E[N WA]_WAJMNSStreamImplMNSTCPStreamCreate(361)=>[LogLevel:I] WAJMNSStream/impl/tcpStreamCreate/MNSStreamRaw/p=0x7d390cdd00
06-28 21:02:40.286 E/msys    (18106): E[N WA]WAJMNSStreamImplCreate(421)=>[LogLevel:I] WAJMNSStream/impl/create/p=0x7d390cdd00 (mnsConn=0x7cbbf430c0)
06-28 21:02:40.286 E/msys    (18106): E[N WA]_WAJMNSStreamCreateMnsIpsFromIpAddressStrings(87)=>[LogLevel:I] no ip addresses provided, using DNS resolution
06-28 21:02:40.286 E/msys    (18106): E[N WA]WAJMNSStreamImplConnect(450)=>[LogLevel:I] WAJMNSStream/impl/connect/p=0x7d390cdd00 (endpoint=g-fallback.whatsapp.net:80)(ipAddressCount=0)
06-28 21:02:40.286 E/msys    (18106): E[N WA]_WAJMNSStreamImplUpdateStreamState(230)=>[LogLevel:I] WAJMNSStream/impl/state-changed/p=0x7d390cdd00 (initial=>connecting)
06-28 21:02:40.286 E/msys    (18106): E[N mns]_LogError(304)=>Failed to resolve using system DNS resolver, getaddrinfo(): No address associated with hostname
06-28 21:02:40.287 E/msys    (18106): E[N mns]_TryFallbackToSecondary(819)=>Falling back to secondary DNS resolver
06-28 21:02:40.306 E/SELinux (  575): avc:  denied  { find } for interface=vendor.qti.hardware.servicetracker::IServicetracker sid=u:r:system_server:s0 pid=1588 scontext=u:r:system_server:s0 tcontext=u:object_r:default_android_hwservice:s0 tclass=hwservice_manager permissive=0
06-28 21:02:40.312 E/SELinux (  575): avc:  denied  { find } for interface=vendor.qti.hardware.servicetracker::IServicetracker sid=u:r:system_server:s0 pid=1588 scontext=u:r:system_server:s0 tcontext=u:object_r:default_android_hwservice:s0 tclass=hwservice_manager permissive=0
06-28 21:02:40.321 E/SELinux (  575): avc:  denied  { find } for interface=vendor.qti.hardware.servicetracker::IServicetracker sid=u:r:system_server:s0 pid=1588 scontext=u:r:system_server:s0 tcontext=u:object_r:default_android_hwservice:s0 tclass=hwservice_manager permissive=0
06-28 21:02:40.327 E/FirebaseMessaging(19781): Topic sync or token retrieval failed on hard failure exceptions: java.util.concurrent.ExecutionException: java.io.IOException: SERVICE_NOT_AVAILABLE. Won't retry the operation.
06-28 21:02:40.327 E/FirebaseMessaging(19781): Failed to sync topics. Won't retry sync. java.util.concurrent.ExecutionException: java.io.IOException: SERVICE_NOT_AVAILABLE
06-28 21:02:40.351 E/msys    (18106): E[N mns]_LogError(304)=>Failed to resolve using system DNS resolver, getaddrinfo(): No address associated with hostname
06-28 21:02:40.352 E/msys    (18106): E[N mns]_TryFallbackToSecondary(819)=>Falling back to secondary DNS resolver
06-28 21:02:40.426 E/LocationAccessPolicy( 2903): Allowing com.evenwell.pushagent fine because it doesn't target API 29 yet. Please fix this app. Called from getAllCellInfo
06-28 21:02:40.433 E/SELinux (  575): avc:  denied  { find } for interface=vendor.qti.hardware.servicetracker::IServicetracker sid=u:r:system_server:s0 pid=1588 scontext=u:r:system_server:s0 tcontext=u:object_r:default_android_hwservice:s0 tclass=hwservice_manager permissive=0
06-28 21:02:40.436 E/SELinux (  575): avc:  denied  { find } for interface=vendor.qti.hardware.servicetracker::IServicetracker sid=u:r:system_server:s0 pid=1588 scontext=u:r:system_server:s0 tcontext=u:object_r:default_android_hwservice:s0 tclass=hwservice_manager permissive=0
06-28 21:02:40.485 E/SELinux (  575): avc:  denied  { find } for interface=vendor.qti.hardware.servicetracker::IServicetracker sid=u:r:system_server:s0 pid=1588 scontext=u:r:system_server:s0 tcontext=u:object_r:default_android_hwservice:s0 tclass=hwservice_manager permissive=0
06-28 21:02:40.490 E/SELinux (  575): avc:  denied  { find } for interface=vendor.qti.hardware.servicetracker::IServicetracker sid=u:r:system_server:s0 pid=1588 scontext=u:r:system_server:s0 tcontext=u:object_r:default_android_hwservice:s0 tclass=hwservice_manager permissive=0
06-28 21:02:40.557 E/msys    (18106): E[N WA]_WAJMNSStreamImplOnMNSReady(259)=>[LogLevel:I] WAJMNSStream/impl/callback/onMNSReady/p=0x7d390cdd00
06-28 21:02:40.557 E/msys    (18106): E[N WA]_WAJMNSStreamImplCreateConnectionReport(194)=>[LogLevel:I] WAJMNSStream/impl/report port=80, connectedIPVersion=6, resolvedIPAddressCount=2, dnsResolutionStartTimeMS=266421043, dnsResolutionEndTimeMS=266421102, dnsCacheHit=Yes, connectStartTimeMS=266421102, connectEndTimeMS=266421314, proxyConnectStartTimeMS=0, proxyConnectEndTimeMS=0
06-28 21:02:40.557 E/msys    (18106): E[N WA]_WAJMNSStreamImplUpdateStreamState(230)=>[LogLevel:I] WAJMNSStream/impl/state-changed/p=0x7d390cdd00 (connecting=>connected)
06-28 21:02:40.558 E/msys    (18106): E[N mns]_OnResolverSuccess(335)=>Cache refresh succeeded with secondary DNS resolver. IP count: 2
06-28 21:02:40.559 E/msys    (18106): E[N mns]_OnResolverSuccess(335)=>Cache refresh succeeded with secondary DNS resolver. IP count: 1
06-28 21:02:40.601 E/SELinux (  575): avc:  denied  { find } for interface=vendor.qti.hardware.servicetracker::IServicetracker sid=u:r:system_server:s0 pid=1588 scontext=u:r:system_server:s0 tcontext=u:object_r:default_android_hwservice:s0 tclass=hwservice_manager permissive=0
06-28 21:02:40.604 E/SELinux (  575): avc:  denied  { find } for interface=vendor.qti.hardware.servicetracker::IServicetracker sid=u:r:system_server:s0 pid=1588 scontext=u:r:system_server:s0 tcontext=u:object_r:default_android_hwservice:s0 tclass=hwservice_manager permissive=0
06-28 21:02:40.610 E/msys    (18106): E[N mns]_OnResolverSuccess(335)=>Cache refresh succeeded with system DNS resolver. IP count: 2
06-28 21:02:40.761 E/BluetoothDevice(12855): BT not enabled. Cannot get remote device Uuids
06-28 21:02:40.761 E/BluetoothDevice(12855): BT not enabled. Cannot get remote device Uuids
06-28 21:02:40.868 E/SELinux (  575): avc:  denied  { find } for interface=vendor.qti.hardware.servicetracker::IServicetracker sid=u:r:system_server:s0 pid=1588 scontext=u:r:system_server:s0 tcontext=u:object_r:default_android_hwservice:s0 tclass=hwservice_manager permissive=0
06-28 21:02:40.870 E/SELinux (  575): avc:  denied  { find } for interface=vendor.qti.hardware.servicetracker::IServicetracker sid=u:r:system_server:s0 pid=1588 scontext=u:r:system_server:s0 tcontext=u:object_r:default_android_hwservice:s0 tclass=hwservice_manager permissive=0
06-28 21:02:40.884 E/SELinux (  575): avc:  denied  { find } for interface=vendor.qti.hardware.servicetracker::IServicetracker sid=u:r:system_server:s0 pid=1588 scontext=u:r:system_server:s0 tcontext=u:object_r:default_android_hwservice:s0 tclass=hwservice_manager permissive=0
06-28 21:02:40.885 E/SELinux (  575): avc:  denied  { find } for interface=vendor.qti.hardware.servicetracker::IServicetracker sid=u:r:system_server:s0 pid=1588 scontext=u:r:system_server:s0 tcontext=u:object_r:default_android_hwservice:s0 tclass=hwservice_manager permissive=0
06-28 21:02:41.358 E/SELinux (  575): avc:  denied  { find } for interface=vendor.qti.hardware.servicetracker::IServicetracker sid=u:r:system_server:s0 pid=1588 scontext=u:r:system_server:s0 tcontext=u:object_r:default_android_hwservice:s0 tclass=hwservice_manager permissive=0
06-28 21:02:41.524 E/BluetoothDevice(12855): BT not enabled. Cannot get remote device Uuids
06-28 21:02:41.525 E/BluetoothDevice(12855): BT not enabled. Cannot get remote device Uuids
06-28 21:02:42.384 E/SELinux (  575): avc:  denied  { find } for interface=vendor.qti.hardware.servicetracker::IServicetracker sid=u:r:system_server:s0 pid=1588 scontext=u:r:system_server:s0 tcontext=u:object_r:default_android_hwservice:s0 tclass=hwservice_manager permissive=0
06-28 21:02:42.456 E/SELinux (  575): avc:  denied  { find } for interface=vendor.qti.hardware.servicetracker::IServicetracker sid=u:r:system_server:s0 pid=1588 scontext=u:r:system_server:s0 tcontext=u:object_r:default_android_hwservice:s0 tclass=hwservice_manager permissive=0
06-28 21:02:43.023 E/ANDR-PERF-MPCTL(  771): poll() has timed out for /sys/module/msm_performance/events/cpu_hotplug
06-28 21:02:43.023 E/ANDR-PERF-MPCTL(  771): Block on poll()
06-28 21:02:43.062 E/wpa_supplicant(22744): eap_proxy: eap_proxy_notify_config
06-28 21:02:43.064 E/wpa_supplicant(22744): eap_proxy: eap_proxy_notify_config
06-28 21:02:43.064 E/wpa_supplicant(22744): eap_proxy: eap_proxy_allowed_method
06-28 21:02:43.093 E/WifiHAL (  763): Received fatal event, sending alert
06-28 21:02:43.254 E/cnss-daemon( 1078): Invalid mac address
06-28 21:02:43.254 E/cnss-daemon( 1078): failed to update gateway
06-28 21:02:43.298 E/Netd    (  708): no such netId 578
06-28 21:02:43.300 E/Nat464Xlat( 1588): getConfig: For config := persist.vendor.net.doxlat returned value := true
06-28 21:02:43.534 E/Netd    (  708): no such netId 578
06-28 21:02:43.535 E/ConnectivityService( 1588): Exception in addRoute for non-gateway: java.lang.IllegalStateException: android.os.ServiceSpecificException: Machine is not on the network (code 64)
06-28 21:02:43.535 E/Netd    (  708): no such netId 578
06-28 21:02:43.536 E/ConnectivityService( 1588): Exception in addRoute for gateway: java.lang.IllegalStateException: android.os.ServiceSpecificException: Machine is not on the network (code 64)
06-28 21:02:43.537 E/Nat464Xlat( 1588): getConfig: For config := persist.vendor.net.doxlat returned value := true
06-28 21:02:43.571 E/DnsManager( 1588): Error setting DNS configuration: android.os.ServiceSpecificException: Machine is not on the network (code 64)
06-28 21:02:43.572 E/Nat464Xlat( 1588): getConfig: For config := persist.vendor.net.doxlat returned value := true
06-28 21:02:43.589 E/BluetoothDevice(12855): BT not enabled. Cannot get remote device Uuids
06-28 21:02:43.593 E/BluetoothDevice(12855): BT not enabled. Cannot get remote device Uuids
06-28 21:02:43.644 E/Nat464Xlat( 1588): getConfig: For config := persist.vendor.net.doxlat returned value := true
06-28 21:02:43.676 E/WifiVendorHal( 1588): stopRssiMonitoring(l.2042) failed {.code = ERROR_NOT_AVAILABLE, .description = }
06-28 21:02:43.684 E/[CAIVS] CAIVSReceiver( 7622):  CAIVS NOT BOOT COMPLETE
06-28 21:02:43.684 E/[CAIVS] CAIVSReceiver( 7622): CAIVS CONNECTIVITY IS TOO FAST RETURN:3448163
06-28 21:02:43.766 E/libc    ( 1588): Access denied finding property "persist.vendor.dpm.feature"
06-28 21:02:43.766 E/libc    ( 1588): Access denied finding property "persist.vendor.dpm.loglevel"
06-28 21:02:43.766 E/libc    ( 1588): Access denied finding property "persist.vendor.dpm.tcm"
06-28 21:02:43.768 E/ResolverController(  708): No valid NAT64 prefix (578, <unspecified>/0)
06-28 21:02:43.776 E/ResolverController(  708): No valid NAT64 prefix (578, <unspecified>/0)
06-28 21:02:43.912 E/NetlinkEvent(  708): NetlinkEvent::FindParam(): Parameter 'INTERFACE' not found
06-28 21:02:43.912 E/NetlinkEvent(  708): NetlinkEvent::FindParam(): Parameter 'STATE' not found
06-28 21:02:43.912 E/NetlinkEvent(  708): NetlinkEvent::FindParam(): Parameter 'TIME_NS' not found
06-28 21:02:43.912 E/NetlinkEvent(  708): NetlinkEvent::FindParam(): Parameter 'UID' not found
06-28 21:02:43.967 E/msys    (18106): E[N WA]WAJMNSStreamImplDisconnectSync(506)=>[LogLevel:W] WAJMNSStream/impl/disconnect/p=0x7d390cdd00 (bytesSent=1844)(bytesRecv=2127)
06-28 21:02:43.967 E/msys    (18106): E[N WA]_WAJMNSStreamImplUpdateStreamState(230)=>[LogLevel:I] WAJMNSStream/impl/state-changed/p=0x7d390cdd00 (connected=>disconnected)
06-28 21:02:43.989 E/LocationAccessPolicy( 2903): Allowing com.evenwell.pushagent fine because it doesn't target API 29 yet. Please fix this app. Called from getAllCellInfo
06-28 21:02:44.006 E/ResolverController(  708): No valid NAT64 prefix (578, <unspecified>/0)
06-28 21:02:44.015 E/msys    (18106): E[N WA]_WAJMNSStreamImplMNSTCPStreamCreate(361)=>[LogLevel:I] WAJMNSStream/impl/tcpStreamCreate/MNSStreamRaw/p=0x7d3903d400
06-28 21:02:44.015 E/msys    (18106): E[N WA]WAJMNSStreamImplCreate(421)=>[LogLevel:I] WAJMNSStream/impl/create/p=0x7d3903d400 (mnsConn=0x7cbbf7d740)
06-28 21:02:44.015 E/msys    (18106): E[N WA]_WAJMNSStreamCreateMnsIpsFromIpAddressStrings(87)=>[LogLevel:I] no ip addresses provided, using DNS resolution
06-28 21:02:44.015 E/msys    (18106): E[N WA]WAJMNSStreamImplConnect(450)=>[LogLevel:I] WAJMNSStream/impl/connect/p=0x7d3903d400 (endpoint=g.whatsapp.net:5222)(ipAddressCount=0)
06-28 21:02:44.016 E/msys    (18106): E[N WA]_WAJMNSStreamImplUpdateStreamState(230)=>[LogLevel:I] WAJMNSStream/impl/state-changed/p=0x7d3903d400 (initial=>connecting)
06-28 21:02:44.018 E/msys    (18106): E[N WA]_WAJMNSStreamImplOnMNSFailure(287)=>[LogLevel:I] WAJMNSStream/impl/callback/onMNSFailure/p=0x7d3903d400 (error=connect(): Network is unreachable)
06-28 21:02:44.019 E/msys    (18106): E[N WA]_WAJMNSStreamImplCreateConnectionReport(194)=>[LogLevel:I] WAJMNSStream/impl/report port=5222, connectedIPVersion=0, resolvedIPAddressCount=1, dnsResolutionStartTimeMS=266424772, dnsResolutionEndTimeMS=266424773, dnsCacheHit=Yes, connectStartTimeMS=266424773, connectEndTimeMS=266424775, proxyConnectStartTimeMS=0, proxyConnectEndTimeMS=0
06-28 21:02:44.019 E/msys    (18106): E[N WA]_WAJMNSStreamImplUpdateStreamState(230)=>[LogLevel:I] WAJMNSStream/impl/state-changed/p=0x7d3903d400 (connecting=>disconnected)
06-28 21:02:44.029 E/LocationAccessPolicy( 2903): Allowing com.evenwell.pushagent fine because it doesn't target API 29 yet. Please fix this app. Called from getAllCellInfo
06-28 21:02:44.042 E/NotificationCenter( 6233): NotificationCenter.registerListenerInternal():378 Listener nph@e208f82 is already registered for notification class nov
06-28 21:02:44.046 E/msys    (18106): E[N WA]_WAJMNSStreamImplMNSTCPStreamCreate(361)=>[LogLevel:I] WAJMNSStream/impl/tcpStreamCreate/MNSStreamRaw/p=0x7d3903db00
06-28 21:02:44.046 E/msys    (18106): E[N WA]WAJMNSStreamImplCreate(421)=>[LogLevel:I] WAJMNSStream/impl/create/p=0x7d3903db00 (mnsConn=0x7cbbf9c8c0)
06-28 21:02:44.046 E/msys    (18106): E[N WA]_WAJMNSStreamCreateMnsIpsFromIpAddressStrings(87)=>[LogLevel:I] no ip addresses provided, using DNS resolution
06-28 21:02:44.046 E/msys    (18106): E[N WA]WAJMNSStreamImplConnect(450)=>[LogLevel:I] WAJMNSStream/impl/connect/p=0x7d3903db00 (endpoint=g.whatsapp.net:80)(ipAddressCount=0)
06-28 21:02:44.046 E/msys    (18106): E[N WA]_WAJMNSStreamImplUpdateStreamState(230)=>[LogLevel:I] WAJMNSStream/impl/state-changed/p=0x7d3903db00 (initial=>connecting)
06-28 21:02:44.050 E/msys    (18106): E[N WA]_WAJMNSStreamImplOnMNSFailure(287)=>[LogLevel:I] WAJMNSStream/impl/callback/onMNSFailure/p=0x7d3903db00 (error=connect(): Network is unreachable)
06-28 21:02:44.050 E/msys    (18106): E[N WA]_WAJMNSStreamImplCreateConnectionReport(194)=>[LogLevel:I] WAJMNSStream/impl/report port=80, connectedIPVersion=0, resolvedIPAddressCount=1, dnsResolutionStartTimeMS=266424803, dnsResolutionEndTimeMS=266424803, dnsCacheHit=Yes, connectStartTimeMS=266424803, connectEndTimeMS=266424807, proxyConnectStartTimeMS=0, proxyConnectEndTimeMS=0
06-28 21:02:44.050 E/msys    (18106): E[N WA]_WAJMNSStreamImplUpdateStreamState(230)=>[LogLevel:I] WAJMNSStream/impl/state-changed/p=0x7d3903db00 (connecting=>disconnected)
06-28 21:02:44.053 E/Diag_Lib( 1009):  Diag_LSM_Init: Failed to open handle to diag driver, error = 13
06-28 21:02:44.055 E/Diag_Lib( 1009):  Diag_LSM_Init: Failed to open handle to diag driver, error = 13
06-28 21:02:44.057 E/ResolverController(  708): No valid NAT64 prefix (578, <unspecified>/0)
06-28 21:02:44.057 E/ResolverController(  708): No valid NAT64 prefix (578, <unspecified>/0)
06-28 21:02:44.057 E/msys    (18106): E[N WA]_WAJMNSStreamImplMNSTCPStreamCreate(361)=>[LogLevel:I] WAJMNSStream/impl/tcpStreamCreate/MNSStreamRaw/p=0x7d3903db80
06-28 21:02:44.057 E/msys    (18106): E[N WA]WAJMNSStreamImplCreate(421)=>[LogLevel:I] WAJMNSStream/impl/create/p=0x7d3903db80 (mnsConn=0x7cbbf9f300)
06-28 21:02:44.057 E/msys    (18106): E[N WA]_WAJMNSStreamCreateMnsIpsFromIpAddressStrings(87)=>[LogLevel:I] no ip addresses provided, using DNS resolution
06-28 21:02:44.057 E/msys    (18106): E[N WA]WAJMNSStreamImplConnect(450)=>[LogLevel:I] WAJMNSStream/impl/connect/p=0x7d3903db80 (endpoint=g-fallback.whatsapp.net:443)(ipAddressCount=0)
06-28 21:02:44.057 E/msys    (18106): E[N mns]_OnResolverSuccess(335)=>Cache refresh succeeded with system DNS resolver. IP count: 1
06-28 21:02:44.058 E/msys    (18106): E[N WA]_WAJMNSStreamImplUpdateStreamState(230)=>[LogLevel:I] WAJMNSStream/impl/state-changed/p=0x7d3903db80 (initial=>connecting)
06-28 21:02:44.059 E/Diag_Lib( 1009):  Diag_LSM_Init: Failed to open handle to diag driver, error = 13
06-28 21:02:44.062 E/msys    (18106): E[N mns]_OnResolverSuccess(335)=>Cache refresh succeeded with system DNS resolver. IP count: 1
06-28 21:02:44.064 E/Diag_Lib( 1009):  Diag_LSM_Init: Failed to open handle to diag driver, error = 13
06-28 21:02:44.067 E/Diag_Lib( 1009):  Diag_LSM_Init: Failed to open handle to diag driver, error = 13
06-28 21:02:44.069 E/msys    (18106): E[N WA]_WAJMNSStreamImplOnMNSReady(259)=>[LogLevel:I] WAJMNSStream/impl/callback/onMNSReady/p=0x7d3903db80
06-28 21:02:44.069 E/msys    (18106): E[N WA]_WAJMNSStreamImplCreateConnectionReport(194)=>[LogLevel:I] WAJMNSStream/impl/report port=443, connectedIPVersion=4, resolvedIPAddressCount=2, dnsResolutionStartTimeMS=266424814, dnsResolutionEndTimeMS=266424814, dnsCacheHit=Yes, connectStartTimeMS=266424814, connectEndTimeMS=266424826, proxyConnectStartTimeMS=0, proxyConnectEndTimeMS=0
06-28 21:02:44.069 E/msys    (18106): E[N WA]_WAJMNSStreamImplUpdateStreamState(230)=>[LogLevel:I] WAJMNSStream/impl/state-changed/p=0x7d3903db80 (connecting=>connected)
06-28 21:02:44.071 E/Diag_Lib( 1009):  Diag_LSM_Init: Failed to open handle to diag driver, error = 13
06-28 21:02:44.078 E/Diag_Lib( 1009):  Diag_LSM_Init: Failed to open handle to diag driver, error = 13
06-28 21:02:44.082 E/ResolverController(  708): No valid NAT64 prefix (578, <unspecified>/0)
06-28 21:02:44.085 E/msys    (18106): E[N mns]_OnResolverSuccess(335)=>Cache refresh succeeded with system DNS resolver. IP count: 1
06-28 21:02:44.246 E/Nat464Xlat( 1588): getConfig: For config := persist.vendor.net.doxlat returned value := true
06-28 21:02:44.295 E/ResolverController(  708): No valid NAT64 prefix (578, <unspecified>/0)
06-28 21:02:44.330 E/BluetoothDevice(12855): BT not enabled. Cannot get remote device Uuids
06-28 21:02:44.331 E/BluetoothDevice(12855): BT not enabled. Cannot get remote device Uuids
06-28 21:02:44.372 E/Netd    (  708): Error adding route 2401:4900:1c8e:5331::/64 -> (null) wlan0 to table 1026: File exists
06-28 21:02:44.373 E/Netd    (  708): Error adding route ::/0 -> fe80::1 wlan0 to table 1026: File exists
06-28 21:02:44.373 E/Netd    (  708): Error adding route 2401:4900:1c8e:5331::/64 -> fe80::1 wlan0 to table 1026: File exists
06-28 21:02:44.378 E/Nat464Xlat( 1588): getConfig: For config := persist.vendor.net.doxlat returned value := true
06-28 21:02:45.098 E/BluetoothDevice(12855): BT not enabled. Cannot get remote device Uuids
06-28 21:02:45.098 E/BluetoothDevice(12855): BT not enabled. Cannot get remote device Uuids
06-28 21:02:46.026 E/ANDR-PERF-MPCTL(  771): poll() has timed out for /sys/module/msm_performance/events/cpu_hotplug
06-28 21:02:46.026 E/ANDR-PERF-MPCTL(  771): Block on poll()
06-28 21:02:47.381 E/BluetoothDevice(12855): BT not enabled. Cannot get remote device Uuids
06-28 21:02:47.381 E/BluetoothDevice(12855): BT not enabled. Cannot get remote device Uuids
06-28 21:02:48.741 E/SELinux (  575): avc:  denied  { find } for interface=vendor.qti.hardware.servicetracker::IServicetracker sid=u:r:system_server:s0 pid=1588 scontext=u:r:system_server:s0 tcontext=u:object_r:default_android_hwservice:s0 tclass=hwservice_manager permissive=0
06-28 21:02:48.745 E/SELinux (  575): avc:  denied  { find } for interface=vendor.qti.hardware.servicetracker::IServicetracker sid=u:r:system_server:s0 pid=1588 scontext=u:r:system_server:s0 tcontext=u:object_r:default_android_hwservice:s0 tclass=hwservice_manager permissive=0
06-28 21:02:48.756 E/SELinux (  575): avc:  denied  { find } for interface=vendor.qti.hardware.servicetracker::IServicetracker sid=u:r:system_server:s0 pid=1588 scontext=u:r:system_server:s0 tcontext=u:object_r:default_android_hwservice:s0 tclass=hwservice_manager permissive=0
06-28 21:02:48.759 E/SELinux (  575): avc:  denied  { find } for interface=vendor.qti.hardware.servicetracker::IServicetracker sid=u:r:system_server:s0 pid=1588 scontext=u:r:system_server:s0 tcontext=u:object_r:default_android_hwservice:s0 tclass=hwservice_manager permissive=0
06-28 21:02:48.764 E/SELinux (  575): avc:  denied  { find } for interface=vendor.qti.hardware.servicetracker::IServicetracker sid=u:r:system_server:s0 pid=1588 scontext=u:r:system_server:s0 tcontext=u:object_r:default_android_hwservice:s0 tclass=hwservice_manager permissive=0
06-28 21:02:48.767 E/SELinux (  575): avc:  denied  { find } for interface=vendor.qti.hardware.servicetracker::IServicetracker sid=u:r:system_server:s0 pid=1588 scontext=u:r:system_server:s0 tcontext=u:object_r:default_android_hwservice:s0 tclass=hwservice_manager permissive=0
06-28 21:02:48.774 E/SELinux (  575): avc:  denied  { find } for interface=vendor.qti.hardware.servicetracker::IServicetracker sid=u:r:system_server:s0 pid=1588 scontext=u:r:system_server:s0 tcontext=u:object_r:default_android_hwservice:s0 tclass=hwservice_manager permissive=0
06-28 21:02:48.824 E/ResolverController(  708): No valid NAT64 prefix (578, <unspecified>/0)
06-28 21:02:48.849 E/SELinux (  575): avc:  denied  { find } for interface=vendor.qti.hardware.servicetracker::IServicetracker sid=u:r:system_server:s0 pid=1588 scontext=u:r:system_server:s0 tcontext=u:object_r:default_android_hwservice:s0 tclass=hwservice_manager permissive=0
06-28 21:02:48.851 E/SELinux (  575): avc:  denied  { find } for interface=vendor.qti.hardware.servicetracker::IServicetracker sid=u:r:system_server:s0 pid=1588 scontext=u:r:system_server:s0 tcontext=u:object_r:default_android_hwservice:s0 tclass=hwservice_manager permissive=0
06-28 21:02:48.856 E/SELinux (  575): avc:  denied  { find } for interface=vendor.qti.hardware.servicetracker::IServicetracker sid=u:r:system_server:s0 pid=1588 scontext=u:r:system_server:s0 tcontext=u:object_r:default_android_hwservice:s0 tclass=hwservice_manager permissive=0
06-28 21:02:48.865 E/SELinux (  575): avc:  denied  { find } for interface=vendor.qti.hardware.servicetracker::IServicetracker sid=u:r:system_server:s0 pid=1588 scontext=u:r:system_server:s0 tcontext=u:object_r:default_android_hwservice:s0 tclass=hwservice_manager permissive=0
06-28 21:02:49.004 E/SELinux (  575): avc:  denied  { find } for interface=vendor.qti.hardware.servicetracker::IServicetracker sid=u:r:system_server:s0 pid=1588 scontext=u:r:system_server:s0 tcontext=u:object_r:default_android_hwservice:s0 tclass=hwservice_manager permissive=0
06-28 21:02:49.005 E/SELinux (  575): avc:  denied  { find } for interface=vendor.qti.hardware.servicetracker::IServicetracker sid=u:r:system_server:s0 pid=1588 scontext=u:r:system_server:s0 tcontext=u:object_r:default_android_hwservice:s0 tclass=hwservice_manager permissive=0
06-28 21:02:49.029 E/ANDR-PERF-MPCTL(  771): poll() has timed out for /sys/module/msm_performance/events/cpu_hotplug
06-28 21:02:49.029 E/ANDR-PERF-MPCTL(  771): Block on poll()
06-28 21:02:49.425 E/BluetoothDevice(12855): BT not enabled. Cannot get remote device Uuids
06-28 21:02:49.426 E/BluetoothDevice(12855): BT not enabled. Cannot get remote device Uuids
06-28 21:02:50.182 E/BluetoothDevice(12855): BT not enabled. Cannot get remote device Uuids
06-28 21:02:50.182 E/BluetoothDevice(12855): BT not enabled. Cannot get remote device Uuids
06-28 21:02:50.389 E/SELinux (  575): avc:  denied  { find } for interface=vendor.qti.hardware.servicetracker::IServicetracker sid=u:r:system_server:s0 pid=1588 scontext=u:r:system_server:s0 tcontext=u:object_r:default_android_hwservice:s0 tclass=hwservice_manager permissive=0
06-28 21:02:50.464 E/SELinux (  575): avc:  denied  { find } for interface=vendor.qti.hardware.servicetracker::IServicetracker sid=u:r:system_server:s0 pid=1588 scontext=u:r:system_server:s0 tcontext=u:object_r:default_android_hwservice:s0 tclass=hwservice_manager permissive=0
06-28 21:02:50.955 E/BluetoothDevice(12855): BT not enabled. Cannot get remote device Uuids
06-28 21:02:50.955 E/BluetoothDevice(12855): BT not enabled. Cannot get remote device Uuids
06-28 21:02:51.713 E/BluetoothDevice(12855): BT not enabled. Cannot get remote device Uuids
06-28 21:02:51.713 E/BluetoothDevice(12855): BT not enabled. Cannot get remote device Uuids
06-28 21:02:52.032 E/ANDR-PERF-MPCTL(  771): poll() has timed out for /sys/module/msm_performance/events/cpu_hotplug
06-28 21:02:52.032 E/ANDR-PERF-MPCTL(  771): Block on poll()
06-28 21:02:52.480 E/BluetoothDevice(12855): BT not enabled. Cannot get remote device Uuids
06-28 21:02:52.481 E/BluetoothDevice(12855): BT not enabled. Cannot get remote device Uuids
06-28 21:02:52.815 E/ResolverController(  708): No valid NAT64 prefix (578, <unspecified>/0)
06-28 21:02:53.234 E/BluetoothDevice(12855): BT not enabled. Cannot get remote device Uuids
06-28 21:02:53.234 E/BluetoothDevice(12855): BT not enabled. Cannot get remote device Uuids
06-28 21:02:53.758 E/SELinux (  575): avc:  denied  { find } for interface=vendor.qti.hardware.servicetracker::IServicetracker sid=u:r:system_server:s0 pid=1588 scontext=u:r:system_server:s0 tcontext=u:object_r:default_android_hwservice:s0 tclass=hwservice_manager permissive=0
06-28 21:02:55.033 E/ANDR-PERF-MPCTL(  771): poll() has timed out for /sys/module/msm_performance/events/cpu_hotplug
06-28 21:02:55.033 E/ANDR-PERF-MPCTL(  771): Block on poll()
06-28 21:02:55.269 E/BluetoothDevice(12855): BT not enabled. Cannot get remote device Uuids
06-28 21:02:55.269 E/BluetoothDevice(12855): BT not enabled. Cannot get remote device Uuids
06-28 21:02:55.318 E/SELinux (  575): avc:  denied  { find } for interface=vendor.qti.hardware.servicetracker::IServicetracker sid=u:r:system_server:s0 pid=1588 scontext=u:r:system_server:s0 tcontext=u:object_r:default_android_hwservice:s0 tclass=hwservice_manager permissive=0
06-28 21:02:57.560 E/BluetoothDevice(12855): BT not enabled. Cannot get remote device Uuids
06-28 21:02:57.561 E/BluetoothDevice(12855): BT not enabled. Cannot get remote device Uuids
